d:\vincedata\cache\anims\ferna_idle.anim
d:\vincedata\cache\anims\fernb_idle.anim
d:\vincedata\cache\anims\fernc_idle.anim
d:\vincedata\cache\anims\fernd_idle.anim
d:\vincedata\cache\anims\ferne_idle.anim
d:\vincedata\cache\anims\glowberrybusha_idle.anim
d:\vincedata\cache\anims\glowberrybushb_idle.anim
d:\vincedata\cache\anims\glowberrybushc_idle.anim
d:\vincedata\cache\anims\goldenjunebug_glowberry_path.anim
d:\vincedata\cache\anims\goldenjunebug_idle.anim
d:\vincedata\cache\anims\mysterybox_idle.anim
d:\vincedata\cache\anims\potionofknowledge_idle.anim
d:\vincedata\cache\anims\saplinga_idle.anim
d:\vincedata\cache\anims\saplingb_idle.anim
d:\vincedata\cache\anims\signallseeingeye_idle.anim
d:\vincedata\cache\anims\signdoublejump_idle.anim
d:\vincedata\cache\anims\signeyeview_idle.anim
d:\vincedata\cache\anims\signfanboat_idle.anim
d:\vincedata\cache\anims\signfloat_idle.anim
d:\vincedata\cache\anims\signheadslam_idle.anim
d:\vincedata\cache\anims\signjumpspin_idle.anim
d:\vincedata\cache\anims\signpunch_idle.anim
d:\vincedata\cache\anims\signshrimpsub_idle.anim
d:\vincedata\cache\anims\signspinkick_idle.anim
d:\vincedata\cache\anims\signswinghook_idle.anim
d:\vincedata\cache\anims\signtrolley_activate.anim
d:\vincedata\cache\anims\trolley_arrive.anim
d:\vincedata\cache\anims\trolley_boarding.anim
d:\vincedata\cache\anims\trolley_depart.anim
