d:\vincedata\cache\models\ferna_base.gator
d:\vincedata\cache\models\fernb_base.gator
d:\vincedata\cache\models\fernc_base.gator
d:\vincedata\cache\models\fernd_base.gator
d:\vincedata\cache\models\ferne_base.gator
d:\vincedata\cache\models\glowberrybusha_base.gator
d:\vincedata\cache\models\glowberrybushb_base.gator
d:\vincedata\cache\models\glowberrybushc_base.gator
d:\vincedata\cache\models\goldenjunebug_base.gator
d:\vincedata\cache\models\mysterybox_base.gator
d:\vincedata\cache\models\potionofknowledge_base.gator
d:\vincedata\cache\models\saplinga_base.gator
d:\vincedata\cache\models\saplingb_base.gator
d:\vincedata\cache\models\signallseeingeye_base.gator
d:\vincedata\cache\models\signdoublejump_base.gator
d:\vincedata\cache\models\signeyeview_base.gator
d:\vincedata\cache\models\signfanboat_base.gator
d:\vincedata\cache\models\signfloat_base.gator
d:\vincedata\cache\models\signheadslam_base.gator
d:\vincedata\cache\models\signjumpspin_base.gator
d:\vincedata\cache\models\signpunch_base.gator
d:\vincedata\cache\models\signshrimpsub_base.gator
d:\vincedata\cache\models\signspinkick_base.gator
d:\vincedata\cache\models\signswinghook_base.gator
d:\vincedata\cache\models\signtrolley_base.gator
d:\vincedata\cache\models\swinghooktarget_base.gator
d:\vincedata\cache\models\trolley_base.gator
