d:\vincedata\cache\anims\centerbridge_idle.anim
d:\vincedata\cache\anims\elevatorpropellorroom_idle.anim
d:\vincedata\cache\anims\platformsaa_idle.anim
d:\vincedata\cache\anims\platformsab_idle.anim
d:\vincedata\cache\anims\platformsac_idle.anim
d:\vincedata\cache\anims\platformsad_idle.anim
d:\vincedata\cache\anims\platformsba_idle.anim
d:\vincedata\cache\anims\platformsbb_idle.anim
d:\vincedata\cache\anims\platformsbc_idle.anim
d:\vincedata\cache\anims\platformsca_idle.anim
d:\vincedata\cache\anims\platformscb_idle.anim
d:\vincedata\cache\anims\platformsda_idle.anim
d:\vincedata\cache\anims\propeller_fall.anim
d:\vincedata\cache\anims\propeller_idle.anim
d:\vincedata\cache\anims\signallseeingeye_idle.anim
d:\vincedata\cache\anims\signdoublejump_idle.anim
d:\vincedata\cache\anims\signeyeview_idle.anim
d:\vincedata\cache\anims\signfanboat_idle.anim
d:\vincedata\cache\anims\signfloat_idle.anim
d:\vincedata\cache\anims\signheadslam_idle.anim
d:\vincedata\cache\anims\signjumpspin_idle.anim
d:\vincedata\cache\anims\signpunch_idle.anim
d:\vincedata\cache\anims\signshrimpsub_idle.anim
d:\vincedata\cache\anims\signspinkick_idle.anim
d:\vincedata\cache\anims\signswinghook_idle.anim
d:\vincedata\cache\levels\propellerroom\anims\levelflythroughcam_propellerroom.campath
