d:\vincedata\cache\levels\propellerroom\models\water.gator
d:\vincedata\cache\models\centerbridge_base.gator
d:\vincedata\cache\models\elevatorpropellorroom_base.gator
d:\vincedata\cache\models\platformsaa_base.gator
d:\vincedata\cache\models\platformsab_base.gator
d:\vincedata\cache\models\platformsac_base.gator
d:\vincedata\cache\models\platformsad_base.gator
d:\vincedata\cache\models\platformsba_base.gator
d:\vincedata\cache\models\platformsbb_base.gator
d:\vincedata\cache\models\platformsbc_base.gator
d:\vincedata\cache\models\platformsca_base.gator
d:\vincedata\cache\models\platformscb_base.gator
d:\vincedata\cache\models\platformsda_base.gator
d:\vincedata\cache\models\propeller_base.gator
d:\vincedata\cache\models\propellerforethel_base.gator
d:\vincedata\cache\models\signallseeingeye_base.gator
d:\vincedata\cache\models\signdoublejump_base.gator
d:\vincedata\cache\models\signeyeview_base.gator
d:\vincedata\cache\models\signfanboat_base.gator
d:\vincedata\cache\models\signfloat_base.gator
d:\vincedata\cache\models\signheadslam_base.gator
d:\vincedata\cache\models\signjumpspin_base.gator
d:\vincedata\cache\models\signpunch_base.gator
d:\vincedata\cache\models\signshrimpsub_base.gator
d:\vincedata\cache\models\signspinkick_base.gator
d:\vincedata\cache\models\signswinghook_base.gator
