d:\vincedata\cache\anims\apple_idle.anim
d:\vincedata\cache\anims\awningburlesquea_idle.anim
d:\vincedata\cache\anims\awningburlesqueb_idle.anim
d:\vincedata\cache\anims\awningburlesquec_idle.anim
d:\vincedata\cache\anims\clockbell_ringing.anim
d:\vincedata\cache\anims\clockdoor_open.anim
d:\vincedata\cache\anims\clockfigureday_rotate_whack.anim
d:\vincedata\cache\anims\clockfigurenight_rotate_whack.anim
d:\vincedata\cache\anims\costumeballsign_idle.anim
d:\vincedata\cache\anims\doorburlesqueclub_close.anim
d:\vincedata\cache\anims\doorburlesqueclub_open.anim
d:\vincedata\cache\anims\doorcostumeball_close.anim
d:\vincedata\cache\anims\doorcostumeball_open.anim
d:\vincedata\cache\anims\doorjazzclub_close.anim
d:\vincedata\cache\anims\doorjazzclub_open.anim
d:\vincedata\cache\anims\doormovietheater_close.anim
d:\vincedata\cache\anims\doormovietheater_open.anim
d:\vincedata\cache\anims\doorpawnshop_close.anim
d:\vincedata\cache\anims\doorpawnshop_open.anim
d:\vincedata\cache\anims\goldenjunebug_idle.anim
d:\vincedata\cache\anims\goldenjunebug_thesquare_path.anim
d:\vincedata\cache\anims\horn_idle.anim
d:\vincedata\cache\anims\jazzclubsign_idle.anim
d:\vincedata\cache\anims\lampcathedralporch_idle.anim
d:\vincedata\cache\anims\masquerademask_idle.anim
d:\vincedata\cache\anims\masquerademask_spin.anim
d:\vincedata\cache\anims\money_idle.anim
d:\vincedata\cache\anims\museumgate_close.anim
d:\vincedata\cache\anims\museumgate_open.anim
d:\vincedata\cache\anims\mysterybox_idle.anim
d:\vincedata\cache\anims\popcorn_carry2_walkstop.anim
d:\vincedata\cache\anims\popcorn_drinksoda.anim
d:\vincedata\cache\anims\roach_attackbomb001.anim
d:\vincedata\cache\anims\roach_attackbomb002.anim
d:\vincedata\cache\anims\roach_cuthorizontal_death001.anim
d:\vincedata\cache\anims\roach_cuthorizontal_death002.anim
d:\vincedata\cache\anims\roach_cuthorizontal_death003.anim
d:\vincedata\cache\anims\roach_cutvertical_death001.anim
d:\vincedata\cache\anims\roach_cutvertical_death002.anim
d:\vincedata\cache\anims\roach_damagedeathpunch001.anim
d:\vincedata\cache\anims\roach_damagedeathpunch002.anim
d:\vincedata\cache\anims\roach_damagedeathpunch003.anim
d:\vincedata\cache\anims\roach_damageflatten.anim
d:\vincedata\cache\anims\roach_damageflatten001.anim
d:\vincedata\cache\anims\roach_damageflatten002.anim
d:\vincedata\cache\anims\roach_damageflipkick001.anim
d:\vincedata\cache\anims\roach_damageflipkick002.anim
d:\vincedata\cache\anims\roach_damageflipkick003.anim
d:\vincedata\cache\anims\roach_damagefrozen001.anim
d:\vincedata\cache\anims\roach_damagefrozenrecover001.anim
d:\vincedata\cache\anims\roach_damageheadslam001.anim
d:\vincedata\cache\anims\roach_damageinjured001.anim
d:\vincedata\cache\anims\roach_damagejackhammer001.anim
d:\vincedata\cache\anims\roach_damagejackhammer002.anim
d:\vincedata\cache\anims\roach_damagepoked001.anim
d:\vincedata\cache\anims\roach_damagepoked002.anim
d:\vincedata\cache\anims\roach_damagetwister.anim
d:\vincedata\cache\anims\roach_damagetwister001.anim
d:\vincedata\cache\anims\roach_damagetwister002.anim
d:\vincedata\cache\anims\roach_disintegrate_death001.anim
d:\vincedata\cache\anims\roach_flypath001.anim
d:\vincedata\cache\anims\roach_flypath002.anim
d:\vincedata\cache\anims\roach_flypath003.anim
d:\vincedata\cache\anims\roach_predamage001.anim
d:\vincedata\cache\anims\roach_predamage002.anim
d:\vincedata\cache\anims\roach_victory.anim
d:\vincedata\cache\anims\roachbomb_idle.anim
d:\vincedata\cache\anims\skeletonjazzguy_badplaying01.anim
d:\vincedata\cache\anims\skeletonjazzguy_badplaying02.anim
d:\vincedata\cache\anims\skeletonjazzguy_badplaying03.anim
d:\vincedata\cache\anims\skeletonjazzguy_badplaying04.anim
d:\vincedata\cache\anims\skeletonjazzguy_entrydialogue001.anim
d:\vincedata\cache\anims\skeletonjazzguy_entrydialogue002.anim
d:\vincedata\cache\anims\skeletonjazzguy_entrydialogue003.anim
d:\vincedata\cache\anims\skeletonjazzguy_entrydialogue004.anim
d:\vincedata\cache\anims\skeletonjazzguy_gethorn.anim
d:\vincedata\cache\anims\skeletonjazzguy_idle.anim
d:\vincedata\cache\anims\skeletonjazzguy_idle2.anim
d:\vincedata\cache\anims\skeletonjazzguy_playhorn.anim
d:\vincedata\cache\anims\skeletonjazzguycollapse_idle.anim
d:\vincedata\cache\anims\squareshop01awning_idle.anim
d:\vincedata\cache\anims\statuehorse_alive.anim
d:\vincedata\cache\anims\statuehorse_kick.anim
d:\vincedata\cache\anims\vince_burlesque_exit.anim
d:\vincedata\cache\anims\vince_dialog_burlesque.anim
d:\vincedata\cache\anims\vince_dialog_costumeball.anim
d:\vincedata\cache\anims\vince_dialog_jazzclub.anim
d:\vincedata\cache\anims\vince_dialog_kickedout01.anim
d:\vincedata\cache\anims\vince_dialog_kickedout02.anim
d:\vincedata\cache\anims\vince_dialog_kickedout03.anim
d:\vincedata\cache\anims\vince_dialog_kickedout04.anim
d:\vincedata\cache\anims\vince_dialog_kickedout_costumeball.anim
d:\vincedata\cache\anims\vince_dialog_pawnshop.anim
d:\vincedata\cache\anims\vince_dialog_theater.anim
d:\vincedata\cache\anims\vince_drinksoda.anim
d:\vincedata\cache\anims\vince_gatekeeper_talk01.anim
d:\vincedata\cache\anims\vince_gatekeeper_talk02.anim
d:\vincedata\cache\anims\vince_gatekeeper_talk03.anim
d:\vincedata\cache\anims\vince_kickedbyhorsestatue.anim
d:\vincedata\cache\anims\vince_kickedout01.anim
d:\vincedata\cache\anims\vince_playhorn.anim
d:\vincedata\cache\anims\vince_playhorn_end.anim
d:\vincedata\cache\levels\thesquare\anims\camera_01_gkj.campath
d:\vincedata\cache\levels\thesquare\anims\camera_01_noopen.campath
d:\vincedata\cache\levels\thesquare\anims\camera_02_gkj.campath
d:\vincedata\cache\levels\thesquare\anims\camera_02_noopen.campath
d:\vincedata\cache\levels\thesquare\anims\camera_03_gkj.campath
d:\vincedata\cache\levels\thesquare\anims\camera_03_noopen.campath
d:\vincedata\cache\levels\thesquare\anims\camera_04_noopen.campath
d:\vincedata\cache\levels\thesquare\anims\cutaway_vincekickedbyhorse.campath
d:\vincedata\cache\levels\thesquare\anims\levelflythroughcam_thesquare.campath
