d:\vincedata\cache\levels\thesquare\models\water.gator
d:\vincedata\cache\models\apple_base.gator
d:\vincedata\cache\models\awningburlesquea_base.gator
d:\vincedata\cache\models\awningburlesqueb_base.gator
d:\vincedata\cache\models\awningburlesquec_base.gator
d:\vincedata\cache\models\beret_base.gator
d:\vincedata\cache\models\clockbell_base.gator
d:\vincedata\cache\models\clockdoor_base.gator
d:\vincedata\cache\models\clockfigureday_base.gator
d:\vincedata\cache\models\clockfigurenight_base.gator
d:\vincedata\cache\models\clockhandbig_base.gator
d:\vincedata\cache\models\clockhandlittle_base.gator
d:\vincedata\cache\models\clockplatform_base.gator
d:\vincedata\cache\models\costumeballsign_base.gator
d:\vincedata\cache\models\doorburlesqueclub_base.gator
d:\vincedata\cache\models\doorcostumeball_base.gator
d:\vincedata\cache\models\doorjazzclub_base.gator
d:\vincedata\cache\models\doormovietheater_base.gator
d:\vincedata\cache\models\doorpawnshop_base.gator
d:\vincedata\cache\models\goldenjunebug_base.gator
d:\vincedata\cache\models\horn_base.gator
d:\vincedata\cache\models\jazzclubsign_base.gator
d:\vincedata\cache\models\lampcathedralporch_base.gator
d:\vincedata\cache\models\masquerademask_base.gator
d:\vincedata\cache\models\money_base.gator
d:\vincedata\cache\models\museumgate_base.gator
d:\vincedata\cache\models\mysterybox_base.gator
d:\vincedata\cache\models\popcorn_base.gator
d:\vincedata\cache\models\roach_base.gator
d:\vincedata\cache\models\roach_cuthorizontal_base.gator
d:\vincedata\cache\models\roach_cutvertical_base.gator
d:\vincedata\cache\models\roach_disintegrate_base.gator
d:\vincedata\cache\models\roachbomb_base.gator
d:\vincedata\cache\models\skeletonjazzguy_base.gator
d:\vincedata\cache\models\skeletonjazzguycollapse_base.gator
d:\vincedata\cache\models\sky_thesquare_base.gator
d:\vincedata\cache\models\squareshop01awning_base.gator
d:\vincedata\cache\models\statuehorse_base.gator
