d:\vincedata\cache\sounds\ambwin01.wav
d:\vincedata\cache\sounds\bones_q_s_03.wav
d:\vincedata\cache\sounds\bones_q_s_04.wav
d:\vincedata\cache\sounds\bones_q_s_05.wav
d:\vincedata\cache\sounds\bones_q_s_06.wav
d:\vincedata\cache\sounds\bones_q_s_07.wav
d:\vincedata\cache\sounds\bones_q_s_08.wav
d:\vincedata\cache\sounds\charmaine_q_sq_01.wav
d:\vincedata\cache\sounds\qamb_water_01.wav
d:\vincedata\cache\sounds\qsq_amb01.wav
d:\vincedata\cache\sounds\qsq_burlesq.wav
d:\vincedata\cache\sounds\qsq_clkfig.wav
d:\vincedata\cache\sounds\qsq_clockbell.wav
d:\vincedata\cache\sounds\qsq_coo.wav
d:\vincedata\cache\sounds\qsq_costume.wav
d:\vincedata\cache\sounds\qsq_figbell.wav
d:\vincedata\cache\sounds\qsq_figvince.wav
d:\vincedata\cache\sounds\qsq_flap.wav
d:\vincedata\cache\sounds\qsq_horsekicks.wav
d:\vincedata\cache\sounds\qsq_horsewakes.wav
d:\vincedata\cache\sounds\qsq_movie.wav
d:\vincedata\cache\sounds\qsq_pawn.wav
d:\vincedata\cache\sounds\qsq_vboot01.wav
d:\vincedata\cache\sounds\qsq_vboot02.wav
d:\vincedata\cache\sounds\vince_q_s_01.wav
d:\vincedata\cache\sounds\vince_q_s_02.wav
d:\vincedata\cache\sounds\vince_q_s_03.wav
d:\vincedata\cache\sounds\vince_q_s_04.wav
d:\vincedata\cache\sounds\vince_q_s_05.wav
d:\vincedata\cache\sounds\vince_q_s_06.wav
d:\vincedata\cache\sounds\vince_q_s_07.wav
d:\vincedata\cache\sounds\vince_q_s_08.wav
d:\vincedata\cache\sounds\vince_q_s_12.wav
d:\vincedata\cache\sounds\vince_q_s_13.wav
d:\vincedata\cache\sounds\vince_q_s_14.wav
d:\vincedata\cache\sounds\vince_q_s_15.wav
d:\vincedata\cache\sounds\vince_q_s_16.wav
d:\vincedata\cache\sounds\vince_q_s_17.wav
d:\vincedata\cache\sounds\vince_q_s_18.wav
d:\vincedata\cache\sounds\vince_q_s_19.wav
d:\vincedata\cache\sounds\vince_q_s_20.wav
d:\vincedata\cache\sounds\vince_q_s_21.wav
d:\vincedata\cache\sounds\vince_q_s_22.wav
d:\vincedata\cache\sounds\vince_q_s_23.wav
d:\vincedata\cache\sounds\vince_q_s_24.wav
d:\vincedata\cache\sounds\vinceplayshornbadly.wav
