d:\vincedata\cache\anims\airplane_aroundkosmobot.anim
d:\vincedata\cache\anims\airplane_damage.anim
d:\vincedata\cache\anims\airplane_death.anim
d:\vincedata\cache\anims\airplane_elevators.anim
d:\vincedata\cache\anims\airplane_idle.anim
d:\vincedata\cache\anims\airplane_outoftent.anim
d:\vincedata\cache\anims\airplane_rudder.anim
d:\vincedata\cache\anims\airplane_turnbacktotent.anim
d:\vincedata\cache\anims\airplane_wingailerons.anim
d:\vincedata\cache\anims\curio_kjd_01_charmainestandsup.anim
d:\vincedata\cache\anims\curio_kjd_02_yesnexttime.anim
d:\vincedata\cache\anims\curio_kjd_03_thatsmadamcharmaine.anim
d:\vincedata\cache\anims\curio_kjd_04_idle.anim
d:\vincedata\cache\anims\curio_kjd_05_deflectball.anim
d:\vincedata\cache\anims\curio_kjd_06_stopthatsilly.anim
d:\vincedata\cache\anims\curio_kjd_07_itstrueihave.anim
d:\vincedata\cache\anims\curio_kjd_09_ialwaysknew.anim
d:\vincedata\cache\anims\curio_kjd_10_nowthiswill.anim
d:\vincedata\cache\anims\curio_kjd_11_nowletsgo.anim
d:\vincedata\cache\anims\curio_kjd_12_walkingaway.anim
d:\vincedata\cache\anims\curio_kosmojd_deflectbal_ipl.anim
d:\vincedata\cache\anims\curioblows_dustmote.anim
d:\vincedata\cache\anims\curioblows_kjd_08_surethingboss.anim
d:\vincedata\cache\anims\cymbalmonkey_crash.anim
d:\vincedata\cache\anims\discwall_idle.anim
d:\vincedata\cache\anims\dollslicer_slice.anim
d:\vincedata\cache\anims\dustmotecharmain_blow.anim
d:\vincedata\cache\anims\dustmotecharmain_boom.anim
d:\vincedata\cache\anims\dustmotecharmain_create.anim
d:\vincedata\cache\anims\dustmotecharmain_flying.anim
d:\vincedata\cache\anims\dustmotekosmo_deflect.anim
d:\vincedata\cache\anims\dustmotekosmo_fire.anim
d:\vincedata\cache\anims\finalbridge_open.anim
d:\vincedata\cache\anims\fingers_kjd_01_thisisntover.anim
d:\vincedata\cache\anims\fingers_kjd_02_istillhaveone.anim
d:\vincedata\cache\anims\fingers_kjd_03_shesbluffing.anim
d:\vincedata\cache\anims\fingers_kjd_04_ulp.anim
d:\vincedata\cache\anims\fingersballoon_kjd_01_inflate.anim
d:\vincedata\cache\anims\fingersballoon_kjd_02_dialog.anim
d:\vincedata\cache\anims\fingersballoon_kjd_03_pop.anim
d:\vincedata\cache\anims\floatingplat_idle.anim
d:\vincedata\cache\anims\floatingsingleplat_idle.anim
d:\vincedata\cache\anims\hammers_idle.anim
d:\vincedata\cache\anims\hammers_pound.anim
d:\vincedata\cache\anims\jeb_kjd_01_thisisntover.anim
d:\vincedata\cache\anims\jeb_kjd_02_istillhaveone.anim
d:\vincedata\cache\anims\jeb_kjd_03_shesbluffing.anim
d:\vincedata\cache\anims\jeb_kjd_04_ulp.anim
d:\vincedata\cache\anims\jebballoon_kjd_01_inflate.anim
d:\vincedata\cache\anims\jebballoon_kjd_02_dialog.anim
d:\vincedata\cache\anims\jebballoon_kjd_03_pop.anim
d:\vincedata\cache\anims\kosmo_kjd_01_thisisntover.anim
d:\vincedata\cache\anims\kosmo_kjd_02_istillhaveone.anim
d:\vincedata\cache\anims\kosmo_kjd_03_shesbluffing.anim
d:\vincedata\cache\anims\kosmo_kjd_04_ulp.anim
d:\vincedata\cache\anims\kosmoballoon_kjd_01_inflate.anim
d:\vincedata\cache\anims\kosmoballoon_kjd_02_dialog.anim
d:\vincedata\cache\anims\kosmoballoon_kjd_03_pop.anim
d:\vincedata\cache\anims\kosmobothead_headdie002.anim
d:\vincedata\cache\anims\mainbrain_damage.anim
d:\vincedata\cache\anims\mainbrain_die.anim
d:\vincedata\cache\anims\swingingbus_idle.anim
d:\vincedata\cache\anims\swingingfridge_idle.anim
d:\vincedata\cache\anims\swingingouthouse_idle.anim
d:\vincedata\cache\anims\swingingpicklejar_idle.anim
d:\vincedata\cache\anims\swingingtire_idle.anim
d:\vincedata\cache\anims\swingingwatch_idle.anim
d:\vincedata\cache\anims\vince_attack_pin_03.anim
d:\vincedata\cache\anims\vince_kjd_00_vincelooksaround.anim
d:\vincedata\cache\anims\vince_kjd_01_charmainestandsup.anim
d:\vincedata\cache\anims\vince_kjd_02_bossnice.anim
d:\vincedata\cache\anims\vince_kjd_03_nexttime.anim
d:\vincedata\cache\anims\vince_kjd_04_thatsmadamcharmaine.anim
d:\vincedata\cache\anims\vince_kjd_05_idle.anim
d:\vincedata\cache\anims\vince_kjd_06_stopthatsilly.anim
d:\vincedata\cache\anims\vince_kjd_07_itstrueihave.anim
d:\vincedata\cache\anims\vince_kjd_08_surethingboss.anim
d:\vincedata\cache\anims\vince_kjd_09_ialwaysknew.anim
d:\vincedata\cache\anims\vince_kjd_10_nowthiswill.anim
d:\vincedata\cache\anims\vince_kjd_11_nowletsgo.anim
d:\vincedata\cache\anims\vince_kjd_12_walkingaway.anim
d:\vincedata\cache\anims\vinceairplane_victory.anim
d:\vincedata\cache\anims\weavingbridge_idle.anim
d:\vincedata\cache\levels\insidekosmobot\anims\brainlights_001.lightpath
d:\vincedata\cache\levels\insidekosmobot\anims\brainlights_002.lightpath
d:\vincedata\cache\levels\insidekosmobot\anims\brainlights_003.lightpath
d:\vincedata\cache\levels\insidekosmobot\anims\camera_ik_01.campath
d:\vincedata\cache\levels\insidekosmobot\anims\camera_ik_02.campath
d:\vincedata\cache\levels\insidekosmobot\anims\camera_kjd_01.campath
d:\vincedata\cache\levels\insidekosmobot\anims\camera_kjd_010.campath
d:\vincedata\cache\levels\insidekosmobot\anims\camera_kjd_011.campath
d:\vincedata\cache\levels\insidekosmobot\anims\camera_kjd_012.campath
d:\vincedata\cache\levels\insidekosmobot\anims\camera_kjd_013.campath
d:\vincedata\cache\levels\insidekosmobot\anims\camera_kjd_014.campath
d:\vincedata\cache\levels\insidekosmobot\anims\camera_kjd_015.campath
d:\vincedata\cache\levels\insidekosmobot\anims\camera_kjd_016.campath
d:\vincedata\cache\levels\insidekosmobot\anims\camera_kjd_017.campath
d:\vincedata\cache\levels\insidekosmobot\anims\camera_kjd_018.campath
d:\vincedata\cache\levels\insidekosmobot\anims\camera_kjd_019.campath
d:\vincedata\cache\levels\insidekosmobot\anims\camera_kjd_02.campath
d:\vincedata\cache\levels\insidekosmobot\anims\camera_kjd_020.campath
d:\vincedata\cache\levels\insidekosmobot\anims\camera_kjd_021.campath
d:\vincedata\cache\levels\insidekosmobot\anims\camera_kjd_022.campath
d:\vincedata\cache\levels\insidekosmobot\anims\camera_kjd_023.campath
d:\vincedata\cache\levels\insidekosmobot\anims\camera_kjd_03.campath
d:\vincedata\cache\levels\insidekosmobot\anims\camera_kjd_04.campath
d:\vincedata\cache\levels\insidekosmobot\anims\camera_kjd_05.campath
d:\vincedata\cache\levels\insidekosmobot\anims\camera_kjd_06.campath
d:\vincedata\cache\levels\insidekosmobot\anims\camera_kjd_07.campath
d:\vincedata\cache\levels\insidekosmobot\anims\camera_kjd_08.campath
d:\vincedata\cache\levels\insidekosmobot\anims\camera_kjd_09.campath
d:\vincedata\cache\levels\insidekosmobot\anims\camera_v_01.campath
d:\vincedata\cache\levels\insidekosmobot\anims\camera_v_02.campath
d:\vincedata\cache\levels\insidekosmobot\anims\camera_v_03.campath
d:\vincedata\cache\levels\insidekosmobot\anims\camera_v_04.campath
d:\vincedata\cache\levels\insidekosmobot\anims\levelflythroughcam_insidekosmobot.campath
