d:\vincedata\cache\models\airplane_base.gator
d:\vincedata\cache\models\braincage_base.gator
d:\vincedata\cache\models\circuscannon_base.gator
d:\vincedata\cache\models\curio_base.gator
d:\vincedata\cache\models\curioblows_base.gator
d:\vincedata\cache\models\cymbalmonkey_base.gator
d:\vincedata\cache\models\discwall_base.gator
d:\vincedata\cache\models\dollslicer_base.gator
d:\vincedata\cache\models\dustmotecharmain_base.gator
d:\vincedata\cache\models\dustmotekosmo_base.gator
d:\vincedata\cache\models\finalbridge_base.gator
d:\vincedata\cache\models\fingersballoon_base.gator
d:\vincedata\cache\models\floatingplat_base.gator
d:\vincedata\cache\models\floatingsingleplat_base.gator
d:\vincedata\cache\models\hammers_base.gator
d:\vincedata\cache\models\jebballoon_base.gator
d:\vincedata\cache\models\kosmo_base.gator
d:\vincedata\cache\models\kosmoballoon_base.gator
d:\vincedata\cache\models\kosmobothead_base.gator
d:\vincedata\cache\models\mainbrain_base.gator
d:\vincedata\cache\models\swingingbus_base.gator
d:\vincedata\cache\models\swingingfridge_base.gator
d:\vincedata\cache\models\swingingouthouse_base.gator
d:\vincedata\cache\models\swingingpicklejar_base.gator
d:\vincedata\cache\models\swingingtire_base.gator
d:\vincedata\cache\models\swingingwatch_base.gator
d:\vincedata\cache\models\tricklift_base.gator
d:\vincedata\cache\models\weavingbridge_base.gator
