d:\vincedata\cache\anims\battledoors_close.anim
d:\vincedata\cache\anims\blindeye.texanim
d:\vincedata\cache\anims\brackishcrab_ambient001.anim
d:\vincedata\cache\anims\brackishcrab_ambient002.anim
d:\vincedata\cache\anims\brackishcrab_attackbackhandclub.anim
d:\vincedata\cache\anims\brackishcrab_attackforwardslash.anim
d:\vincedata\cache\anims\brackishcrab_blockend.anim
d:\vincedata\cache\anims\brackishcrab_blockhold.anim
d:\vincedata\cache\anims\brackishcrab_blockstart.anim
d:\vincedata\cache\anims\brackishcrab_cuthorizontal_death001.anim
d:\vincedata\cache\anims\brackishcrab_cutvertical_death001.anim
d:\vincedata\cache\anims\brackishcrab_damagedeathpunch001.anim
d:\vincedata\cache\anims\brackishcrab_damagedeathpunch002.anim
d:\vincedata\cache\anims\brackishcrab_damageflatten001.anim
d:\vincedata\cache\anims\brackishcrab_damageflipkick001.anim
d:\vincedata\cache\anims\brackishcrab_damageheadslam001.anim
d:\vincedata\cache\anims\brackishcrab_damagejackhammer001.anim
d:\vincedata\cache\anims\brackishcrab_damagepoked001.anim
d:\vincedata\cache\anims\brackishcrab_damagetwister001.anim
d:\vincedata\cache\anims\brackishcrab_disintegrate_death001.anim
d:\vincedata\cache\anims\brackishcrab_idle001.anim
d:\vincedata\cache\anims\brackishcrab_predamage001.anim
d:\vincedata\cache\anims\brackishcrab_rock.anim
d:\vincedata\cache\anims\brackishcrab_sit.anim
d:\vincedata\cache\anims\brackishcrab_stand.anim
d:\vincedata\cache\anims\brackishcrab_victory001.anim
d:\vincedata\cache\anims\brackishcrab_victory002.anim
d:\vincedata\cache\anims\brackishcrab_walk.anim
d:\vincedata\cache\anims\evilvince_celebrate.anim
d:\vincedata\cache\anims\evilvince_damage01.anim
d:\vincedata\cache\anims\evilvince_damage02.anim
d:\vincedata\cache\anims\evilvince_damage03.anim
d:\vincedata\cache\anims\evilvince_damageheadslam01.anim
d:\vincedata\cache\anims\evilvince_damageknockback01.anim
d:\vincedata\cache\anims\evilvince_damageknockback02.anim
d:\vincedata\cache\anims\evilvince_death05.anim
d:\vincedata\cache\anims\evilvince_idle01.anim
d:\vincedata\cache\anims\evilvince_idle02.anim
d:\vincedata\cache\anims\evilvince_idle03.anim
d:\vincedata\cache\anims\evilvince_idle04.anim
d:\vincedata\cache\anims\evilvince_idle05.anim
d:\vincedata\cache\anims\evilvince_idle06.anim
d:\vincedata\cache\anims\evilvince_idle07.anim
d:\vincedata\cache\anims\evilvince_idle08.anim
d:\vincedata\cache\anims\evilvince_pinattack01.anim
d:\vincedata\cache\anims\evilvince_prepinattack01.anim
d:\vincedata\cache\anims\evilvince_taunt.anim
d:\vincedata\cache\anims\evilvince_whammy.anim
d:\vincedata\cache\anims\evilvincemirror_open.anim
d:\vincedata\cache\anims\evilvincemirrorbroken_open.anim
d:\vincedata\cache\anims\eyetwirl.texanim
d:\vincedata\cache\anims\firebug_ambientwavegun001.anim
d:\vincedata\cache\anims\firebug_appearkosmoegg001.anim
d:\vincedata\cache\anims\firebug_attackdown.anim
d:\vincedata\cache\anims\firebug_attackleft.anim
d:\vincedata\cache\anims\firebug_attackrapiddown.anim
d:\vincedata\cache\anims\firebug_attackrapidleft.anim
d:\vincedata\cache\anims\firebug_attackrapidright.anim
d:\vincedata\cache\anims\firebug_attackrapidstraight.anim
d:\vincedata\cache\anims\firebug_attackright.anim
d:\vincedata\cache\anims\firebug_attackstraight.anim
d:\vincedata\cache\anims\firebug_attackwindup.anim
d:\vincedata\cache\anims\firebug_cuthorizontal_death001.anim
d:\vincedata\cache\anims\firebug_cuthorizontal_death002.anim
d:\vincedata\cache\anims\firebug_cutvertical_death001.anim
d:\vincedata\cache\anims\firebug_damagedeathpunch001.anim
d:\vincedata\cache\anims\firebug_damagedeathpunch002.anim
d:\vincedata\cache\anims\firebug_damagedeathpunch003.anim
d:\vincedata\cache\anims\firebug_damageflatten001.anim
d:\vincedata\cache\anims\firebug_damageflatten002.anim
d:\vincedata\cache\anims\firebug_damageflipkick001.anim
d:\vincedata\cache\anims\firebug_damageflipkick002.anim
d:\vincedata\cache\anims\firebug_damageflipkick003.anim
d:\vincedata\cache\anims\firebug_damagefrozen001.anim
d:\vincedata\cache\anims\firebug_damagefrozenrecover001.anim
d:\vincedata\cache\anims\firebug_damageheadslam001.anim
d:\vincedata\cache\anims\firebug_damageinjured001.anim
d:\vincedata\cache\anims\firebug_damagejackhammer001.anim
d:\vincedata\cache\anims\firebug_damagejackhammer002.anim
d:\vincedata\cache\anims\firebug_damagepoked001.anim
d:\vincedata\cache\anims\firebug_damagepoked002.anim
d:\vincedata\cache\anims\firebug_damagetwister001.anim
d:\vincedata\cache\anims\firebug_damagetwister002.anim
d:\vincedata\cache\anims\firebug_damagetwister003.anim
d:\vincedata\cache\anims\firebug_disintegrate_death001.anim
d:\vincedata\cache\anims\firebug_fly.anim
d:\vincedata\cache\anims\firebug_hover.anim
d:\vincedata\cache\anims\firebug_predamage.anim
d:\vincedata\cache\anims\floorchunka_idle.anim
d:\vincedata\cache\anims\floorchunkb_idle.anim
d:\vincedata\cache\anims\generator_active.anim
d:\vincedata\cache\anims\imp_ambientdance001.anim
d:\vincedata\cache\anims\imp_ambientgrowl001.anim
d:\vincedata\cache\anims\imp_appearkosmoegg001.anim
d:\vincedata\cache\anims\imp_attackslash001.anim
d:\vincedata\cache\anims\imp_blockend001.anim
d:\vincedata\cache\anims\imp_blockhold001.anim
d:\vincedata\cache\anims\imp_blockstart001.anim
d:\vincedata\cache\anims\imp_cuthorizontal_death001.anim
d:\vincedata\cache\anims\imp_cuthorizontal_death002.anim
d:\vincedata\cache\anims\imp_cutvertical_death001.anim
d:\vincedata\cache\anims\imp_cutvertical_death002.anim
d:\vincedata\cache\anims\imp_damage01.anim
d:\vincedata\cache\anims\imp_damagedeathpunch001.anim
d:\vincedata\cache\anims\imp_damagedeathpunch002.anim
d:\vincedata\cache\anims\imp_damagedeathpunch003.anim
d:\vincedata\cache\anims\imp_damageflatten001.anim
d:\vincedata\cache\anims\imp_damageflatten002.anim
d:\vincedata\cache\anims\imp_damageflipkick001.anim
d:\vincedata\cache\anims\imp_damageflipkick002.anim
d:\vincedata\cache\anims\imp_damageflipkick003.anim
d:\vincedata\cache\anims\imp_damagefrozen001.anim
d:\vincedata\cache\anims\imp_damagefrozenrecover001.anim
d:\vincedata\cache\anims\imp_damageheadslam001.anim
d:\vincedata\cache\anims\imp_damageinjured001.anim
d:\vincedata\cache\anims\imp_damagejackhammer001.anim
d:\vincedata\cache\anims\imp_damagejackhammer002.anim
d:\vincedata\cache\anims\imp_damagepoked001.anim
d:\vincedata\cache\anims\imp_damagepoked002.anim
d:\vincedata\cache\anims\imp_damagetwister001.anim
d:\vincedata\cache\anims\imp_damagetwister002.anim
d:\vincedata\cache\anims\imp_disintegrate_death001.anim
d:\vincedata\cache\anims\imp_headbutt.anim
d:\vincedata\cache\anims\imp_hop001.anim
d:\vincedata\cache\anims\imp_hop002.anim
d:\vincedata\cache\anims\imp_idle.anim
d:\vincedata\cache\anims\imp_predamage001.anim
d:\vincedata\cache\anims\impeye.texanim
d:\vincedata\cache\anims\pitfrog_ambientcroak001.anim
d:\vincedata\cache\anims\pitfrog_ambientlaugh001.anim
d:\vincedata\cache\anims\pitfrog_attackleft001.anim
d:\vincedata\cache\anims\pitfrog_attackleft002.anim
d:\vincedata\cache\anims\pitfrog_attackright001.anim
d:\vincedata\cache\anims\pitfrog_attackright002.anim
d:\vincedata\cache\anims\pitfrog_attackspin001.anim
d:\vincedata\cache\anims\pitfrog_attackstraight001.anim
d:\vincedata\cache\anims\pitfrog_attackstraight002.anim
d:\vincedata\cache\anims\pitfrog_attackup001.anim
d:\vincedata\cache\anims\pitfrog_attackup002.anim
d:\vincedata\cache\anims\pitfrog_cuthorizontal_death001.anim
d:\vincedata\cache\anims\pitfrog_cuthorizontal_death002.anim
d:\vincedata\cache\anims\pitfrog_cutvertical_death001.anim
d:\vincedata\cache\anims\pitfrog_cutvertical_death002.anim
d:\vincedata\cache\anims\pitfrog_damagedeathpunch001.anim
d:\vincedata\cache\anims\pitfrog_damagedeathpunch002.anim
d:\vincedata\cache\anims\pitfrog_damagedeathpunch003.anim
d:\vincedata\cache\anims\pitfrog_damagedinjuredidle.anim
d:\vincedata\cache\anims\pitfrog_damageflatten001.anim
d:\vincedata\cache\anims\pitfrog_damageflatten002.anim
d:\vincedata\cache\anims\pitfrog_damageflipkick001.anim
d:\vincedata\cache\anims\pitfrog_damageflipkick002.anim
d:\vincedata\cache\anims\pitfrog_damageflipkick003.anim
d:\vincedata\cache\anims\pitfrog_damagefrozen001.anim
d:\vincedata\cache\anims\pitfrog_damagefrozenrecover001.anim
d:\vincedata\cache\anims\pitfrog_damageheadslam001.anim
d:\vincedata\cache\anims\pitfrog_damagejackhammer001.anim
d:\vincedata\cache\anims\pitfrog_damagejackhammer002.anim
d:\vincedata\cache\anims\pitfrog_damagepoked001.anim
d:\vincedata\cache\anims\pitfrog_damagepoked002.anim
d:\vincedata\cache\anims\pitfrog_damagetwister001.anim
d:\vincedata\cache\anims\pitfrog_damagetwister002.anim
d:\vincedata\cache\anims\pitfrog_disintegrate_death001.anim
d:\vincedata\cache\anims\pitfrog_hoverland001.anim
d:\vincedata\cache\anims\pitfrog_hoverland002.anim
d:\vincedata\cache\anims\pitfrog_hoverland003.anim
d:\vincedata\cache\anims\pitfrog_idle01.anim
d:\vincedata\cache\anims\pitfrog_idle02.anim
d:\vincedata\cache\anims\pitfrog_preattack001.anim
d:\vincedata\cache\anims\pitfrog_preattackspin001.anim
d:\vincedata\cache\anims\pitfrog_predamage001.anim
d:\vincedata\cache\anims\pitfrog_run01.anim
d:\vincedata\cache\anims\pitfrog_run02.anim
d:\vincedata\cache\anims\pitfrog_walk001.anim
d:\vincedata\cache\anims\radioactiveeye.texanim
d:\vincedata\cache\anims\switchcarnival_down.anim
d:\vincedata\cache\levels\houseomirrors\anims\camera_evilvince_appear.campath
d:\vincedata\cache\levels\houseomirrors\anims\levelflythroughcam_houseomirrors.campath
