d:\vincedata\cache\sounds\chm_doorsclose.wav
d:\vincedata\cache\sounds\chm_evinappear.wav
d:\vincedata\cache\sounds\chm_evindamage.wav
d:\vincedata\cache\sounds\chm_evindeath.wav
d:\vincedata\cache\sounds\chm_evindisapp.wav
d:\vincedata\cache\sounds\chm_evinidle01.wav
d:\vincedata\cache\sounds\chm_evinidle02.wav
d:\vincedata\cache\sounds\chm_evinscream.wav
d:\vincedata\cache\sounds\chm_evinshock.wav
d:\vincedata\cache\sounds\chm_genact.wav
d:\vincedata\cache\sounds\chm_genrun.wav
d:\vincedata\cache\sounds\chm_many.wav
d:\vincedata\cache\sounds\chm_mirroropen.wav
d:\vincedata\cache\sounds\chm_platshift.wav
d:\vincedata\cache\sounds\chm_single.wav
d:\vincedata\cache\sounds\cjm_amb02.wav
d:\vincedata\cache\sounds\cjm_amb03.wav
d:\vincedata\cache\sounds\crabamb01.wav
d:\vincedata\cache\sounds\crabattclub.wav
d:\vincedata\cache\sounds\crabattslash.wav
d:\vincedata\cache\sounds\crabblockend.wav
d:\vincedata\cache\sounds\crabblockst.wav
d:\vincedata\cache\sounds\crabcuth.wav
d:\vincedata\cache\sounds\crabcutv.wav
d:\vincedata\cache\sounds\crabdamflat.wav
d:\vincedata\cache\sounds\crabdamflip.wav
d:\vincedata\cache\sounds\crabdamheadslam.wav
d:\vincedata\cache\sounds\crabdampok.wav
d:\vincedata\cache\sounds\crabdamtwi.wav
d:\vincedata\cache\sounds\crabdeathpun02.wav
d:\vincedata\cache\sounds\crabdeathpunch.wav
d:\vincedata\cache\sounds\crabidle.wav
d:\vincedata\cache\sounds\crabjackh.wav
d:\vincedata\cache\sounds\crabpredam.wav
d:\vincedata\cache\sounds\crabsit.wav
d:\vincedata\cache\sounds\crabstand.wav
d:\vincedata\cache\sounds\crabvictory01.wav
d:\vincedata\cache\sounds\crabvictory02.wav
d:\vincedata\cache\sounds\crabwalk.wav
d:\vincedata\cache\sounds\imp_appr.wav
d:\vincedata\cache\sounds\imp_block.wav
d:\vincedata\cache\sounds\imp_cuth.wav
d:\vincedata\cache\sounds\imp_cutv.wav
d:\vincedata\cache\sounds\imp_disdth.wav
d:\vincedata\cache\sounds\imp_flatdam.wav
d:\vincedata\cache\sounds\imp_growl01.wav
d:\vincedata\cache\sounds\imp_growl02.wav
d:\vincedata\cache\sounds\imp_headbutt.wav
d:\vincedata\cache\sounds\imp_hop.wav
d:\vincedata\cache\sounds\imp_hop01.wav
d:\vincedata\cache\sounds\imp_hop02.wav
d:\vincedata\cache\sounds\imp_jackh.wav
d:\vincedata\cache\sounds\imp_kickdam.wav
d:\vincedata\cache\sounds\imp_twist.wav
d:\vincedata\cache\sounds\impattackslash.wav
d:\vincedata\cache\sounds\impdamage.wav
d:\vincedata\cache\sounds\impdance.wav
d:\vincedata\cache\sounds\impdeath.wav
d:\vincedata\cache\sounds\impidle.wav
d:\vincedata\cache\sounds\vince_cd_hom_01.wav
d:\vincedata\cache\sounds\vince_cd_hom_02.wav
d:\vincedata\cache\sounds\vince_cd_hom_03.wav
d:\vincedata\cache\sounds\vince_cd_hom_04.wav
