d:\vincedata\cache\anims\firebug_ambientwavegun001.anim
d:\vincedata\cache\anims\firebug_appearkosmoegg001.anim
d:\vincedata\cache\anims\firebug_attackdown.anim
d:\vincedata\cache\anims\firebug_attackleft.anim
d:\vincedata\cache\anims\firebug_attackrapiddown.anim
d:\vincedata\cache\anims\firebug_attackrapidleft.anim
d:\vincedata\cache\anims\firebug_attackrapidright.anim
d:\vincedata\cache\anims\firebug_attackrapidstraight.anim
d:\vincedata\cache\anims\firebug_attackright.anim
d:\vincedata\cache\anims\firebug_attackstraight.anim
d:\vincedata\cache\anims\firebug_attackwindup.anim
d:\vincedata\cache\anims\firebug_cuthorizontal_death001.anim
d:\vincedata\cache\anims\firebug_cuthorizontal_death002.anim
d:\vincedata\cache\anims\firebug_cutvertical_death001.anim
d:\vincedata\cache\anims\firebug_damagedeathpunch001.anim
d:\vincedata\cache\anims\firebug_damagedeathpunch002.anim
d:\vincedata\cache\anims\firebug_damagedeathpunch003.anim
d:\vincedata\cache\anims\firebug_damageflatten001.anim
d:\vincedata\cache\anims\firebug_damageflatten002.anim
d:\vincedata\cache\anims\firebug_damageflipkick001.anim
d:\vincedata\cache\anims\firebug_damageflipkick002.anim
d:\vincedata\cache\anims\firebug_damageflipkick003.anim
d:\vincedata\cache\anims\firebug_damagefrozen001.anim
d:\vincedata\cache\anims\firebug_damagefrozenrecover001.anim
d:\vincedata\cache\anims\firebug_damageheadslam001.anim
d:\vincedata\cache\anims\firebug_damageinjured001.anim
d:\vincedata\cache\anims\firebug_damagejackhammer001.anim
d:\vincedata\cache\anims\firebug_damagejackhammer002.anim
d:\vincedata\cache\anims\firebug_damagepoked001.anim
d:\vincedata\cache\anims\firebug_damagepoked002.anim
d:\vincedata\cache\anims\firebug_damagetwister001.anim
d:\vincedata\cache\anims\firebug_damagetwister002.anim
d:\vincedata\cache\anims\firebug_damagetwister003.anim
d:\vincedata\cache\anims\firebug_disintegrate_death001.anim
d:\vincedata\cache\anims\firebug_fly.anim
d:\vincedata\cache\anims\firebug_hover.anim
d:\vincedata\cache\anims\firebug_predamage.anim
d:\vincedata\cache\anims\onion_damage.anim
d:\vincedata\cache\anims\onion_idle.anim
d:\vincedata\cache\anims\onion_run.anim
d:\vincedata\cache\anims\onion_sneaking.anim
d:\vincedata\cache\anims\traponion_down.anim
d:\vincedata\cache\anims\traponion_idle.anim
d:\vincedata\cache\anims\traponion_up.anim
