d:\vincedata\cache\anims\bar0_hit.anim
d:\vincedata\cache\anims\bar0_open.anim
d:\vincedata\cache\anims\bar1_hit.anim
d:\vincedata\cache\anims\bar1_open.anim
d:\vincedata\cache\anims\bar2_hit.anim
d:\vincedata\cache\anims\bar2_open.anim
d:\vincedata\cache\anims\bar3_hit.anim
d:\vincedata\cache\anims\bar3_open.anim
d:\vincedata\cache\anims\bar4_hit.anim
d:\vincedata\cache\anims\bar4_open.anim
d:\vincedata\cache\anims\bar5_hit.anim
d:\vincedata\cache\anims\bar5_open.anim
d:\vincedata\cache\anims\gateharp_open.anim
d:\vincedata\cache\anims\horn_gatekeeperjam04.anim
d:\vincedata\cache\anims\horn_idle.anim
d:\vincedata\cache\anims\legbone_gatekeeperjam06.anim
d:\vincedata\cache\anims\legbone_throwbone.anim
d:\vincedata\cache\anims\molegate_open.anim
d:\vincedata\cache\anims\moletomb_a_rise.anim
d:\vincedata\cache\anims\moletomb_b_rise.anim
d:\vincedata\cache\anims\moletomb_c_rise.anim
d:\vincedata\cache\anims\moletomb_d_rise.anim
d:\vincedata\cache\anims\moletomb_e_rise.anim
d:\vincedata\cache\anims\moletomb_f_rise.anim
d:\vincedata\cache\anims\moletomb_g_rise.anim
d:\vincedata\cache\anims\skeletonjazzguy_collapse.anim
d:\vincedata\cache\anims\skeletonjazzguy_gkjam001.anim
d:\vincedata\cache\anims\skeletonjazzguy_gkjam002.anim
d:\vincedata\cache\anims\skeletonjazzguy_gkjam003.anim
d:\vincedata\cache\anims\skeletonjazzguy_gkjamidle.anim
d:\vincedata\cache\anims\skeletonjazzguy_idle.anim
d:\vincedata\cache\anims\skeletonjazzguy_idle2.anim
d:\vincedata\cache\anims\skeletonjazzguycollapse_gkjamdialogue004.anim
d:\vincedata\cache\anims\skeletonjazzguycollapse_gkjamdialogue005.anim
d:\vincedata\cache\anims\skeletonjazzguycollapse_gkjamdialogue006.anim
d:\vincedata\cache\anims\skeletonjazzguycollapse_gkjamdialogue007.anim
d:\vincedata\cache\anims\skeletonjazzguycollapse_idle.anim
d:\vincedata\cache\anims\vince_gatekeeperjam00.anim
d:\vincedata\cache\anims\vince_gatekeeperjam01.anim
d:\vincedata\cache\anims\vince_gatekeeperjam02.anim
d:\vincedata\cache\anims\vince_gatekeeperjam03.anim
d:\vincedata\cache\anims\vince_gatekeeperjam04.anim
d:\vincedata\cache\anims\vince_gatekeeperjam05.anim
d:\vincedata\cache\anims\vince_gatekeeperjam06.anim
d:\vincedata\cache\anims\vince_gatekeeperjamidle.anim
d:\vincedata\cache\anims\vince_throwbone.anim
d:\vincedata\cache\anims\vincepinhit_hit.anim
d:\vincedata\cache\levels\gatekeeperjam\anims\camera_01.campath
d:\vincedata\cache\levels\gatekeeperjam\anims\camera_02.campath
d:\vincedata\cache\levels\gatekeeperjam\anims\camera_03.campath
d:\vincedata\cache\levels\gatekeeperjam\anims\camera_04.campath
d:\vincedata\cache\levels\gatekeeperjam\anims\camera_05.campath
d:\vincedata\cache\levels\gatekeeperjam\anims\camera_06.campath
d:\vincedata\cache\levels\gatekeeperjam\anims\camera_07.campath
d:\vincedata\cache\levels\gatekeeperjam\anims\camera_08.campath
d:\vincedata\cache\levels\gatekeeperjam\anims\camera_09.campath
d:\vincedata\cache\levels\gatekeeperjam\anims\camera_10.campath
d:\vincedata\cache\levels\gatekeeperjam\anims\camera_tgo01.campath
d:\vincedata\cache\levels\gatekeeperjam\anims\camera_tgo02.campath
d:\vincedata\cache\levels\gatekeeperjam\anims\levelflythroughcam_gatekeeperjam.campath
d:\vincedata\cache\levels\gatekeeperjam\anims\light_004.lightpath
d:\vincedata\cache\levels\gatekeeperjam\anims\light_005.lightpath
d:\vincedata\cache\levels\gatekeeperjam\anims\light_006.lightpath
d:\vincedata\cache\levels\gatekeeperjam\anims\light_007.lightpath
d:\vincedata\cache\levels\gatekeeperjam\anims\light_008.lightpath
d:\vincedata\cache\levels\gatekeeperjam\anims\light_009.lightpath
d:\vincedata\cache\levels\gatekeeperjam\anims\light_010.lightpath
d:\vincedata\cache\levels\gatekeeperjam\anims\light_011.lightpath
d:\vincedata\cache\levels\gatekeeperjam\anims\light_012.lightpath
d:\vincedata\cache\levels\gatekeeperjam\anims\light_033.lightpath
d:\vincedata\cache\levels\gatekeeperjam\anims\light_122.lightpath
