d:\vincedata\cache\levels\gatekeeperjam\textures\lightmap1.dds
d:\vincedata\cache\levels\gatekeeperjam\textures\lightmap10.dds
d:\vincedata\cache\levels\gatekeeperjam\textures\lightmap11.dds
d:\vincedata\cache\levels\gatekeeperjam\textures\lightmap12.dds
d:\vincedata\cache\levels\gatekeeperjam\textures\lightmap13.dds
d:\vincedata\cache\levels\gatekeeperjam\textures\lightmap14.dds
d:\vincedata\cache\levels\gatekeeperjam\textures\lightmap15.dds
d:\vincedata\cache\levels\gatekeeperjam\textures\lightmap16.dds
d:\vincedata\cache\levels\gatekeeperjam\textures\lightmap17.dds
d:\vincedata\cache\levels\gatekeeperjam\textures\lightmap18.dds
d:\vincedata\cache\levels\gatekeeperjam\textures\lightmap19.dds
d:\vincedata\cache\levels\gatekeeperjam\textures\lightmap2.dds
d:\vincedata\cache\levels\gatekeeperjam\textures\lightmap20.dds
d:\vincedata\cache\levels\gatekeeperjam\textures\lightmap21.dds
d:\vincedata\cache\levels\gatekeeperjam\textures\lightmap22.dds
d:\vincedata\cache\levels\gatekeeperjam\textures\lightmap23.dds
d:\vincedata\cache\levels\gatekeeperjam\textures\lightmap24.dds
d:\vincedata\cache\levels\gatekeeperjam\textures\lightmap25.dds
d:\vincedata\cache\levels\gatekeeperjam\textures\lightmap26.dds
d:\vincedata\cache\levels\gatekeeperjam\textures\lightmap27.dds
d:\vincedata\cache\levels\gatekeeperjam\textures\lightmap28.dds
d:\vincedata\cache\levels\gatekeeperjam\textures\lightmap29.dds
d:\vincedata\cache\levels\gatekeeperjam\textures\lightmap3.dds
d:\vincedata\cache\levels\gatekeeperjam\textures\lightmap30.dds
d:\vincedata\cache\levels\gatekeeperjam\textures\lightmap31.dds
d:\vincedata\cache\levels\gatekeeperjam\textures\lightmap32.dds
d:\vincedata\cache\levels\gatekeeperjam\textures\lightmap33.dds
d:\vincedata\cache\levels\gatekeeperjam\textures\lightmap34.dds
d:\vincedata\cache\levels\gatekeeperjam\textures\lightmap35.dds
d:\vincedata\cache\levels\gatekeeperjam\textures\lightmap36.dds
d:\vincedata\cache\levels\gatekeeperjam\textures\lightmap37.dds
d:\vincedata\cache\levels\gatekeeperjam\textures\lightmap38.dds
d:\vincedata\cache\levels\gatekeeperjam\textures\lightmap39.dds
d:\vincedata\cache\levels\gatekeeperjam\textures\lightmap4.dds
d:\vincedata\cache\levels\gatekeeperjam\textures\lightmap40.dds
d:\vincedata\cache\levels\gatekeeperjam\textures\lightmap41.dds
d:\vincedata\cache\levels\gatekeeperjam\textures\lightmap5.dds
d:\vincedata\cache\levels\gatekeeperjam\textures\lightmap6.dds
d:\vincedata\cache\levels\gatekeeperjam\textures\lightmap7.dds
d:\vincedata\cache\levels\gatekeeperjam\textures\lightmap8.dds
d:\vincedata\cache\levels\gatekeeperjam\textures\lightmap9.dds
d:\vincedata\cache\textures\00_cloud.dds
d:\vincedata\cache\textures\00_hollowball.dds
d:\vincedata\cache\textures\00_largesoftdot.dds
d:\vincedata\cache\textures\00_largesparkle.dds
d:\vincedata\cache\textures\00_lightening01.dds
d:\vincedata\cache\textures\00_lightening02.dds
d:\vincedata\cache\textures\00_lightening03.dds
d:\vincedata\cache\textures\00_lightening04.dds
d:\vincedata\cache\textures\00_lightening05.dds
d:\vincedata\cache\textures\00_lightening06.dds
d:\vincedata\cache\textures\00_lightening07.dds
d:\vincedata\cache\textures\00_lightening08.dds
d:\vincedata\cache\textures\00_lightening09.dds
d:\vincedata\cache\textures\00_lightening10.dds
d:\vincedata\cache\textures\00_lightening11.dds
d:\vincedata\cache\textures\00_lightening12.dds
d:\vincedata\cache\textures\00_lightening13.dds
d:\vincedata\cache\textures\00_lightening14.dds
d:\vincedata\cache\textures\00_smallsparkle.dds
d:\vincedata\cache\textures\00_swirldots.dds
d:\vincedata\cache\textures\aa_spark_a.dds
d:\vincedata\cache\textures\aa_spark_b.dds
d:\vincedata\cache\textures\aa_spark_c.dds
d:\vincedata\cache\textures\aa_spark_d.dds
d:\vincedata\cache\textures\aa_spark_e.dds
d:\vincedata\cache\textures\aa_spark_f.dds
d:\vincedata\cache\textures\aa_spark_g.dds
d:\vincedata\cache\textures\activator.dds
d:\vincedata\cache\textures\activatorbad.dds
d:\vincedata\cache\textures\activatoron.dds
d:\vincedata\cache\textures\arearing.dds
d:\vincedata\cache\textures\arearing003.dds
d:\vincedata\cache\textures\arearing005.dds
d:\vincedata\cache\textures\arearing006.dds
d:\vincedata\cache\textures\arearing007.dds
d:\vincedata\cache\textures\arearing008.dds
d:\vincedata\cache\textures\arearing009.dds
d:\vincedata\cache\textures\arearing010.dds
d:\vincedata\cache\textures\arrowbottom.dds
d:\vincedata\cache\textures\arrowleft.dds
d:\vincedata\cache\textures\arrowright.dds
d:\vincedata\cache\textures\arrowtop.dds
d:\vincedata\cache\textures\aunk01.dds
d:\vincedata\cache\textures\aunk02.dds
d:\vincedata\cache\textures\aunk03.dds
d:\vincedata\cache\textures\aunk04.dds
d:\vincedata\cache\textures\aura001.dds
d:\vincedata\cache\textures\aura002.dds
d:\vincedata\cache\textures\ball_001.dds
d:\vincedata\cache\textures\ball_002.dds
d:\vincedata\cache\textures\bead.dds
d:\vincedata\cache\textures\blindeye.001.dds
d:\vincedata\cache\textures\blindeye.002.dds
d:\vincedata\cache\textures\blindeye.003.dds
d:\vincedata\cache\textures\blindeye.004.dds
d:\vincedata\cache\textures\blindeye.005.dds
d:\vincedata\cache\textures\blindeye.006.dds
d:\vincedata\cache\textures\blindeye.007.dds
d:\vincedata\cache\textures\blindeye.008.dds
d:\vincedata\cache\textures\blindeye.009.dds
d:\vincedata\cache\textures\blindeye.010.dds
d:\vincedata\cache\textures\blob002.dds
d:\vincedata\cache\textures\boostring01.dds
d:\vincedata\cache\textures\brainsparka.dds
d:\vincedata\cache\textures\brainsparkb.dds
d:\vincedata\cache\textures\brainsparkc.dds
d:\vincedata\cache\textures\brainsparkd.dds
d:\vincedata\cache\textures\brainsparke.dds
d:\vincedata\cache\textures\bspark01.dds
d:\vincedata\cache\textures\bspark02.dds
d:\vincedata\cache\textures\bspark03.dds
d:\vincedata\cache\textures\bspark04.dds
d:\vincedata\cache\textures\bspark05.dds
d:\vincedata\cache\textures\bubbagatorshadow.dds
d:\vincedata\cache\textures\bubble.dds
d:\vincedata\cache\textures\bubble2.dds
d:\vincedata\cache\textures\bubble3.dds
d:\vincedata\cache\textures\burlesqueheart.dds
d:\vincedata\cache\textures\burntroommisc600.dds
d:\vincedata\cache\textures\charmpage.dds
d:\vincedata\cache\textures\cloud001.dds
d:\vincedata\cache\textures\cloud002.dds
d:\vincedata\cache\textures\cloud003.dds
d:\vincedata\cache\textures\cloud004.dds
d:\vincedata\cache\textures\cloud005.dds
d:\vincedata\cache\textures\cloudplane_cryptcity_a.dds
d:\vincedata\cache\textures\cloudplane_cryptcity_b.dds
d:\vincedata\cache\textures\controlslayout.dds
d:\vincedata\cache\textures\crypt100_as_a.dds
d:\vincedata\cache\textures\crypt301_as_a.dds
d:\vincedata\cache\textures\crypt302_tb_a.dds
d:\vincedata\cache\textures\crypt303_as_a.dds
d:\vincedata\cache\textures\crypt306_as_b.dds
d:\vincedata\cache\textures\crypt308_as_a.dds
d:\vincedata\cache\textures\crypt308_as_b.dds
d:\vincedata\cache\textures\crypt309_as_a.dds
d:\vincedata\cache\textures\crypt311_as_a.dds
d:\vincedata\cache\textures\crypt319_as_a.dds
d:\vincedata\cache\textures\crypt321_as_a.dds
d:\vincedata\cache\textures\crypt321_as_b.dds
d:\vincedata\cache\textures\crypt321_ss_a.dds
d:\vincedata\cache\textures\crypt322_as_a.dds
d:\vincedata\cache\textures\crypt329_metal_as.dds
d:\vincedata\cache\textures\crypt331_as_a.dds
d:\vincedata\cache\textures\crypt331_ss_a.dds
d:\vincedata\cache\textures\crypt405_as_a.dds
d:\vincedata\cache\textures\crypt408_as_b.dds
d:\vincedata\cache\textures\crypt420_as_a.dds
d:\vincedata\cache\textures\crypt506_as_a.dds
d:\vincedata\cache\textures\crypt507_ss_a.dds
d:\vincedata\cache\textures\crypt601_as.dds
d:\vincedata\cache\textures\crypt605_as.dds
d:\vincedata\cache\textures\crypt605_as_b.dds
d:\vincedata\cache\textures\crypt607_as.dds
d:\vincedata\cache\textures\crypt608_as.dds
d:\vincedata\cache\textures\crypt612_as.dds
d:\vincedata\cache\textures\crypt616_as.dds
d:\vincedata\cache\textures\crypt616_as_b.dds
d:\vincedata\cache\textures\crypt617_as.dds
d:\vincedata\cache\textures\crypt619_as.dds
d:\vincedata\cache\textures\crypt619_as_b.dds
d:\vincedata\cache\textures\crypt621_as.dds
d:\vincedata\cache\textures\crypt622_as.dds
d:\vincedata\cache\textures\crypt626_as.dds
d:\vincedata\cache\textures\crypt626_ss_a.dds
d:\vincedata\cache\textures\crypt628_as.dds
d:\vincedata\cache\textures\crypt628_ss.dds
d:\vincedata\cache\textures\crypt630_ss_a.dds
d:\vincedata\cache\textures\cryptdetails100_001.dds
d:\vincedata\cache\textures\cryptdetails300_001.dds
d:\vincedata\cache\textures\cryptdetails300_003.dds
d:\vincedata\cache\textures\cryptdetails500_001.dds
d:\vincedata\cache\textures\cryptdetails500_002.dds
d:\vincedata\cache\textures\cryptdetails500_003.dds
d:\vincedata\cache\textures\cryptdetails600_001.dds
d:\vincedata\cache\textures\cryptdetails600_002.dds
d:\vincedata\cache\textures\cryptdetails600_003.dds
d:\vincedata\cache\textures\cryptdetails600_004.dds
d:\vincedata\cache\textures\cryptdetails600_005.dds
d:\vincedata\cache\textures\cryptdetails600_006.dds
d:\vincedata\cache\textures\cryptdetails600_007.dds
d:\vincedata\cache\textures\cryptdetails600_008.dds
d:\vincedata\cache\textures\cryptdetails600_009.dds
d:\vincedata\cache\textures\cryptdetails600_012.dds
d:\vincedata\cache\textures\cryptdirt601_as.dds
d:\vincedata\cache\textures\cryptdirtbottom300_as_.dds
d:\vincedata\cache\textures\cryptfence300_001.dds
d:\vincedata\cache\textures\cryptgrass600_ss.dds
d:\vincedata\cache\textures\cryptgrass601_as_a.dds
d:\vincedata\cache\textures\cryptgrass601_ss_a.dds
d:\vincedata\cache\textures\cryptgrass601_ss_b.dds
d:\vincedata\cache\textures\cryptgrass601_tb_a.dds
d:\vincedata\cache\textures\cryptground203_as_a.dds
d:\vincedata\cache\textures\crypttrim100_001.dds
d:\vincedata\cache\textures\crypttrim300_004.dds
d:\vincedata\cache\textures\crypttrim400.dds
d:\vincedata\cache\textures\crypttrim401.dds
d:\vincedata\cache\textures\crypttrim403.dds
d:\vincedata\cache\textures\crypttrim500_001.dds
d:\vincedata\cache\textures\crypttrim600_001.dds
d:\vincedata\cache\textures\crypttrim600_004.dds
d:\vincedata\cache\textures\dirtcrack_01a.dds
d:\vincedata\cache\textures\disintegrate.000.dds
d:\vincedata\cache\textures\disintegrate.001.dds
d:\vincedata\cache\textures\disintegrate.002.dds
d:\vincedata\cache\textures\disintegrate.003.dds
d:\vincedata\cache\textures\disintegrate.004.dds
d:\vincedata\cache\textures\disintegrate.005.dds
d:\vincedata\cache\textures\disintegrate.006.dds
d:\vincedata\cache\textures\disintegrate.007.dds
d:\vincedata\cache\textures\disintegrate.008.dds
d:\vincedata\cache\textures\disintegrate.009.dds
d:\vincedata\cache\textures\disintegrate.010.dds
d:\vincedata\cache\textures\disintegrate.011.dds
d:\vincedata\cache\textures\disintegrate.012.dds
d:\vincedata\cache\textures\disintegrate.013.dds
d:\vincedata\cache\textures\disintegrate.014.dds
d:\vincedata\cache\textures\disintegrate.015.dds
d:\vincedata\cache\textures\disintegrate.016.dds
d:\vincedata\cache\textures\disintegrate.017.dds
d:\vincedata\cache\textures\disintegrate.018.dds
d:\vincedata\cache\textures\disintegrate.019.dds
d:\vincedata\cache\textures\disintegrate.020.dds
d:\vincedata\cache\textures\disintegrate.021.dds
d:\vincedata\cache\textures\disintegrate.022.dds
d:\vincedata\cache\textures\disintegrate.023.dds
d:\vincedata\cache\textures\disintegrate.024.dds
d:\vincedata\cache\textures\disintegrate.025.dds
d:\vincedata\cache\textures\disintegrate.026.dds
d:\vincedata\cache\textures\disintegrate.027.dds
d:\vincedata\cache\textures\disintegrate.028.dds
d:\vincedata\cache\textures\disintegrate.029.dds
d:\vincedata\cache\textures\disintegrate.030.dds
d:\vincedata\cache\textures\disintegrate.031.dds
d:\vincedata\cache\textures\disintegrate.032.dds
d:\vincedata\cache\textures\disintegrate.033.dds
d:\vincedata\cache\textures\disintegrate.034.dds
d:\vincedata\cache\textures\disintegrate.035.dds
d:\vincedata\cache\textures\disintegrate.036.dds
d:\vincedata\cache\textures\disintegrate.037.dds
d:\vincedata\cache\textures\disintegrate.038.dds
d:\vincedata\cache\textures\disintegrate.039.dds
d:\vincedata\cache\textures\disintegrate.040.dds
d:\vincedata\cache\textures\disintegrate.041.dds
d:\vincedata\cache\textures\disintegrate.042.dds
d:\vincedata\cache\textures\disintegrate.043.dds
d:\vincedata\cache\textures\disintegrate.044.dds
d:\vincedata\cache\textures\disintegrate.045.dds
d:\vincedata\cache\textures\disintegrate.046.dds
d:\vincedata\cache\textures\disintegrate.047.dds
d:\vincedata\cache\textures\disintegrate.048.dds
d:\vincedata\cache\textures\disintegrate.049.dds
d:\vincedata\cache\textures\disintegrate.050.dds
d:\vincedata\cache\textures\disintegrate.051.dds
d:\vincedata\cache\textures\disintegrate.052.dds
d:\vincedata\cache\textures\disintegrate.053.dds
d:\vincedata\cache\textures\disintegrate.054.dds
d:\vincedata\cache\textures\disintegrate.055.dds
d:\vincedata\cache\textures\disintegrate.056.dds
d:\vincedata\cache\textures\disintegrate.057.dds
d:\vincedata\cache\textures\disintegrate.058.dds
d:\vincedata\cache\textures\disintegrate.059.dds
d:\vincedata\cache\textures\disintegrate.060.dds
d:\vincedata\cache\textures\disintegrate.061.dds
d:\vincedata\cache\textures\disintegrate.062.dds
d:\vincedata\cache\textures\disintegrate.063.dds
d:\vincedata\cache\textures\disintegrate.064.dds
d:\vincedata\cache\textures\disintegrate.065.dds
d:\vincedata\cache\textures\disintegrate.066.dds
d:\vincedata\cache\textures\disintegrate.067.dds
d:\vincedata\cache\textures\disintegrate.068.dds
d:\vincedata\cache\textures\disintegrate.069.dds
d:\vincedata\cache\textures\doorstall_01.dds
d:\vincedata\cache\textures\drillstuffing01.dds
d:\vincedata\cache\textures\drillstuffing02.dds
d:\vincedata\cache\textures\dripa.dds
d:\vincedata\cache\textures\droplet.dds
d:\vincedata\cache\textures\dustbag01.dds
d:\vincedata\cache\textures\dustbag02.dds
d:\vincedata\cache\textures\envbead2_64_.dds
d:\vincedata\cache\textures\envbead3_64_.dds
d:\vincedata\cache\textures\envbead_64_.dds
d:\vincedata\cache\textures\envcube.dds
d:\vincedata\cache\textures\envpowericon.dds
d:\vincedata\cache\textures\extralife.dds
d:\vincedata\cache\textures\eyetwirl.001.dds
d:\vincedata\cache\textures\eyetwirl.002.dds
d:\vincedata\cache\textures\eyetwirl.003.dds
d:\vincedata\cache\textures\eyetwirl.004.dds
d:\vincedata\cache\textures\eyetwirl.005.dds
d:\vincedata\cache\textures\eyetwirl.006.dds
d:\vincedata\cache\textures\eyetwirl.007.dds
d:\vincedata\cache\textures\eyetwirl.008.dds
d:\vincedata\cache\textures\fencespring.dds
d:\vincedata\cache\textures\firebug2.dds
d:\vincedata\cache\textures\fireflya.dds
d:\vincedata\cache\textures\flame_001.dds
d:\vincedata\cache\textures\flame_004.dds
d:\vincedata\cache\textures\flame_005.dds
d:\vincedata\cache\textures\flame_006.dds
d:\vincedata\cache\textures\flame_008.dds
d:\vincedata\cache\textures\flame_009.dds
d:\vincedata\cache\textures\flame_011.dds
d:\vincedata\cache\textures\flame_012.dds
d:\vincedata\cache\textures\flame_015.dds
d:\vincedata\cache\textures\flamebase_004.dds
d:\vincedata\cache\textures\flamecandle001.dds
d:\vincedata\cache\textures\flamecandle002.dds
d:\vincedata\cache\textures\flamecandle003.dds
d:\vincedata\cache\textures\flamecandle004.dds
d:\vincedata\cache\textures\flamecandle005.dds
d:\vincedata\cache\textures\flamecandle006.dds
d:\vincedata\cache\textures\flamecandle007.dds
d:\vincedata\cache\textures\flamecandle008.dds
d:\vincedata\cache\textures\flamewick.dds
d:\vincedata\cache\textures\foam_01.dds
d:\vincedata\cache\textures\footprint_mossgrass.dds
d:\vincedata\cache\textures\footprint_mud.dds
d:\vincedata\cache\textures\fortunecoinicon.dds
d:\vincedata\cache\textures\fountaindrip005.dds
d:\vincedata\cache\textures\fresnel_water_linear.dds
d:\vincedata\cache\textures\fruitcart.dds
d:\vincedata\cache\textures\garbagecan.dds
d:\vincedata\cache\textures\garyfpo.dds
d:\vincedata\cache\textures\gasflame_001d.dds
d:\vincedata\cache\textures\gateharp.dds
d:\vincedata\cache\textures\gethealtheffect.dds
d:\vincedata\cache\textures\gingerdeadmanshadow.dds
d:\vincedata\cache\textures\gunbrass01.dds
d:\vincedata\cache\textures\gunbrass02.dds
d:\vincedata\cache\textures\gunbrass03.dds
d:\vincedata\cache\textures\gunbrass04.dds
d:\vincedata\cache\textures\gunflash01.dds
d:\vincedata\cache\textures\gunflash02.dds
d:\vincedata\cache\textures\gunflash03.dds
d:\vincedata\cache\textures\gunflash04.dds
d:\vincedata\cache\textures\gunflash05.dds
d:\vincedata\cache\textures\hatskull01.dds
d:\vincedata\cache\textures\hatskull02.dds
d:\vincedata\cache\textures\hatskull03.dds
d:\vincedata\cache\textures\hatskull04.dds
d:\vincedata\cache\textures\healthbag00.dds
d:\vincedata\cache\textures\healthbag01.dds
d:\vincedata\cache\textures\healthbag02.dds
d:\vincedata\cache\textures\healthbag03.dds
d:\vincedata\cache\textures\healthbag04.dds
d:\vincedata\cache\textures\healthbagcaution01.dds
d:\vincedata\cache\textures\healthbagcaution02.dds
d:\vincedata\cache\textures\healthbagcaution03.dds
d:\vincedata\cache\textures\healthbagcaution04.dds
d:\vincedata\cache\textures\healthbagicon.dds
d:\vincedata\cache\textures\healthbagiconoutline.dds
d:\vincedata\cache\textures\healthbagsmall00.dds
d:\vincedata\cache\textures\healthbagsmall04.dds
d:\vincedata\cache\textures\heathazemask.dds
d:\vincedata\cache\textures\heathazenormalmap.dds
d:\vincedata\cache\textures\imp.dds
d:\vincedata\cache\textures\imp2.dds
d:\vincedata\cache\textures\impeye.000.dds
d:\vincedata\cache\textures\impeye.001.dds
d:\vincedata\cache\textures\impeye.002.dds
d:\vincedata\cache\textures\impeye.003.dds
d:\vincedata\cache\textures\impeye.004.dds
d:\vincedata\cache\textures\impeye.dds
d:\vincedata\cache\textures\impshadow.dds
d:\vincedata\cache\textures\jbskull00.dds
d:\vincedata\cache\textures\jbskull01.dds
d:\vincedata\cache\textures\jbskull02.dds
d:\vincedata\cache\textures\jbskull03.dds
d:\vincedata\cache\textures\jetflame001.dds
d:\vincedata\cache\textures\jetflame002.dds
d:\vincedata\cache\textures\jetflame003.dds
d:\vincedata\cache\textures\jetflame004.dds
d:\vincedata\cache\textures\jetglow.dds
d:\vincedata\cache\textures\killadilloshadow.dds
d:\vincedata\cache\textures\killerbeea.dds
d:\vincedata\cache\textures\killerbeeb.dds
d:\vincedata\cache\textures\killerbeec.dds
d:\vincedata\cache\textures\kosmoeggicon.dds
d:\vincedata\cache\textures\kosmolasereyes02.dds
d:\vincedata\cache\textures\kosmolasereyesjimmys.dds
d:\vincedata\cache\textures\kosmolasereyesrrr.dds
d:\vincedata\cache\textures\kosmotruck01.dds
d:\vincedata\cache\textures\laundryicon.dds
d:\vincedata\cache\textures\lightningbolt1.dds
d:\vincedata\cache\textures\lightningbolt2.dds
d:\vincedata\cache\textures\lightningbolt3.dds
d:\vincedata\cache\textures\lightningzap_001.dds
d:\vincedata\cache\textures\lightningzap_002.dds
d:\vincedata\cache\textures\lightningzap_003.dds
d:\vincedata\cache\textures\lightningzap_004.dds
d:\vincedata\cache\textures\lightningzap_005.dds
d:\vincedata\cache\textures\loadingstrip.dds
d:\vincedata\cache\textures\loadingstripdetail.dds
d:\vincedata\cache\textures\loadscreen.dds
d:\vincedata\cache\textures\map_bogwallow.dds
d:\vincedata\cache\textures\map_docks.dds
d:\vincedata\cache\textures\map_dtcryptcity.dds
d:\vincedata\cache\textures\map_earthwaterwood.dds
d:\vincedata\cache\textures\map_gatekeeper.dds
d:\vincedata\cache\textures\map_glowberry.dds
d:\vincedata\cache\textures\map_jimmys.dds
d:\vincedata\cache\textures\map_lafitteship.dds
d:\vincedata\cache\textures\map_landorides.dds
d:\vincedata\cache\textures\map_mainstreet.dds
d:\vincedata\cache\textures\map_maintunnel.dds
d:\vincedata\cache\textures\map_midway.dds
d:\vincedata\cache\textures\map_porch.dds
d:\vincedata\cache\textures\map_rocketlab.dds
d:\vincedata\cache\textures\map_sarcophagus.dds
d:\vincedata\cache\textures\map_square.dds
d:\vincedata\cache\textures\maplong.dds
d:\vincedata\cache\textures\meat.dds
d:\vincedata\cache\textures\meatgoo01.dds
d:\vincedata\cache\textures\missing.dds
d:\vincedata\cache\textures\mist01.dds
d:\vincedata\cache\textures\mist02.dds
d:\vincedata\cache\textures\mondomole.dds
d:\vincedata\cache\textures\mondomoleeye.dds
d:\vincedata\cache\textures\nav_arrowleft.dds
d:\vincedata\cache\textures\nav_arrowright.dds
d:\vincedata\cache\textures\needlehat_icon.dds
d:\vincedata\cache\textures\needlehat_iconmeter.dds
d:\vincedata\cache\textures\newpowericon_envmask.dds
d:\vincedata\cache\textures\onionicon.dds
d:\vincedata\cache\textures\optionsselectedbar.dds
d:\vincedata\cache\textures\pausebuttonhelp.dds
d:\vincedata\cache\textures\pausescreenbackground.dds
d:\vincedata\cache\textures\pepper_sparks1.dds
d:\vincedata\cache\textures\pepper_sparks2.dds
d:\vincedata\cache\textures\pepper_sparks3.dds
d:\vincedata\cache\textures\pilingnest003_jb.dds
d:\vincedata\cache\textures\pinatacandy01.dds
d:\vincedata\cache\textures\pinatacandy02.dds
d:\vincedata\cache\textures\pinatacandy03.dds
d:\vincedata\cache\textures\pinatacandy04.dds
d:\vincedata\cache\textures\pinatacandy05.dds
d:\vincedata\cache\textures\pitfrog002.dds
d:\vincedata\cache\textures\pitfrogshadow.dds
d:\vincedata\cache\textures\poodlebombhead.dds
d:\vincedata\cache\textures\poodlebombleg.dds
d:\vincedata\cache\textures\poodlebombtail.dds
d:\vincedata\cache\textures\poof00.dds
d:\vincedata\cache\textures\poof01.dds
d:\vincedata\cache\textures\poof02.dds
d:\vincedata\cache\textures\poof03.dds
d:\vincedata\cache\textures\poof04.dds
d:\vincedata\cache\textures\pop01.dds
d:\vincedata\cache\textures\pop02.dds
d:\vincedata\cache\textures\pop03.dds
d:\vincedata\cache\textures\pop04.dds
d:\vincedata\cache\textures\pop05.dds
d:\vincedata\cache\textures\pop06.dds
d:\vincedata\cache\textures\pop07.dds
d:\vincedata\cache\textures\pop08.dds
d:\vincedata\cache\textures\pop09.dds
d:\vincedata\cache\textures\potionofknowledgecorkbrain.dds
d:\vincedata\cache\textures\powericon.dds
d:\vincedata\cache\textures\powerskull.dds
d:\vincedata\cache\textures\powerskull04.dds
d:\vincedata\cache\textures\powerskullmeter.dds
d:\vincedata\cache\textures\powerskullmeterfull.dds
d:\vincedata\cache\textures\powerskullsmall00.dds
d:\vincedata\cache\textures\powerskullsmall04.dds
d:\vincedata\cache\textures\projectileskull.dds
d:\vincedata\cache\textures\radioactiveeye.001.dds
d:\vincedata\cache\textures\radioactiveeye.002.dds
d:\vincedata\cache\textures\radioactiveeye.003.dds
d:\vincedata\cache\textures\radioactiveeye.004.dds
d:\vincedata\cache\textures\radioactiveeye.005.dds
d:\vincedata\cache\textures\radioactiveeye.006.dds
d:\vincedata\cache\textures\radioactiveeye.007.dds
d:\vincedata\cache\textures\radioactiveeye.008.dds
d:\vincedata\cache\textures\radioactiveeye.009.dds
d:\vincedata\cache\textures\radioactiveeye.010.dds
d:\vincedata\cache\textures\radioactiveeye.011.dds
d:\vincedata\cache\textures\railwroughtiron.dds
d:\vincedata\cache\textures\ringy001.dds
d:\vincedata\cache\textures\sausagegrindericon.dds
d:\vincedata\cache\textures\sausagemakericon.dds
d:\vincedata\cache\textures\saveframehighlight.dds
d:\vincedata\cache\textures\saveselectedbar.dds
d:\vincedata\cache\textures\scale_dw.dds
d:\vincedata\cache\textures\shopmisc02.dds
d:\vincedata\cache\textures\shopwallstrim01.dds
d:\vincedata\cache\textures\skeletonjazzguy.dds
d:\vincedata\cache\textures\skeletonjazzguy_bump.4.06.dds
d:\vincedata\cache\textures\skeletonjazzguyfeather.dds
d:\vincedata\cache\textures\sky_cryptcity_base.dds
d:\vincedata\cache\textures\sliderbar.dds
d:\vincedata\cache\textures\slidermarker.dds
d:\vincedata\cache\textures\smoke_001.dds
d:\vincedata\cache\textures\smokesoft.dds
d:\vincedata\cache\textures\smokesoft002.dds
d:\vincedata\cache\textures\softglow.dds
d:\vincedata\cache\textures\softglow2.dds
d:\vincedata\cache\textures\softglow8.dds
d:\vincedata\cache\textures\spark001.dds
d:\vincedata\cache\textures\spark002.dds
d:\vincedata\cache\textures\spark003.dds
d:\vincedata\cache\textures\spark004.dds
d:\vincedata\cache\textures\spark005.dds
d:\vincedata\cache\textures\sparkles002.dds
d:\vincedata\cache\textures\sparklestar001.dds
d:\vincedata\cache\textures\sparklestar002.dds
d:\vincedata\cache\textures\speedometer.dds
d:\vincedata\cache\textures\speedometerneedle.dds
d:\vincedata\cache\textures\splashring.dds
d:\vincedata\cache\textures\splashring2.dds
d:\vincedata\cache\textures\splashring3.dds
d:\vincedata\cache\textures\splashring4.dds
d:\vincedata\cache\textures\splashtesta.dds
d:\vincedata\cache\textures\spotglow.dds
d:\vincedata\cache\textures\spritedebrisbranch_01.dds
d:\vincedata\cache\textures\spritedebrisbranch_02.dds
d:\vincedata\cache\textures\spritedebrisbranch_03.dds
d:\vincedata\cache\textures\spritedebrisbranch_04.dds
d:\vincedata\cache\textures\spritedebrisgrass_01.dds
d:\vincedata\cache\textures\spritedebrisgrass_02.dds
d:\vincedata\cache\textures\spritedebrisleaf_01.dds
d:\vincedata\cache\textures\spritedebrisleaf_01b.dds
d:\vincedata\cache\textures\spritedebrisleaf_02.dds
d:\vincedata\cache\textures\spritedebrisleaf_03.dds
d:\vincedata\cache\textures\spritedebrisleaf_04.dds
d:\vincedata\cache\textures\spritedebrisleaf_05.dds
d:\vincedata\cache\textures\spritedebrisleaf_06.dds
d:\vincedata\cache\textures\spritedebrisleaf_07.dds
d:\vincedata\cache\textures\spritedebrisplant_01.dds
d:\vincedata\cache\textures\spritedebrisplant_02.dds
d:\vincedata\cache\textures\spritedebrisplant_03.dds
d:\vincedata\cache\textures\spritedebrisplant_04.dds
d:\vincedata\cache\textures\spritedebrisplant_05.dds
d:\vincedata\cache\textures\spritedebrisplant_06.dds
d:\vincedata\cache\textures\spritedebrisrock_01.dds
d:\vincedata\cache\textures\spritedebrisrock_02.dds
d:\vincedata\cache\textures\star_a.dds
d:\vincedata\cache\textures\star_b.dds
d:\vincedata\cache\textures\star_c.dds
d:\vincedata\cache\textures\starjohn01.dds
d:\vincedata\cache\textures\starjohn02.dds
d:\vincedata\cache\textures\starjohn03.dds
d:\vincedata\cache\textures\starjohn04.dds
d:\vincedata\cache\textures\swinghooktargetparticle.dds
d:\vincedata\cache\textures\swinghooktargetparticle2.dds
d:\vincedata\cache\textures\swirl3.dds
d:\vincedata\cache\textures\switchstarttrain.dds
d:\vincedata\cache\textures\targetingcrosshairs.dds
d:\vincedata\cache\textures\temp_gascanister.dds
d:\vincedata\cache\textures\tendril01.dds
d:\vincedata\cache\textures\tendril02.dds
d:\vincedata\cache\textures\tendril03.dds
d:\vincedata\cache\textures\tendril04.dds
d:\vincedata\cache\textures\totemskull_base_envpowericon.dds
d:\vincedata\cache\textures\treesbackground500_001.dds
d:\vincedata\cache\textures\treesbackground500_002.dds
d:\vincedata\cache\textures\treesbackground500_003.dds
d:\vincedata\cache\textures\treeshorizonbkgrnd600.dds
d:\vincedata\cache\textures\treesingle_500_001.dds
d:\vincedata\cache\textures\treesingle_500_002.dds
d:\vincedata\cache\textures\treesingle_500_004.dds
d:\vincedata\cache\textures\treesingle_500_005.dds
d:\vincedata\cache\textures\treesingle_500_006.dds
d:\vincedata\cache\textures\trolleyicon.dds
d:\vincedata\cache\textures\trolleymetal01.dds
d:\vincedata\cache\textures\trolleymisc01.dds
d:\vincedata\cache\textures\trolleywindow01.dds
d:\vincedata\cache\textures\trophyroommiscalpha01.dds
d:\vincedata\cache\textures\v_spot001.dds
d:\vincedata\cache\textures\v_spot003.dds
d:\vincedata\cache\textures\vince_shred01.dds
d:\vincedata\cache\textures\vince_shred02.dds
d:\vincedata\cache\textures\vince_shred03.dds
d:\vincedata\cache\textures\vince_shred04.dds
d:\vincedata\cache\textures\vince_shred05.dds
d:\vincedata\cache\textures\vince_shred06.dds
d:\vincedata\cache\textures\vinceplane.dds
d:\vincedata\cache\textures\vinceplane_bump.0.10.dds
d:\vincedata\cache\textures\vincepowerup.000.dds
d:\vincedata\cache\textures\vincepowerup.001.dds
d:\vincedata\cache\textures\vincepowerup.002.dds
d:\vincedata\cache\textures\vincepowerup.003.dds
d:\vincedata\cache\textures\vincepowerup.004.dds
d:\vincedata\cache\textures\vincepowerup.005.dds
d:\vincedata\cache\textures\vincepowerup.006.dds
d:\vincedata\cache\textures\vincepowerup.007.dds
d:\vincedata\cache\textures\vinceshadow.dds
d:\vincedata\cache\textures\vinceskin.dds
d:\vincedata\cache\textures\vinceskinn.1.00.dds
d:\vincedata\cache\textures\vincesliced.dds
d:\vincedata\cache\textures\voodoopower_acid.dds
d:\vincedata\cache\textures\voodoopower_blenderalpha.dds
d:\vincedata\cache\textures\voodoopower_blenderbase.dds
d:\vincedata\cache\textures\voodoopower_drill.dds
d:\vincedata\cache\textures\voodoopower_giantmallet01.dds
d:\vincedata\cache\textures\voodoopower_guillotinea.dds
d:\vincedata\cache\textures\voodoopower_honeybucket01.dds
d:\vincedata\cache\textures\voodoopower_laxative.dds
d:\vincedata\cache\textures\voodoopower_lightening001.dds
d:\vincedata\cache\textures\voodoopower_lightening002.dds
d:\vincedata\cache\textures\voodoopower_mobhita.dds
d:\vincedata\cache\textures\voodoopower_sattelite01.dds
d:\vincedata\cache\textures\voodoopower_wreckingball.dds
d:\vincedata\cache\textures\walllamps02.dds
d:\vincedata\cache\textures\watertesta.dds
d:\vincedata\cache\textures\watertestb.dds
d:\vincedata\cache\textures\zgcimpheadicon.dds
d:\vincedata\cache\textures\zgcvinceheadicon.dds
d:\vincedata\cache\textures\zombiebag.dds
