d:\vincedata\cache\anims\belltrophy_bellhang.anim
d:\vincedata\cache\anims\belltrophy_walk.anim
d:\vincedata\cache\anims\busybutler_ballroom1.anim
d:\vincedata\cache\anims\busybutler_ballroom2.anim
d:\vincedata\cache\anims\busybutler_downstairs.anim
d:\vincedata\cache\anims\busybutler_end.anim
d:\vincedata\cache\anims\busybutler_followpath.anim
d:\vincedata\cache\anims\busybutler_ghost_path.anim
d:\vincedata\cache\anims\busybutler_glide.anim
d:\vincedata\cache\anims\busybutler_glide02.anim
d:\vincedata\cache\anims\busybutler_idle.anim
d:\vincedata\cache\anims\busybutler_loogie.anim
d:\vincedata\cache\anims\busybutler_start.anim
d:\vincedata\cache\anims\busybutler_start2.anim
d:\vincedata\cache\anims\busybutler_thirdflooridle.anim
d:\vincedata\cache\anims\butlerpath.texanim
d:\vincedata\cache\anims\chandeliertumbleroom_idle.anim
d:\vincedata\cache\anims\doorfoyer_open.anim
d:\vincedata\cache\anims\kosmohead_tumblerroomintro.anim
d:\vincedata\cache\anims\kosmohead_tumblerroomintro.lightpath
d:\vincedata\cache\anims\pullcord_pull.anim
d:\vincedata\cache\anims\switcha_press.anim
d:\vincedata\cache\anims\switchabc_press.anim
d:\vincedata\cache\anims\switchb_press.anim
d:\vincedata\cache\anims\switchc_press.anim
d:\vincedata\cache\anims\vince_bellhang.anim
d:\vincedata\cache\anims\vince_pulltasselrope.anim
d:\vincedata\cache\anims\windowtoplayroom_open.anim
d:\vincedata\cache\levels\tumblerroom\anims\camera_00.campath
d:\vincedata\cache\levels\tumblerroom\anims\camera_01.campath
d:\vincedata\cache\levels\tumblerroom\anims\camera_02.campath
d:\vincedata\cache\levels\tumblerroom\anims\camera_03.campath
d:\vincedata\cache\levels\tumblerroom\anims\levelflythroughcam_tumblerroom.campath
