d:\vincedata\cache\models\cowboyhat_base.gator
d:\vincedata\cache\models\entrancejoist_base.gator
d:\vincedata\cache\models\entrancejoistbroken_base.gator
d:\vincedata\cache\models\entranceramp_base.gator
d:\vincedata\cache\models\exitjoist_base.gator
d:\vincedata\cache\models\exitjoistbroken_base.gator
d:\vincedata\cache\models\exitramp_base.gator
d:\vincedata\cache\models\fallingchunk01_base.gator
d:\vincedata\cache\models\fallingchunk01_shadow_base.gator
d:\vincedata\cache\models\fallingchunk02_base.gator
d:\vincedata\cache\models\fallingchunk02_shadow_base.gator
d:\vincedata\cache\models\fallingchunk03_base.gator
d:\vincedata\cache\models\fallingchunk03_shadow_base.gator
d:\vincedata\cache\models\fallingchunk04_base.gator
d:\vincedata\cache\models\fallingchunk04_shadow_base.gator
d:\vincedata\cache\models\fallingchunk05_base.gator
d:\vincedata\cache\models\fallingchunk05_shadow_base.gator
d:\vincedata\cache\models\fallingchunk06_base.gator
d:\vincedata\cache\models\fallingchunk06_shadow_base.gator
d:\vincedata\cache\models\fallingchunk07_base.gator
d:\vincedata\cache\models\fallingchunk07_shadow_base.gator
d:\vincedata\cache\models\fallingchunk08_base.gator
d:\vincedata\cache\models\fallingchunk08_shadow_base.gator
d:\vincedata\cache\models\fallingchunk09_base.gator
d:\vincedata\cache\models\fallingchunk09_shadow_base.gator
d:\vincedata\cache\models\fallingchunk10_base.gator
d:\vincedata\cache\models\fallingchunk10_shadow_base.gator
d:\vincedata\cache\models\fallingchunk11_base.gator
d:\vincedata\cache\models\fallingchunk11_shadow_base.gator
d:\vincedata\cache\models\fallingchunk12_base.gator
d:\vincedata\cache\models\fallingchunk12_shadow_base.gator
d:\vincedata\cache\models\fallingchunk13_base.gator
d:\vincedata\cache\models\fallingchunk13_shadow_base.gator
d:\vincedata\cache\models\fallingchunk14_base.gator
d:\vincedata\cache\models\fallingchunk14_shadow_base.gator
d:\vincedata\cache\models\fallingchunk15_base.gator
d:\vincedata\cache\models\fallingchunk15_shadow_base.gator
d:\vincedata\cache\models\fallingchunk16_base.gator
d:\vincedata\cache\models\fallingchunk16_shadow_base.gator
d:\vincedata\cache\models\fallingchunk17_base.gator
d:\vincedata\cache\models\fallingchunk17_shadow_base.gator
d:\vincedata\cache\models\fallingchunk18_base.gator
d:\vincedata\cache\models\fallingchunk18_shadow_base.gator
d:\vincedata\cache\models\fallingchunk19_base.gator
d:\vincedata\cache\models\fallingchunk19_shadow_base.gator
d:\vincedata\cache\models\fallingchunk20_base.gator
d:\vincedata\cache\models\fallingchunk20_shadow_base.gator
d:\vincedata\cache\models\floorhole01_base.gator
d:\vincedata\cache\models\floorhole02_base.gator
d:\vincedata\cache\models\floorhole03_base.gator
d:\vincedata\cache\models\kosmohead_base.gator
d:\vincedata\cache\models\mrsg_base.gator
d:\vincedata\cache\models\mrsgcollapsed_base.gator
d:\vincedata\cache\models\ratwall_base.gator
d:\vincedata\cache\models\rodeorat_base.gator
d:\vincedata\cache\models\vincecowboy_base.gator
