d:\vincedata\cache\sounds\ccrr_fall.wav
d:\vincedata\cache\sounds\ccrr_ffall.wav
d:\vincedata\cache\sounds\ccrr_hit01.wav
d:\vincedata\cache\sounds\ccrr_hit02.wav
d:\vincedata\cache\sounds\ccrr_hit03.wav
d:\vincedata\cache\sounds\ccrr_imp01.wav
d:\vincedata\cache\sounds\ccrr_imp02.wav
d:\vincedata\cache\sounds\ccrr_imp03.wav
d:\vincedata\cache\sounds\ccrr_ratrun.wav
d:\vincedata\cache\sounds\ccrr_ratstagger.wav
d:\vincedata\cache\sounds\ccrr_rockhit01.wav
d:\vincedata\cache\sounds\ccrr_rockhit02.wav
d:\vincedata\cache\sounds\ccrr_rockhit03.wav
d:\vincedata\cache\sounds\ccrr_rockhit04.wav
d:\vincedata\cache\sounds\ccrr_shwave.wav
d:\vincedata\cache\sounds\ccrr_vimp01.wav
d:\vincedata\cache\sounds\ccrr_vimp02.wav
d:\vincedata\cache\sounds\ccrr_vimp03.wav
d:\vincedata\cache\sounds\ccrr_wavhit.wav
d:\vincedata\cache\sounds\charmaine_cc_rrr_01.wav
d:\vincedata\cache\sounds\mrsgdamag01.wav
d:\vincedata\cache\sounds\mrsgdamag02.wav
d:\vincedata\cache\sounds\mrsgshrie01.wav
d:\vincedata\cache\sounds\mrsgshrie02.wav
d:\vincedata\cache\sounds\mrsgshrie03.wav
d:\vincedata\cache\sounds\mrsgstomp01.wav
d:\vincedata\cache\sounds\mrsgstomp02.wav
d:\vincedata\cache\sounds\mrsgstomp03.wav
d:\vincedata\cache\sounds\rat_jump.wav
d:\vincedata\cache\sounds\rat_land.wav
