d:\vincedata\cache\levels\thebogwallow\models\water.gator
d:\vincedata\cache\models\barrelplatform_base.gator
d:\vincedata\cache\models\crawdaddy_base.gator
d:\vincedata\cache\models\crawdadtrap_base.gator
d:\vincedata\cache\models\docksub01_base.gator
d:\vincedata\cache\models\docksub02_base.gator
d:\vincedata\cache\models\docksub03_base.gator
d:\vincedata\cache\models\docksub04_base.gator
d:\vincedata\cache\models\docksub05_base.gator
d:\vincedata\cache\models\drawbridge_base.gator
d:\vincedata\cache\models\elevator_base.gator
d:\vincedata\cache\models\elevatora_base.gator
d:\vincedata\cache\models\elevatorb_base.gator
d:\vincedata\cache\models\elevatorc_base.gator
d:\vincedata\cache\models\elevatord_base.gator
d:\vincedata\cache\models\gatepipe_base.gator
d:\vincedata\cache\models\pierdebris_base.gator
d:\vincedata\cache\models\piersubmerged_base.gator
d:\vincedata\cache\models\ropebridge01_base.gator
d:\vincedata\cache\models\ropebridge02_base.gator
d:\vincedata\cache\models\shrimpsub_base.gator
d:\vincedata\cache\models\shrimpsubdock_base.gator
d:\vincedata\cache\models\signallseeingeye_base.gator
d:\vincedata\cache\models\signdoublejump_base.gator
d:\vincedata\cache\models\signeyeview_base.gator
d:\vincedata\cache\models\signfanboat_base.gator
d:\vincedata\cache\models\signfloat_base.gator
d:\vincedata\cache\models\signheadslam_base.gator
d:\vincedata\cache\models\signjumpspin_base.gator
d:\vincedata\cache\models\signpunch_base.gator
d:\vincedata\cache\models\signshrimpsub_base.gator
d:\vincedata\cache\models\signspinkick_base.gator
d:\vincedata\cache\models\signswinghook_base.gator
d:\vincedata\cache\models\underwatergrass01_base.gator
d:\vincedata\cache\models\underwatergrass02_base.gator
d:\vincedata\cache\models\underwatergrass03_base.gator
d:\vincedata\cache\models\underwaterplant01_base.gator
d:\vincedata\cache\models\underwaterplant02_base.gator
d:\vincedata\cache\models\underwaterplant03_base.gator
