d:\vincedata\cache\sounds\ambbird02a.wav
d:\vincedata\cache\sounds\bbw_amb01.wav
d:\vincedata\cache\sounds\bbw_amb02.wav
d:\vincedata\cache\sounds\bbw_amb03.wav
d:\vincedata\cache\sounds\bbw_amb04.wav
d:\vincedata\cache\sounds\bbw_amb05.wav
d:\vincedata\cache\sounds\bbw_cannery.wav
d:\vincedata\cache\sounds\bbw_chain.wav
d:\vincedata\cache\sounds\bbw_dock.wav
d:\vincedata\cache\sounds\bbw_hatch.wav
d:\vincedata\cache\sounds\bbw_traplow.wav
d:\vincedata\cache\sounds\bbw_trapspl.wav
d:\vincedata\cache\sounds\bbw_walkway.wav
d:\vincedata\cache\sounds\charmaine_b_bw_01.wav
d:\vincedata\cache\sounds\charmaine_b_bw_02.wav
d:\vincedata\cache\sounds\charmaine_b_bw_03.wav
d:\vincedata\cache\sounds\charmaine_b_bw_04.wav
d:\vincedata\cache\sounds\crawdist01.wav
d:\vincedata\cache\sounds\crawdist02.wav
d:\vincedata\cache\sounds\crawdist03.wav
d:\vincedata\cache\sounds\crawdist04.wav
d:\vincedata\cache\sounds\crawpince01.wav
d:\vincedata\cache\sounds\crawpince02.wav
d:\vincedata\cache\sounds\crawpince03.wav
d:\vincedata\cache\sounds\crawroar01.wav
d:\vincedata\cache\sounds\crawroar02.wav
d:\vincedata\cache\sounds\crawroar03.wav
d:\vincedata\cache\sounds\crawrush01.wav
d:\vincedata\cache\sounds\crawrush02.wav
d:\vincedata\cache\sounds\crawrush03.wav
d:\vincedata\cache\sounds\crawtail01.wav
d:\vincedata\cache\sounds\crawtail02.wav
d:\vincedata\cache\sounds\subbeneath.wav
d:\vincedata\cache\sounds\subclank.wav
d:\vincedata\cache\sounds\subidle.wav
d:\vincedata\cache\sounds\subimp.wav
d:\vincedata\cache\sounds\subsplash.wav
d:\vincedata\cache\sounds\subsurface.wav
d:\vincedata\cache\sounds\vince_b_bw_01.wav
d:\vincedata\cache\sounds\vince_b_bw_02.wav
d:\vincedata\cache\sounds\vince_b_bw_03.wav
