d:\vincedata\cache\models\alpinehut_base.gator
d:\vincedata\cache\models\alpinelodge_base.gator
d:\vincedata\cache\models\alpinewindmill_base.gator
d:\vincedata\cache\models\barn_base.gator
d:\vincedata\cache\models\billboarddocj_base.gator
d:\vincedata\cache\models\billboardjens_base.gator
d:\vincedata\cache\models\billboardklok_base.gator
d:\vincedata\cache\models\billboardshark_base.gator
d:\vincedata\cache\models\bluehouse_base.gator
d:\vincedata\cache\models\browna_base.gator
d:\vincedata\cache\models\brownb_base.gator
d:\vincedata\cache\models\buildingbrownbrick_base.gator
d:\vincedata\cache\models\buildingorangeblue_base.gator
d:\vincedata\cache\models\buildingorangegrey_base.gator
d:\vincedata\cache\models\buildingredbrick_base.gator
d:\vincedata\cache\models\bullet_base.gator
d:\vincedata\cache\models\castle_base.gator
d:\vincedata\cache\models\cattlefence_base.gator
d:\vincedata\cache\models\catus_base.gator
d:\vincedata\cache\models\cow_base.gator
d:\vincedata\cache\models\crashlight_base.gator
d:\vincedata\cache\models\dghardware_base.gator
d:\vincedata\cache\models\dolly_base.gator
d:\vincedata\cache\models\dollyboss_base.gator
d:\vincedata\cache\models\dollyskirt_base.gator
d:\vincedata\cache\models\entryhatch_base.gator
d:\vincedata\cache\models\factory_base.gator
d:\vincedata\cache\models\farmhouse_base.gator
d:\vincedata\cache\models\farmwatertank_base.gator
d:\vincedata\cache\models\farmwindmill_base.gator
d:\vincedata\cache\models\firlarge_base.gator
d:\vincedata\cache\models\firmedium_base.gator
d:\vincedata\cache\models\firsmall_base.gator
d:\vincedata\cache\models\fueltruck_base.gator
d:\vincedata\cache\models\grainbin_base.gator
d:\vincedata\cache\models\grocerystore_base.gator
d:\vincedata\cache\models\hotel_base.gator
d:\vincedata\cache\models\housecream_base.gator
d:\vincedata\cache\models\kosmohandlsmall_base.gator
d:\vincedata\cache\models\kosmoheadsmall_base.gator
d:\vincedata\cache\models\minecart_base.gator
d:\vincedata\cache\models\mineshed_base.gator
d:\vincedata\cache\models\oiltank_base.gator
d:\vincedata\cache\models\petstore_base.gator
d:\vincedata\cache\models\phonepole_base.gator
d:\vincedata\cache\models\phonepolewire_base.gator
d:\vincedata\cache\models\pickuptruck_base.gator
d:\vincedata\cache\models\poodle_base.gator
d:\vincedata\cache\models\poodlegrenade_base.gator
d:\vincedata\cache\models\restaurant_base.gator
d:\vincedata\cache\models\stopsign_base.gator
d:\vincedata\cache\models\switchstarttrain_base.gator
d:\vincedata\cache\models\train_aa_base.gator
d:\vincedata\cache\models\train_ab_base.gator
d:\vincedata\cache\models\trainstation_base.gator
d:\vincedata\cache\models\treeapple_base.gator
d:\vincedata\cache\models\treefancylarge_base.gator
d:\vincedata\cache\models\treefancysmall_base.gator
d:\vincedata\cache\models\treeroundlarge_base.gator
d:\vincedata\cache\models\treeroundsmall_base.gator
d:\vincedata\cache\models\watertower_base.gator
