d:\vincedata\cache\sounds\bmdl_damg01.wav
d:\vincedata\cache\sounds\bmdl_damg02.wav
d:\vincedata\cache\sounds\bmdl_damg03.wav
d:\vincedata\cache\sounds\bmdl_exp01.wav
d:\vincedata\cache\sounds\bmdl_exp02.wav
d:\vincedata\cache\sounds\bmdl_exp03.wav
d:\vincedata\cache\sounds\bmdl_exp04.wav
d:\vincedata\cache\sounds\bmdl_exp05.wav
d:\vincedata\cache\sounds\bmdl_force.wav
d:\vincedata\cache\sounds\bmdl_shwave.wav
d:\vincedata\cache\sounds\bmdl_trnexp.wav
d:\vincedata\cache\sounds\bmdl_vhit.wav
d:\vincedata\cache\sounds\bmdl_whiscl.wav
d:\vincedata\cache\sounds\bmdl_whishf.wav
d:\vincedata\cache\sounds\bmdl_whisst.wav
d:\vincedata\cache\sounds\charmaine_bm_db_01.wav
d:\vincedata\cache\sounds\dolly_bm_01.wav
d:\vincedata\cache\sounds\dolly_bm_02.wav
d:\vincedata\cache\sounds\dolly_bm_03.wav
d:\vincedata\cache\sounds\dolly_bm_04.wav
d:\vincedata\cache\sounds\dolly_bm_05.wav
d:\vincedata\cache\sounds\dolly_bm_06.wav
d:\vincedata\cache\sounds\dolly_bm_07.wav
d:\vincedata\cache\sounds\dolly_bm_dp_04.wav
d:\vincedata\cache\sounds\dolly_bm_dp_05.wav
d:\vincedata\cache\sounds\dolly_bm_dp_06.wav
d:\vincedata\cache\sounds\dolly_bm_dp_07.wav
d:\vincedata\cache\sounds\rdgunload.wav
d:\vincedata\cache\sounds\rdolbeep.wav
d:\vincedata\cache\sounds\rdoldetonat.wav
d:\vincedata\cache\sounds\rdolfires.wav
d:\vincedata\cache\sounds\rdolfly.wav
d:\vincedata\cache\sounds\rdolgundep.wav
d:\vincedata\cache\sounds\rdolgunfire.wav
d:\vincedata\cache\sounds\rdolhover.wav
