d:\vincedata\cache\anims\crashlight_activate.anim
d:\vincedata\cache\anims\dolly_ambientgiggle001.anim
d:\vincedata\cache\anims\dolly_dollyintro.anim
d:\vincedata\cache\anims\dolly_dollynothappy01.anim
d:\vincedata\cache\anims\dolly_dollynothappy02.anim
d:\vincedata\cache\anims\dolly_dollynothappy03.anim
d:\vincedata\cache\anims\dolly_dollythanksvince.anim
d:\vincedata\cache\anims\dolly_idle.anim
d:\vincedata\cache\anims\dolly_prelude.anim
d:\vincedata\cache\anims\dollyboss_ambientheadspin001.anim
d:\vincedata\cache\anims\dollyboss_attackgun001.anim
d:\vincedata\cache\anims\dollyboss_attackpoodle001.anim
d:\vincedata\cache\anims\dollyboss_death.anim
d:\vincedata\cache\anims\dollyboss_endattackgun001.anim
d:\vincedata\cache\anims\dollyboss_idle001.anim
d:\vincedata\cache\anims\dollyboss_injured1_ambientheadspin001.anim
d:\vincedata\cache\anims\dollyboss_injured1_attackgun001.anim
d:\vincedata\cache\anims\dollyboss_injured1_attackpoodle001.anim
d:\vincedata\cache\anims\dollyboss_injured1_damage001.anim
d:\vincedata\cache\anims\dollyboss_injured1_endattackgun001.anim
d:\vincedata\cache\anims\dollyboss_injured1_idle001.anim
d:\vincedata\cache\anims\dollyboss_injured1_preattackgun001.anim
d:\vincedata\cache\anims\dollyboss_injured1_preattackpoodle001.anim
d:\vincedata\cache\anims\dollyboss_injured1_taunt001.anim
d:\vincedata\cache\anims\dollyboss_injured1_taunt002.anim
d:\vincedata\cache\anims\dollyboss_injured2_ambientheadspin001.anim
d:\vincedata\cache\anims\dollyboss_injured2_attackgun001.anim
d:\vincedata\cache\anims\dollyboss_injured2_attackpoodle001.anim
d:\vincedata\cache\anims\dollyboss_injured2_damage001.anim
d:\vincedata\cache\anims\dollyboss_injured2_endattackgun001.anim
d:\vincedata\cache\anims\dollyboss_injured2_idle001.anim
d:\vincedata\cache\anims\dollyboss_injured2_preattackgun001.anim
d:\vincedata\cache\anims\dollyboss_injured2_preattackpoodle001.anim
d:\vincedata\cache\anims\dollyboss_injured2_taunt001.anim
d:\vincedata\cache\anims\dollyboss_injured2_taunt002.anim
d:\vincedata\cache\anims\dollyboss_preattackgun001.anim
d:\vincedata\cache\anims\dollyboss_preattackpoodle001.anim
d:\vincedata\cache\anims\dollyboss_prelude.anim
d:\vincedata\cache\anims\dollyboss_taunt001.anim
d:\vincedata\cache\anims\dollyboss_taunt002.anim
d:\vincedata\cache\anims\entryhatch_close.anim
d:\vincedata\cache\anims\entryhatch_open.anim
d:\vincedata\cache\anims\kosmohandlsmall_prelude.anim
d:\vincedata\cache\anims\kosmoheadsmall_prelude.anim
d:\vincedata\cache\anims\poodle_ambientgiggle001.anim
d:\vincedata\cache\anims\poodle_dollyintro.anim
d:\vincedata\cache\anims\poodle_dollynothappy01.anim
d:\vincedata\cache\anims\poodle_dollynothappy02.anim
d:\vincedata\cache\anims\poodle_dollynothappy03.anim
d:\vincedata\cache\anims\poodle_dollythanksvince.anim
d:\vincedata\cache\anims\poodle_idle.anim
d:\vincedata\cache\anims\poodle_prelude.anim
d:\vincedata\cache\anims\poodlegrenade_flying.anim
d:\vincedata\cache\anims\poodlegrenade_prelude.anim
d:\vincedata\cache\anims\switchstarttrain_down.anim
d:\vincedata\cache\anims\train_aa_path1a.anim
d:\vincedata\cache\anims\train_aa_path2a.anim
d:\vincedata\cache\anims\train_aa_path3a.anim
d:\vincedata\cache\anims\train_ab_path1b.anim
d:\vincedata\cache\anims\train_ab_path2b.anim
d:\vincedata\cache\anims\train_ab_path3b.anim
d:\vincedata\cache\anims\vince_dollydestruction01.anim
d:\vincedata\cache\anims\vince_prelude01.anim
d:\vincedata\cache\anims\vince_prelude02.anim
d:\vincedata\cache\anims\vince_prelude03.anim
d:\vincedata\cache\anims\vince_prelude04.anim
d:\vincedata\cache\anims\vince_prelude05.anim
d:\vincedata\cache\anims\vince_prelude06.anim
d:\vincedata\cache\anims\vince_prelude07.anim
d:\vincedata\cache\levels\boltroidbattle\anims\camera_dd01.campath
d:\vincedata\cache\levels\boltroidbattle\anims\camera_dd02.campath
d:\vincedata\cache\levels\boltroidbattle\anims\camera_dd03.campath
d:\vincedata\cache\levels\boltroidbattle\anims\camera_dd04.campath
d:\vincedata\cache\levels\boltroidbattle\anims\camera_dd05.campath
d:\vincedata\cache\levels\boltroidbattle\anims\camera_dd06.campath
d:\vincedata\cache\levels\boltroidbattle\anims\camera_dp01.campath
d:\vincedata\cache\levels\boltroidbattle\anims\camera_dp02.campath
d:\vincedata\cache\levels\boltroidbattle\anims\camera_dp03.campath
d:\vincedata\cache\levels\boltroidbattle\anims\camera_dp04.campath
d:\vincedata\cache\levels\boltroidbattle\anims\camera_dp05.campath
d:\vincedata\cache\levels\boltroidbattle\anims\camera_dp06.campath
d:\vincedata\cache\levels\boltroidbattle\anims\camera_dp07.campath
d:\vincedata\cache\levels\boltroidbattle\anims\camera_dp08.campath
d:\vincedata\cache\levels\boltroidbattle\anims\camera_dp09.campath
d:\vincedata\cache\levels\boltroidbattle\anims\camera_train1a.campath
d:\vincedata\cache\levels\boltroidbattle\anims\camera_train1b.campath
d:\vincedata\cache\levels\boltroidbattle\anims\camera_train1c.campath
d:\vincedata\cache\levels\boltroidbattle\anims\camera_train2a.campath
d:\vincedata\cache\levels\boltroidbattle\anims\camera_train2b.campath
d:\vincedata\cache\levels\boltroidbattle\anims\camera_train2c.campath
d:\vincedata\cache\levels\boltroidbattle\anims\camera_train3a.campath
d:\vincedata\cache\levels\boltroidbattle\anims\camera_train3b.campath
d:\vincedata\cache\levels\boltroidbattle\anims\camera_train3c.campath
