d:\vincedata\cache\anims\chicory_ambient001.anim
d:\vincedata\cache\anims\chicory_ambient002.anim
d:\vincedata\cache\anims\chicory_ambient003.anim
d:\vincedata\cache\anims\chicory_attackbiteshake001.anim
d:\vincedata\cache\anims\chicory_attacksingledoll.anim
d:\vincedata\cache\anims\chicory_attackvince.anim
d:\vincedata\cache\anims\chicory_dollattack001.anim
d:\vincedata\cache\anims\chicory_idle001.anim
d:\vincedata\cache\anims\chicory_jumpend001.anim
d:\vincedata\cache\anims\chicory_jumphover001.anim
d:\vincedata\cache\anims\chicory_jumpstart001.anim
d:\vincedata\cache\anims\chicory_snooze001.anim
d:\vincedata\cache\anims\chicory_snooze002.anim
d:\vincedata\cache\anims\dragonfly01_idle.anim
d:\vincedata\cache\anims\dragonfly02_idle.anim
d:\vincedata\cache\anims\dragonfly03_idle.anim
d:\vincedata\cache\anims\dragonfly04_idle.anim
d:\vincedata\cache\anims\dragonfly05_idle.anim
d:\vincedata\cache\anims\dragonfly06_idle.anim
d:\vincedata\cache\anims\moth01_idle.anim
d:\vincedata\cache\anims\moth02_idle.anim
d:\vincedata\cache\anims\moth03_idle.anim
d:\vincedata\cache\anims\moth04_idle.anim
d:\vincedata\cache\anims\moth05_idle.anim
d:\vincedata\cache\anims\moth06_idle.anim
d:\vincedata\cache\anims\mothsmall01_idle.anim
d:\vincedata\cache\anims\mothsmall02_idle.anim
d:\vincedata\cache\anims\mothsmall03_idle.anim
d:\vincedata\cache\anims\mothsmall04_idle.anim
d:\vincedata\cache\anims\mothsmall05_idle.anim
d:\vincedata\cache\anims\phonograph_play.anim
d:\vincedata\cache\anims\phonograph_playstart.anim
d:\vincedata\cache\anims\porchswing_idle.anim
d:\vincedata\cache\anims\ragdoll01_chicorysingledollattack.anim
d:\vincedata\cache\anims\ragdoll01_dancechicoryattack.anim
d:\vincedata\cache\anims\ragdoll01_idle.anim
d:\vincedata\cache\anims\ragdoll01_updancedown.anim
d:\vincedata\cache\anims\ragdoll02_idle.anim
d:\vincedata\cache\anims\ragdoll02_updancedown.anim
d:\vincedata\cache\anims\ragdoll03_idle.anim
d:\vincedata\cache\anims\ragdoll03_updancedown.anim
d:\vincedata\cache\anims\ragdoll04_idle.anim
d:\vincedata\cache\anims\ragdoll04_updancedown.anim
d:\vincedata\cache\anims\ragdoll05_idle.anim
d:\vincedata\cache\anims\ragdoll05_updancedown.anim
d:\vincedata\cache\anims\recordalbum_idle.anim
d:\vincedata\cache\anims\recordalbum_play.anim
d:\vincedata\cache\anims\signtrolley_activate.anim
d:\vincedata\cache\anims\swamptree01_idle.anim
d:\vincedata\cache\anims\swamptree02_idle.anim
d:\vincedata\cache\anims\swamptree03_idle.anim
d:\vincedata\cache\anims\swamptree04_idle.anim
d:\vincedata\cache\anims\swamptreehurricane01_idle.anim
d:\vincedata\cache\anims\swamptreehurricane01_wind.anim
d:\vincedata\cache\anims\swamptreehurricane02_idle.anim
d:\vincedata\cache\anims\swamptreehurricane02_wind.anim
d:\vincedata\cache\anims\swamptreenoroots01_idle.anim
d:\vincedata\cache\anims\swamptreenoroots02_idle.anim
d:\vincedata\cache\anims\swamptreenoroots03_idle.anim
d:\vincedata\cache\anims\swamptreenoroots04_idle.anim
d:\vincedata\cache\anims\trolley_arrive.anim
d:\vincedata\cache\anims\trolley_boarding.anim
d:\vincedata\cache\anims\trolley_depart.anim
d:\vincedata\cache\anims\vince_crankphonograph.anim
d:\vincedata\cache\anims\vince_damagechicory.anim
d:\vincedata\cache\anims\vince_phonowinding.anim
d:\vincedata\cache\levels\frontporch\anims\camera_01.campath
d:\vincedata\cache\levels\frontporch\anims\camera_01b.campath
d:\vincedata\cache\levels\frontporch\anims\levelflythroughcam_frontporch.campath
