d:\vincedata\cache\models\chicory_base.gator
d:\vincedata\cache\models\chicorysnoozecoll_base.gator
d:\vincedata\cache\models\dragonfly01_base.gator
d:\vincedata\cache\models\dragonfly02_base.gator
d:\vincedata\cache\models\dragonfly03_base.gator
d:\vincedata\cache\models\dragonfly04_base.gator
d:\vincedata\cache\models\dragonfly05_base.gator
d:\vincedata\cache\models\dragonfly06_base.gator
d:\vincedata\cache\models\jeffsbananawall_base.gator
d:\vincedata\cache\models\moth01_base.gator
d:\vincedata\cache\models\moth02_base.gator
d:\vincedata\cache\models\moth03_base.gator
d:\vincedata\cache\models\moth04_base.gator
d:\vincedata\cache\models\moth05_base.gator
d:\vincedata\cache\models\moth06_base.gator
d:\vincedata\cache\models\mothsmall01_base.gator
d:\vincedata\cache\models\mothsmall02_base.gator
d:\vincedata\cache\models\mothsmall03_base.gator
d:\vincedata\cache\models\mothsmall04_base.gator
d:\vincedata\cache\models\mothsmall05_base.gator
d:\vincedata\cache\models\phonograph_base.gator
d:\vincedata\cache\models\porchswing_base.gator
d:\vincedata\cache\models\ragdoll01_base.gator
d:\vincedata\cache\models\ragdoll02_base.gator
d:\vincedata\cache\models\ragdoll03_base.gator
d:\vincedata\cache\models\ragdoll04_base.gator
d:\vincedata\cache\models\ragdoll05_base.gator
d:\vincedata\cache\models\recordalbum_base.gator
d:\vincedata\cache\models\signtrolley_base.gator
d:\vincedata\cache\models\sky_carnival_base.gator
d:\vincedata\cache\models\sky_carnival_cloudplane_bottom_base.gator
d:\vincedata\cache\models\sky_carnival_cloudplane_top_base.gator
d:\vincedata\cache\models\swamptree01_base.gator
d:\vincedata\cache\models\swamptree02_base.gator
d:\vincedata\cache\models\swamptree03_base.gator
d:\vincedata\cache\models\swamptree04_base.gator
d:\vincedata\cache\models\swamptreehurricane01_base.gator
d:\vincedata\cache\models\swamptreehurricane02_base.gator
d:\vincedata\cache\models\swamptreenoroots01_base.gator
d:\vincedata\cache\models\swamptreenoroots02_base.gator
d:\vincedata\cache\models\swamptreenoroots03_base.gator
d:\vincedata\cache\models\swamptreenoroots04_base.gator
d:\vincedata\cache\models\trolley_base.gator
