d:\vincedata\cache\anims\beaver_dialog01.anim
d:\vincedata\cache\anims\beaver_dialog02.anim
d:\vincedata\cache\anims\beaver_dialog03.anim
d:\vincedata\cache\anims\beaver_idle.anim
d:\vincedata\cache\anims\beaver_scurry.anim
d:\vincedata\cache\anims\beaver_wiggling.anim
d:\vincedata\cache\anims\bucketline_idle.anim
d:\vincedata\cache\anims\mouse_dialog01.anim
d:\vincedata\cache\anims\mouse_dialog02.anim
d:\vincedata\cache\anims\mouse_dialog03.anim
d:\vincedata\cache\anims\mouse_idle.anim
d:\vincedata\cache\anims\mouse_scurry.anim
d:\vincedata\cache\anims\mouse_wiggling.anim
d:\vincedata\cache\anims\pistonline_idle.anim
d:\vincedata\cache\anims\raccoon_dialog01.anim
d:\vincedata\cache\anims\raccoon_dialog02.anim
d:\vincedata\cache\anims\raccoon_dialog03.anim
d:\vincedata\cache\anims\raccoon_idle.anim
d:\vincedata\cache\anims\raccoon_scurry.anim
d:\vincedata\cache\anims\raccoon_wiggling.anim
d:\vincedata\cache\anims\sasuagegrindernose_grind.anim
d:\vincedata\cache\anims\sasuagegrindernose_idle.anim
d:\vincedata\cache\anims\sasuagegrindernose_spit.anim
d:\vincedata\cache\anims\sausage_idle.anim
d:\vincedata\cache\anims\sausagegrinder_grind.anim
d:\vincedata\cache\anims\sausagegrinder_idle.anim
d:\vincedata\cache\anims\sausagegrinder_spit.anim
d:\vincedata\cache\anims\sausagemaker_catch.anim
d:\vincedata\cache\anims\sausagemaker_idle.anim
d:\vincedata\cache\anims\sausagemaker_squirt.anim
d:\vincedata\cache\anims\switchsausage_down.anim
d:\vincedata\cache\anims\trayline_idle.anim
d:\vincedata\cache\levels\thesausageworks\anims\levelflythroughcam_thesausageworks.campath
