d:\vincedata\cache\sounds\bsf_burst.wav
d:\vincedata\cache\sounds\bsf_conv01.wav
d:\vincedata\cache\sounds\bsf_conv01r.wav
d:\vincedata\cache\sounds\bsf_conv02.wav
d:\vincedata\cache\sounds\bsf_conv02r.wav
d:\vincedata\cache\sounds\bsf_conv03.wav
d:\vincedata\cache\sounds\bsf_conv03r.wav
d:\vincedata\cache\sounds\bsf_conv04.wav
d:\vincedata\cache\sounds\bsf_conv04r.wav
d:\vincedata\cache\sounds\bsf_drops.wav
d:\vincedata\cache\sounds\bsf_grinds.wav
d:\vincedata\cache\sounds\bsf_grnd01.wav
d:\vincedata\cache\sounds\bsf_grnd02.wav
d:\vincedata\cache\sounds\bsf_grnd03.wav
d:\vincedata\cache\sounds\bsf_mkr01.wav
d:\vincedata\cache\sounds\bsf_mkr02.wav
d:\vincedata\cache\sounds\bsf_mkr03.wav
d:\vincedata\cache\sounds\bsf_mkr04.wav
d:\vincedata\cache\sounds\bsf_ramplunge.wav
d:\vincedata\cache\sounds\bsf_shoot.wav
d:\vincedata\cache\sounds\bsf_spits.wav
d:\vincedata\cache\sounds\bsf_switch.wav
d:\vincedata\cache\sounds\charmaine_b_sw_01.wav
d:\vincedata\cache\sounds\charmaine_b_sw_02.wav
d:\vincedata\cache\sounds\charmaine_b_sw_03.wav
d:\vincedata\cache\sounds\sausage_b_sf_01.wav
d:\vincedata\cache\sounds\sausage_b_sf_02.wav
d:\vincedata\cache\sounds\sausage_b_sf_03.wav
d:\vincedata\cache\sounds\sausage_b_sf_04a.wav
d:\vincedata\cache\sounds\sausage_b_sf_04b.wav
d:\vincedata\cache\sounds\sausage_b_sf_04c.wav
d:\vincedata\cache\sounds\sausage_b_sf_04d.wav
d:\vincedata\cache\sounds\sausage_b_sf_05.wav
d:\vincedata\cache\sounds\sausage_b_sf_06.wav
d:\vincedata\cache\sounds\sausage_b_sf_07.wav
d:\vincedata\cache\sounds\sausage_b_sf_08.wav
d:\vincedata\cache\sounds\sausage_b_sf_09.wav
d:\vincedata\cache\sounds\sausage_b_sf_10.wav
d:\vincedata\cache\sounds\sausage_b_sf_11.wav
d:\vincedata\cache\sounds\sausage_b_sf_12.wav
d:\vincedata\cache\sounds\sausage_b_sf_13.wav
d:\vincedata\cache\sounds\sausage_b_sf_14.wav
d:\vincedata\cache\sounds\sausage_b_sf_15.wav
d:\vincedata\cache\sounds\sausage_b_sf_16.wav
d:\vincedata\cache\sounds\vince_b_sw_01.wav
d:\vincedata\cache\sounds\vince_b_sw_02.wav
d:\vincedata\cache\sounds\vince_b_sw_03.wav
d:\vincedata\cache\sounds\vince_b_sw_04.wav
d:\vincedata\cache\sounds\vince_b_sw_05.wav
