d:\vincedata\cache\models\activator_base.gator
d:\vincedata\cache\models\angrygod_base.gator
d:\vincedata\cache\models\bead2_base.gator
d:\vincedata\cache\models\bead3_base.gator
d:\vincedata\cache\models\bead_base.gator
d:\vincedata\cache\models\bead_glow_base.gator
d:\vincedata\cache\models\boomerangpin_base.gator
d:\vincedata\cache\models\charmpage_base.gator
d:\vincedata\cache\models\cobweb01_base.gator
d:\vincedata\cache\models\cobweb02_base.gator
d:\vincedata\cache\models\cobweb03_base.gator
d:\vincedata\cache\models\dustbag_base.gator
d:\vincedata\cache\models\dustcluster_base.gator
d:\vincedata\cache\models\extralife_base.gator
d:\vincedata\cache\models\firebug_base.gator
d:\vincedata\cache\models\firebug_cuthorizontal_base.gator
d:\vincedata\cache\models\firebug_cutvertical_base.gator
d:\vincedata\cache\models\firebug_disintegrate_base.gator
d:\vincedata\cache\models\firebug_giblets001_base.gator
d:\vincedata\cache\models\giantmallet_base.gator
d:\vincedata\cache\models\imp_base.gator
d:\vincedata\cache\models\imp_cuthorizontal_base.gator
d:\vincedata\cache\models\imp_cutvertical_base.gator
d:\vincedata\cache\models\imp_disintegrate_base.gator
d:\vincedata\cache\models\imp_giblets001_base.gator
d:\vincedata\cache\models\interfacecharmpage_base.gator
d:\vincedata\cache\models\interfacegoldenjunebug_base.gator
d:\vincedata\cache\models\interfacemysterybox_base.gator
d:\vincedata\cache\models\ironmaiden_base.gator
d:\vincedata\cache\models\jackhammer_base.gator
d:\vincedata\cache\models\pin_base.gator
d:\vincedata\cache\models\pinata_base.gator
d:\vincedata\cache\models\powericon_base.gator
d:\vincedata\cache\models\projectileskull_base.gator
d:\vincedata\cache\models\scissors_base.gator
d:\vincedata\cache\models\sharktub_base.gator
d:\vincedata\cache\models\sky_glowberrytangle_base.gator
d:\vincedata\cache\models\sky_manorhouse_base.gator
d:\vincedata\cache\models\sky_manorhouse_cloudplane_bottom_base.gator
d:\vincedata\cache\models\sky_manorhouse_cloudplane_top_base.gator
d:\vincedata\cache\models\spacejunk_base.gator
d:\vincedata\cache\models\tornado_base.gator
d:\vincedata\cache\models\truck_base.gator
d:\vincedata\cache\models\vince_base.gator
d:\vincedata\cache\models\vince_cuthorizontal_base.gator
d:\vincedata\cache\models\vince_cutvertical_base.gator
d:\vincedata\cache\models\vince_disintegrate_base.gator
d:\vincedata\cache\models\vince_poked_base.gator
d:\vincedata\cache\models\vince_shadow_base.gator
d:\vincedata\cache\models\vinceairplane_base.gator
d:\vincedata\cache\models\waringblender_base.gator
