d:\vincedata\cache\models\brackishcrab_base.gator
d:\vincedata\cache\models\brackishcrab_cuthorizontal_base.gator
d:\vincedata\cache\models\brackishcrab_cutvertical_base.gator
d:\vincedata\cache\models\brackishcrab_disintegrate_base.gator
d:\vincedata\cache\models\brackishcrab_giblets001_base.gator
d:\vincedata\cache\models\bubbagator_base.gator
d:\vincedata\cache\models\bubbagator_cuthorizontal_base.gator
d:\vincedata\cache\models\bubbagator_cutvertical_base.gator
d:\vincedata\cache\models\bubbagator_disintegrate_base.gator
d:\vincedata\cache\models\bubbagator_giblets001_base.gator
d:\vincedata\cache\models\chopper_base.gator
d:\vincedata\cache\models\circuscannon_base.gator
d:\vincedata\cache\models\doorservice_base.gator
d:\vincedata\cache\models\dragonfly01_base.gator
d:\vincedata\cache\models\dragonfly02_base.gator
d:\vincedata\cache\models\dragonfly03_base.gator
d:\vincedata\cache\models\dragonfly04_base.gator
d:\vincedata\cache\models\dragonfly05_base.gator
d:\vincedata\cache\models\dragonfly06_base.gator
d:\vincedata\cache\models\ferriswheel_base.gator
d:\vincedata\cache\models\firebug_base.gator
d:\vincedata\cache\models\firebug_cuthorizontal_base.gator
d:\vincedata\cache\models\firebug_cutvertical_base.gator
d:\vincedata\cache\models\firebug_disintegrate_base.gator
d:\vincedata\cache\models\firebug_giblets001_base.gator
d:\vincedata\cache\models\goldenjunebug_base.gator
d:\vincedata\cache\models\kosmohead_base.gator
d:\vincedata\cache\models\landorideslights_base.gator
d:\vincedata\cache\models\moth01_base.gator
d:\vincedata\cache\models\moth02_base.gator
d:\vincedata\cache\models\moth03_base.gator
d:\vincedata\cache\models\moth04_base.gator
d:\vincedata\cache\models\moth05_base.gator
d:\vincedata\cache\models\moth06_base.gator
d:\vincedata\cache\models\mothsmall01_base.gator
d:\vincedata\cache\models\mothsmall02_base.gator
d:\vincedata\cache\models\mothsmall03_base.gator
d:\vincedata\cache\models\mothsmall04_base.gator
d:\vincedata\cache\models\mothsmall05_base.gator
d:\vincedata\cache\models\mysterybox_base.gator
d:\vincedata\cache\models\rounda_base.gator
d:\vincedata\cache\models\shrimpboat_base.gator
d:\vincedata\cache\models\signtrolley_base.gator
d:\vincedata\cache\models\slingshot_base.gator
d:\vincedata\cache\models\swingcats_base.gator
d:\vincedata\cache\models\trolley_base.gator
d:\vincedata\cache\models\trucks_base.gator
d:\vincedata\cache\models\zipper_base.gator
