d:\vincedata\cache\sounds\bmtr_vskid.wav
d:\vincedata\cache\sounds\bubattack01.wav
d:\vincedata\cache\sounds\bubattack02.wav
d:\vincedata\cache\sounds\bubattack03.wav
d:\vincedata\cache\sounds\bubbascratch.wav
d:\vincedata\cache\sounds\bubbelch.wav
d:\vincedata\cache\sounds\bubblock.wav
d:\vincedata\cache\sounds\bubbreath.wav
d:\vincedata\cache\sounds\bubdamage01.wav
d:\vincedata\cache\sounds\bubdamage02.wav
d:\vincedata\cache\sounds\bubdamage03.wav
d:\vincedata\cache\sounds\bubdamage04.wav
d:\vincedata\cache\sounds\bubdeath01.wav
d:\vincedata\cache\sounds\bubidle.wav
d:\vincedata\cache\sounds\bubjack.wav
d:\vincedata\cache\sounds\bubjack_02.wav
d:\vincedata\cache\sounds\bubpat01.wav
d:\vincedata\cache\sounds\bubpat02.wav
d:\vincedata\cache\sounds\bubpowdam.wav
d:\vincedata\cache\sounds\bubpreattail.wav
d:\vincedata\cache\sounds\bubpreattbelly.wav
d:\vincedata\cache\sounds\bubtaunt.wav
d:\vincedata\cache\sounds\bubtwist.wav
d:\vincedata\cache\sounds\bubtwist_02.wav
d:\vincedata\cache\sounds\charmaine_cd_lr_01.wav
d:\vincedata\cache\sounds\cj_crash.wav
d:\vincedata\cache\sounds\cj_idle.wav
d:\vincedata\cache\sounds\cj_rev.wav
d:\vincedata\cache\sounds\cj_start.wav
d:\vincedata\cache\sounds\clr_cannon.wav
d:\vincedata\cache\sounds\clr_ride01.wav
d:\vincedata\cache\sounds\clr_ride02.wav
d:\vincedata\cache\sounds\clr_ride03.wav
d:\vincedata\cache\sounds\clr_ride05.wav
d:\vincedata\cache\sounds\clr_ride07.wav
d:\vincedata\cache\sounds\crabamb01.wav
d:\vincedata\cache\sounds\crabattclub.wav
d:\vincedata\cache\sounds\crabattslash.wav
d:\vincedata\cache\sounds\crabblockend.wav
d:\vincedata\cache\sounds\crabblockst.wav
d:\vincedata\cache\sounds\crabcuth.wav
d:\vincedata\cache\sounds\crabcutv.wav
d:\vincedata\cache\sounds\crabdamflat.wav
d:\vincedata\cache\sounds\crabdamflip.wav
d:\vincedata\cache\sounds\crabdamheadslam.wav
d:\vincedata\cache\sounds\crabdampok.wav
d:\vincedata\cache\sounds\crabdamtwi.wav
d:\vincedata\cache\sounds\crabdeathpun02.wav
d:\vincedata\cache\sounds\crabdeathpunch.wav
d:\vincedata\cache\sounds\crabidle.wav
d:\vincedata\cache\sounds\crabjackh.wav
d:\vincedata\cache\sounds\crabpredam.wav
d:\vincedata\cache\sounds\crabsit.wav
d:\vincedata\cache\sounds\crabstand.wav
d:\vincedata\cache\sounds\crabvictory01.wav
d:\vincedata\cache\sounds\crabvictory02.wav
d:\vincedata\cache\sounds\crabwalk.wav
d:\vincedata\cache\sounds\vince_cd_lor_01.wav
d:\vincedata\cache\sounds\vince_cd_lor_02.wav
d:\vincedata\cache\sounds\vince_cd_lor_03.wav
d:\vincedata\cache\sounds\vince_cd_lor_04.wav
d:\vincedata\cache\sounds\vince_cd_lor_05.wav
d:\vincedata\cache\sounds\vince_cd_lor_06.wav
d:\vincedata\cache\sounds\vince_cd_lor_07.wav
d:\vincedata\cache\sounds\vince_cd_lor_08.wav
d:\vincedata\cache\sounds\vince_cd_lor_09.wav
d:\vincedata\cache\sounds\vince_cd_lor_10.wav
d:\vincedata\cache\sounds\vince_cd_lor_11.wav
d:\vincedata\cache\sounds\vince_cd_lor_12.wav
d:\vincedata\cache\sounds\vince_cd_lor_13.wav
d:\vincedata\cache\sounds\vince_cd_lor_14.wav
