d:\vincedata\cache\anims\airplane_damage.anim
d:\vincedata\cache\anims\airplane_death.anim
d:\vincedata\cache\anims\airplane_elevators.anim
d:\vincedata\cache\anims\airplane_exitrocketlab001.anim
d:\vincedata\cache\anims\airplane_idle.anim
d:\vincedata\cache\anims\airplane_rudder.anim
d:\vincedata\cache\anims\airplane_wingailerons.anim
d:\vincedata\cache\anims\flamepipes_blasta.anim
d:\vincedata\cache\anims\flamepipes_blastb.anim
d:\vincedata\cache\anims\flamepipes_blastc.anim
d:\vincedata\cache\anims\flamewall_idle.anim
d:\vincedata\cache\anims\gascanister_walk.anim
d:\vincedata\cache\anims\lift01_activate.anim
d:\vincedata\cache\anims\lift02_activate.anim
d:\vincedata\cache\anims\lift03_activate.anim
d:\vincedata\cache\anims\lift04_activate.anim
d:\vincedata\cache\anims\lift05_activate.anim
d:\vincedata\cache\anims\lift06_activate.anim
d:\vincedata\cache\anims\lift07_activate.anim
d:\vincedata\cache\anims\lift08_activate.anim
d:\vincedata\cache\anims\lift09_activate.anim
d:\vincedata\cache\anims\lift10_activate.anim
d:\vincedata\cache\anims\lift11_activate.anim
d:\vincedata\cache\anims\lift12_activate.anim
d:\vincedata\cache\anims\lift13_activate.anim
d:\vincedata\cache\anims\lift14_activate.anim
d:\vincedata\cache\anims\lift15_activate.anim
d:\vincedata\cache\anims\lift16_activate.anim
d:\vincedata\cache\anims\lift17_activate.anim
d:\vincedata\cache\anims\lift18_activate.anim
d:\vincedata\cache\anims\lift19_activate.anim
d:\vincedata\cache\anims\lift20_activate.anim
d:\vincedata\cache\anims\professorethel_idle001.anim
d:\vincedata\cache\anims\professorethel_rl_01_idle.anim
d:\vincedata\cache\anims\professorethel_rl_02_heyyoufound.anim
d:\vincedata\cache\anims\professorethel_rl_03_trynotto.anim
d:\vincedata\cache\anims\rocket0_idle.anim
d:\vincedata\cache\anims\rocket1_idle.anim
d:\vincedata\cache\anims\rocket2_idle.anim
d:\vincedata\cache\anims\shortcuthatch_open.anim
d:\vincedata\cache\anims\signtrolley_activate.anim
d:\vincedata\cache\anims\trolley_arrive.anim
d:\vincedata\cache\anims\trolley_boarding.anim
d:\vincedata\cache\anims\trolley_depart.anim
d:\vincedata\cache\anims\vince_airplanerocketlabenter001.anim
d:\vincedata\cache\anims\vince_rl_01_hopsdown.anim
d:\vincedata\cache\anims\vince_rl_02_walksout.anim
d:\vincedata\cache\anims\vince_rl_03_nice.anim
d:\vincedata\cache\anims\vince_rl_04_listening.anim
d:\vincedata\cache\levels\rocketlab\anims\camera_00.campath
d:\vincedata\cache\levels\rocketlab\anims\camera_01.campath
d:\vincedata\cache\levels\rocketlab\anims\camera_02.campath
d:\vincedata\cache\levels\rocketlab\anims\camera_03.campath
d:\vincedata\cache\levels\rocketlab\anims\camera_03b.campath
d:\vincedata\cache\levels\rocketlab\anims\camera_03c.campath
d:\vincedata\cache\levels\rocketlab\anims\camera_04.campath
d:\vincedata\cache\levels\rocketlab\anims\camera_05.campath
d:\vincedata\cache\levels\rocketlab\anims\levelflythroughcam_rocketlab.campath
