d:\vincedata\cache\models\airplane_base.gator
d:\vincedata\cache\models\airplaneempty_base.gator
d:\vincedata\cache\models\canisterpad_base.gator
d:\vincedata\cache\models\doorrockblock_base.gator
d:\vincedata\cache\models\flamepipes_base.gator
d:\vincedata\cache\models\flamewall_base.gator
d:\vincedata\cache\models\gascanister_base.gator
d:\vincedata\cache\models\gascanisterforethel_base.gator
d:\vincedata\cache\models\lift01_base.gator
d:\vincedata\cache\models\lift02_base.gator
d:\vincedata\cache\models\lift03_base.gator
d:\vincedata\cache\models\lift04_base.gator
d:\vincedata\cache\models\lift05_base.gator
d:\vincedata\cache\models\lift06_base.gator
d:\vincedata\cache\models\lift07_base.gator
d:\vincedata\cache\models\lift08_base.gator
d:\vincedata\cache\models\lift09_base.gator
d:\vincedata\cache\models\lift10_base.gator
d:\vincedata\cache\models\lift11_base.gator
d:\vincedata\cache\models\lift12_base.gator
d:\vincedata\cache\models\lift13_base.gator
d:\vincedata\cache\models\lift14_base.gator
d:\vincedata\cache\models\lift15_base.gator
d:\vincedata\cache\models\lift16_base.gator
d:\vincedata\cache\models\lift17_base.gator
d:\vincedata\cache\models\lift18_base.gator
d:\vincedata\cache\models\lift19_base.gator
d:\vincedata\cache\models\lift20_base.gator
d:\vincedata\cache\models\professorethel_base.gator
d:\vincedata\cache\models\rocket0_base.gator
d:\vincedata\cache\models\rocket1_base.gator
d:\vincedata\cache\models\rocket2_base.gator
d:\vincedata\cache\models\shortcuthatch_base.gator
d:\vincedata\cache\models\signtrolley_base.gator
d:\vincedata\cache\models\trolley_base.gator
