d:\vincedata\cache\sounds\plane_wallcol.wav
d:\vincedata\cache\sounds\planefly.wav
d:\vincedata\cache\sounds\planeflyfast.wav
d:\vincedata\cache\sounds\planeimp01.wav
d:\vincedata\cache\sounds\planeimp02.wav
d:\vincedata\cache\sounds\planeimp03.wav
d:\vincedata\cache\sounds\planeimp04.wav
d:\vincedata\cache\sounds\planestart.wav
d:\vincedata\cache\sounds\rmt_amb01.wav
d:\vincedata\cache\sounds\rrl_amb01.wav
d:\vincedata\cache\sounds\rrl_candisp.wav
d:\vincedata\cache\sounds\rrl_candown.wav
d:\vincedata\cache\sounds\rrl_canexp.wav
d:\vincedata\cache\sounds\rrl_flame01.wav
d:\vincedata\cache\sounds\rrl_flame02.wav
d:\vincedata\cache\sounds\rrl_flame03.wav
d:\vincedata\cache\sounds\rrl_flame04.wav
d:\vincedata\cache\sounds\rrl_flame05.wav
d:\vincedata\cache\sounds\rrl_lift00.wav
d:\vincedata\cache\sounds\rrl_lift01.wav
d:\vincedata\cache\sounds\rrl_lift02.wav
d:\vincedata\cache\sounds\rrl_lift03.wav
d:\vincedata\cache\sounds\rsu_amb01.wav
d:\vincedata\cache\sounds\vince_r_rl_02.wav
d:\vincedata\cache\sounds\vince_r_rl_03.wav
d:\vincedata\cache\sounds\vince_r_rl_04.wav
d:\vincedata\cache\sounds\vince_r_rl_05.wav
