d:\vincedata\cache\levels\wrathofjanice\models\water.gator
d:\vincedata\cache\models\arenadrawbridge_base.gator
d:\vincedata\cache\models\arenamainbridge_base.gator
d:\vincedata\cache\models\balloon_base.gator
d:\vincedata\cache\models\entrancedebris_base.gator
d:\vincedata\cache\models\gascanister_base.gator
d:\vincedata\cache\models\gascanisterforethel_base.gator
d:\vincedata\cache\models\janice_base.gator
d:\vincedata\cache\models\laundrybasketforethel_base.gator
d:\vincedata\cache\models\laundrybita_base.gator
d:\vincedata\cache\models\laundrydress_base.gator
d:\vincedata\cache\models\laundrypants_base.gator
d:\vincedata\cache\models\laundryscarf_base.gator
d:\vincedata\cache\models\laundryshirt_base.gator
d:\vincedata\cache\models\laundrytie_base.gator
d:\vincedata\cache\models\nailbox_base.gator
d:\vincedata\cache\models\nailbox_giblets_base.gator
d:\vincedata\cache\models\professorethel_base.gator
d:\vincedata\cache\models\propeller_base.gator
d:\vincedata\cache\models\propellerforethel_base.gator
d:\vincedata\cache\models\suspendedlight_base.gator
d:\vincedata\cache\models\wallplatforms_base.gator
