d:\vincedata\cache\sounds\charmaine_r_wj_01.wav
d:\vincedata\cache\sounds\ethel_r_uc_06.wav
d:\vincedata\cache\sounds\ethel_r_uc_07.wav
d:\vincedata\cache\sounds\ethel_r_uc_08.wav
d:\vincedata\cache\sounds\ethel_r_uc_09.wav
d:\vincedata\cache\sounds\ethel_r_uc_10.wav
d:\vincedata\cache\sounds\ethel_r_uc_11.wav
d:\vincedata\cache\sounds\ethel_r_uc_12.wav
d:\vincedata\cache\sounds\ethel_r_uc_13.wav
d:\vincedata\cache\sounds\ethel_r_uc_14.wav
d:\vincedata\cache\sounds\ethel_r_uc_15.wav
d:\vincedata\cache\sounds\jan_nailimp.wav
d:\vincedata\cache\sounds\jan_switch.wav
d:\vincedata\cache\sounds\janbite.wav
d:\vincedata\cache\sounds\jandamage.wav
d:\vincedata\cache\sounds\janlaseremitter.wav
d:\vincedata\cache\sounds\janlaserfir.wav
d:\vincedata\cache\sounds\janlaserpow.wav
d:\vincedata\cache\sounds\janlserimp.wav
d:\vincedata\cache\sounds\janmoveplat.wav
d:\vincedata\cache\sounds\janroara1.wav
d:\vincedata\cache\sounds\janroara2.wav
d:\vincedata\cache\sounds\janroarb1.wav
d:\vincedata\cache\sounds\janroarb2.wav
d:\vincedata\cache\sounds\janstep01_01.wav
d:\vincedata\cache\sounds\janstep01_02.wav
d:\vincedata\cache\sounds\janstep01_03.wav
d:\vincedata\cache\sounds\janstep01_04.wav
d:\vincedata\cache\sounds\jantramp.wav
d:\vincedata\cache\sounds\janvincecrackle.wav
d:\vincedata\cache\sounds\janvinceouch1.wav
d:\vincedata\cache\sounds\janvinceouch2.wav
d:\vincedata\cache\sounds\janvinceouch3.wav
d:\vincedata\cache\sounds\janvinceouch4.wav
d:\vincedata\cache\sounds\janvinceouch5.wav
d:\vincedata\cache\sounds\nails_explode.wav
d:\vincedata\cache\sounds\qsq_vboot01.wav
d:\vincedata\cache\sounds\rlab_amb01.wav
d:\vincedata\cache\sounds\rlab_amb02.wav
d:\vincedata\cache\sounds\rlab_beaker.wav
d:\vincedata\cache\sounds\rlab_gizmo01.wav
d:\vincedata\cache\sounds\rlab_gizmo02.wav
d:\vincedata\cache\sounds\rlab_guard.wav
d:\vincedata\cache\sounds\vince_inflate.wav
