d:\vincedata\cache\sounds\bsh_amb01.wav
d:\vincedata\cache\sounds\bsh_amb02.wav
d:\vincedata\cache\sounds\bsh_amb03.wav
d:\vincedata\cache\sounds\bsh_amb04.wav
d:\vincedata\cache\sounds\bsh_ocall.wav
d:\vincedata\cache\sounds\bsh_ofright.wav
d:\vincedata\cache\sounds\bsh_oidle.wav
d:\vincedata\cache\sounds\bsh_ostep01.wav
d:\vincedata\cache\sounds\bsh_ostep02.wav
d:\vincedata\cache\sounds\bsh_ostep03.wav
d:\vincedata\cache\sounds\bsh_ostep04.wav
d:\vincedata\cache\sounds\bsh_ostep05.wav
d:\vincedata\cache\sounds\bsh_ostep06.wav
d:\vincedata\cache\sounds\bsh_trap.wav
d:\vincedata\cache\sounds\fbugattack.wav
d:\vincedata\cache\sounds\fbugattack2.wav
d:\vincedata\cache\sounds\fbugcutv.wav
d:\vincedata\cache\sounds\fbugdamflat.wav
d:\vincedata\cache\sounds\fbugdamspn.wav
d:\vincedata\cache\sounds\fbugdeath.wav
d:\vincedata\cache\sounds\fbugdis.wav
d:\vincedata\cache\sounds\fbugflipk.wav
d:\vincedata\cache\sounds\fbugidle.wav
d:\vincedata\cache\sounds\fbugimpact.wav
d:\vincedata\cache\sounds\fbugjackh.wav
d:\vincedata\cache\sounds\fbugjackh_02.wav
d:\vincedata\cache\sounds\fbugpat01.wav
d:\vincedata\cache\sounds\fbugpat02.wav
d:\vincedata\cache\sounds\fbugpowdam.wav
d:\vincedata\cache\sounds\fbugtwist.wav
d:\vincedata\cache\sounds\fbugtwist_02.wav
d:\vincedata\cache\sounds\fbugtwist_03.wav
d:\vincedata\cache\sounds\fbugwindup.wav
