d:\vincedata\cache\anims\bigpig_back2snuz.anim
d:\vincedata\cache\anims\bigpig_charge.anim
d:\vincedata\cache\anims\bigpig_cymbals.anim
d:\vincedata\cache\anims\bigpig_damageflatten001.anim
d:\vincedata\cache\anims\bigpig_halt.anim
d:\vincedata\cache\anims\bigpig_reverse.anim
d:\vincedata\cache\anims\bigpig_smwakeup.anim
d:\vincedata\cache\anims\bigpig_snuz.anim
d:\vincedata\cache\anims\bigpigexitdoors_open.anim
d:\vincedata\cache\anims\bubbagator_ambientbelch001.anim
d:\vincedata\cache\anims\bubbagator_ambientbreathinghard001.anim
d:\vincedata\cache\anims\bubbagator_ambientscratch001.anim
d:\vincedata\cache\anims\bubbagator_ambienttaunt001.anim
d:\vincedata\cache\anims\bubbagator_attackbelly_left.anim
d:\vincedata\cache\anims\bubbagator_attackbelly_right.anim
d:\vincedata\cache\anims\bubbagator_attackbelly_straight.anim
d:\vincedata\cache\anims\bubbagator_attackbite.anim
d:\vincedata\cache\anims\bubbagator_attacktail.anim
d:\vincedata\cache\anims\bubbagator_blockhold001.anim
d:\vincedata\cache\anims\bubbagator_blockstart001.anim
d:\vincedata\cache\anims\bubbagator_cuthorizontal_death001.anim
d:\vincedata\cache\anims\bubbagator_cuthorizontal_death002.anim
d:\vincedata\cache\anims\bubbagator_cutvertical_death001.anim
d:\vincedata\cache\anims\bubbagator_cutvertical_death002.anim
d:\vincedata\cache\anims\bubbagator_damagedeathpunch001.anim
d:\vincedata\cache\anims\bubbagator_damagedeathpunch002.anim
d:\vincedata\cache\anims\bubbagator_damagedeathpunch003.anim
d:\vincedata\cache\anims\bubbagator_damagedinjured001.anim
d:\vincedata\cache\anims\bubbagator_damageflatten001.anim
d:\vincedata\cache\anims\bubbagator_damageflatten002.anim
d:\vincedata\cache\anims\bubbagator_damageflipkick001.anim
d:\vincedata\cache\anims\bubbagator_damageflipkick002.anim
d:\vincedata\cache\anims\bubbagator_damageflipkick003.anim
d:\vincedata\cache\anims\bubbagator_damagefrozen001.anim
d:\vincedata\cache\anims\bubbagator_damagefrozenrecover001.anim
d:\vincedata\cache\anims\bubbagator_damageheadslam001.anim
d:\vincedata\cache\anims\bubbagator_damagejackhammer001.anim
d:\vincedata\cache\anims\bubbagator_damagejackhammer002.anim
d:\vincedata\cache\anims\bubbagator_damagepoked001.anim
d:\vincedata\cache\anims\bubbagator_damagepoked002.anim
d:\vincedata\cache\anims\bubbagator_damagetwister001.anim
d:\vincedata\cache\anims\bubbagator_damagetwister002.anim
d:\vincedata\cache\anims\bubbagator_disintegrate_death001.anim
d:\vincedata\cache\anims\bubbagator_idle001.anim
d:\vincedata\cache\anims\bubbagator_preattackbelly_left.anim
d:\vincedata\cache\anims\bubbagator_preattackbelly_right.anim
d:\vincedata\cache\anims\bubbagator_preattackbelly_straight.anim
d:\vincedata\cache\anims\bubbagator_preattacktail.anim
d:\vincedata\cache\anims\bubbagator_predamage001.anim
d:\vincedata\cache\anims\bubbagator_victory001.anim
d:\vincedata\cache\anims\bubbagator_victory002.anim
d:\vincedata\cache\anims\bubbagator_walk001.anim
d:\vincedata\cache\anims\cymbals_attack.anim
d:\vincedata\cache\anims\cymbals_hand.anim
d:\vincedata\cache\anims\cymbals_spin.anim
d:\vincedata\cache\anims\kosmohead_pigdoomintro.anim
d:\vincedata\cache\anims\kosmohead_pigdoomintro.lightpath
d:\vincedata\cache\anims\safehookrope_drop.anim
d:\vincedata\cache\anims\safehookrope_hitlift.anim
d:\vincedata\cache\anims\safehookrope_idle.anim
d:\vincedata\cache\anims\signusewhammygosh_idle.anim
d:\vincedata\cache\anims\signwaterdeath_idle.anim
d:\vincedata\cache\anims\switchsafe_off.anim
d:\vincedata\cache\anims\switchsafe_on.anim
d:\vincedata\cache\anims\vince_attack_cymbals.anim
d:\vincedata\cache\anims\vince_docks_enter.anim
d:\vincedata\cache\levels\bigpig\anims\camera_kosmobigpig.campath
d:\vincedata\cache\levels\bigpig\anims\camera_vincewalkstop.campath
d:\vincedata\cache\levels\bigpig\anims\levelflythroughcam_bigpig.campath
