d:\vincedata\cache\models\activator_base.gator
d:\vincedata\cache\models\angrygod_base.gator
d:\vincedata\cache\models\bead2_base.gator
d:\vincedata\cache\models\bead3_base.gator
d:\vincedata\cache\models\bead_base.gator
d:\vincedata\cache\models\bead_glow_base.gator
d:\vincedata\cache\models\boomerangpin_base.gator
d:\vincedata\cache\models\charmpage_base.gator
d:\vincedata\cache\models\dustbag_base.gator
d:\vincedata\cache\models\dustcluster_base.gator
d:\vincedata\cache\models\extralife_base.gator
d:\vincedata\cache\models\fallingcow_base.gator
d:\vincedata\cache\models\fingers_base.gator
d:\vincedata\cache\models\guillotine_base.gator
d:\vincedata\cache\models\interfacecharmpage_base.gator
d:\vincedata\cache\models\interfacegoldenjunebug_base.gator
d:\vincedata\cache\models\interfacemysterybox_base.gator
d:\vincedata\cache\models\jackhammer_base.gator
d:\vincedata\cache\models\jeb_base.gator
d:\vincedata\cache\models\laxative_base.gator
d:\vincedata\cache\models\lightening_base.gator
d:\vincedata\cache\models\meatcleaver_base.gator
d:\vincedata\cache\models\mobhit_base.gator
d:\vincedata\cache\models\pin_base.gator
d:\vincedata\cache\models\powericon_base.gator
d:\vincedata\cache\models\projectileskull_base.gator
d:\vincedata\cache\models\scissors_base.gator
d:\vincedata\cache\models\sky_carnival_base.gator
d:\vincedata\cache\models\sky_carnival_cloudplane_bottom_base.gator
d:\vincedata\cache\models\sky_carnival_cloudplane_top_base.gator
d:\vincedata\cache\models\swamppepper_base.gator
d:\vincedata\cache\models\swinghooktarget_base.gator
d:\vincedata\cache\models\toxic_base.gator
d:\vincedata\cache\models\vince_base.gator
d:\vincedata\cache\models\vince_cuthorizontal_base.gator
d:\vincedata\cache\models\vince_cutvertical_base.gator
d:\vincedata\cache\models\vince_disintegrate_base.gator
d:\vincedata\cache\models\vince_poked_base.gator
d:\vincedata\cache\models\vince_shadow_base.gator
d:\vincedata\cache\models\vinceairplane_base.gator
