d:\vincedata\cache\particles\acidpour.fly
d:\vincedata\cache\particles\acidpourb.fly
d:\vincedata\cache\particles\acidsmoke.fly
d:\vincedata\cache\particles\activator.fly
d:\vincedata\cache\particles\activatorleave.fly
d:\vincedata\cache\particles\angrygoddust.fly
d:\vincedata\cache\particles\areaeffect_blender.fly
d:\vincedata\cache\particles\areaeffect_cleaver.fly
d:\vincedata\cache\particles\areaeffect_headslam.fly
d:\vincedata\cache\particles\areaeffect_headslambig.fly
d:\vincedata\cache\particles\areaeffect_janicespikepit.fly
d:\vincedata\cache\particles\areaeffect_mallet.fly
d:\vincedata\cache\particles\areaeffect_pin.fly
d:\vincedata\cache\particles\areaeffect_pintitanium.fly
d:\vincedata\cache\particles\areaeffect_plutoniumrod.fly
d:\vincedata\cache\particles\areaeffect_powerup_a.fly
d:\vincedata\cache\particles\areaeffect_roachbomb.fly
d:\vincedata\cache\particles\areaeffect_roachbombb.fly
d:\vincedata\cache\particles\areaeffect_safe.fly
d:\vincedata\cache\particles\areaeffect_swamppepper.fly
d:\vincedata\cache\particles\areaeffect_tnt.fly
d:\vincedata\cache\particles\areaeffect_trainwreck.fly
d:\vincedata\cache\particles\areaeffectpinend.fly
d:\vincedata\cache\particles\arealoadvortex.fly
d:\vincedata\cache\particles\arealoadvortex_lg.fly
d:\vincedata\cache\particles\arealoadvortex_md.fly
d:\vincedata\cache\particles\arrowinhead.fly
d:\vincedata\cache\particles\balloonpop.fly
d:\vincedata\cache\particles\beadenterexit.fly
d:\vincedata\cache\particles\belowdeckscapture02.fly
d:\vincedata\cache\particles\bigwatersplash.fly
d:\vincedata\cache\particles\blendersmoke.fly
d:\vincedata\cache\particles\blendervincescraps.fly
d:\vincedata\cache\particles\bluegas.fly
d:\vincedata\cache\particles\bluegasburning.fly
d:\vincedata\cache\particles\boatdrips.fly
d:\vincedata\cache\particles\bombexplode.fly
d:\vincedata\cache\particles\bombexplodesmoke.fly
d:\vincedata\cache\particles\bombflame.fly
d:\vincedata\cache\particles\boomeranghit.fly
d:\vincedata\cache\particles\boomerangrope.fly
d:\vincedata\cache\particles\boomerangtrail.fly
d:\vincedata\cache\particles\boostring.fly
d:\vincedata\cache\particles\bouldercrash.fly
d:\vincedata\cache\particles\boxonailsexplode.fly
d:\vincedata\cache\particles\braindamage.fly
d:\vincedata\cache\particles\braindeath.fly
d:\vincedata\cache\particles\brusquecollapsehead.fly
d:\vincedata\cache\particles\bubbles.fly
d:\vincedata\cache\particles\bugslamp.fly
d:\vincedata\cache\particles\bugslampfewer.fly
d:\vincedata\cache\particles\bugslampsmaller.fly
d:\vincedata\cache\particles\bullethit.fly
d:\vincedata\cache\particles\bulletmiss.fly
d:\vincedata\cache\particles\bulletspark.fly
d:\vincedata\cache\particles\bumperblocksmoke.fly
d:\vincedata\cache\particles\burlesqueexit.fly
d:\vincedata\cache\particles\burst.fly
d:\vincedata\cache\particles\candelabrum_flame.fly
d:\vincedata\cache\particles\candleflame.fly
d:\vincedata\cache\particles\candleflameb.fly
d:\vincedata\cache\particles\carnivalarrowdust.fly
d:\vincedata\cache\particles\cathedral.fly
d:\vincedata\cache\particles\chainsawsmoke.fly
d:\vincedata\cache\particles\charmpageenterexit.fly
d:\vincedata\cache\particles\chopperexhaust.fly
d:\vincedata\cache\particles\choppersmoke.fly
d:\vincedata\cache\particles\choppersparks.fly
d:\vincedata\cache\particles\circuscannonfire.fly
d:\vincedata\cache\particles\controlroomsparks.fly
d:\vincedata\cache\particles\crawdadtrapdrips.fly
d:\vincedata\cache\particles\crystalball.fly
d:\vincedata\cache\particles\curioheadenterexit.fly
d:\vincedata\cache\particles\cuthorizontal.fly
d:\vincedata\cache\particles\cutvertical.fly
d:\vincedata\cache\particles\death_cleaver.fly
d:\vincedata\cache\particles\death_plutoniumrod.fly
d:\vincedata\cache\particles\death_powerup_a.fly
d:\vincedata\cache\particles\death_tnt.fly
d:\vincedata\cache\particles\deathvortexik.fly
d:\vincedata\cache\particles\deathvortexik2.fly
d:\vincedata\cache\particles\debrisspin.fly
d:\vincedata\cache\particles\debrisspintimed.fly
d:\vincedata\cache\particles\dinobossexplosion.fly
d:\vincedata\cache\particles\dinobosseyeglow.fly
d:\vincedata\cache\particles\dinoburst.fly
d:\vincedata\cache\particles\disintegrate.fly
d:\vincedata\cache\particles\dollydeath.fly
d:\vincedata\cache\particles\dollydeathsmokeneck.fly
d:\vincedata\cache\particles\dollydeathsparksface.fly
d:\vincedata\cache\particles\dollygundeathsmoke.fly
d:\vincedata\cache\particles\dollyheaddeath.fly
d:\vincedata\cache\particles\dollyhurt.fly
d:\vincedata\cache\particles\dollyrefexplode_large.fly
d:\vincedata\cache\particles\dollytrainwreck.fly
d:\vincedata\cache\particles\dollytrainwreck2.fly
d:\vincedata\cache\particles\dragonflyfire.fly
d:\vincedata\cache\particles\dragonflyhit.fly
d:\vincedata\cache\particles\drillshards.fly
d:\vincedata\cache\particles\dripsa.fly
d:\vincedata\cache\particles\dripsb.fly
d:\vincedata\cache\particles\dripsc.fly
d:\vincedata\cache\particles\dripsd.fly
d:\vincedata\cache\particles\dripswrathojanice.fly
d:\vincedata\cache\particles\dust01_fire.fly
d:\vincedata\cache\particles\dust02_deflect.fly
d:\vincedata\cache\particles\dust03_create.fly
d:\vincedata\cache\particles\dust04_blow.fly
d:\vincedata\cache\particles\dust05_pass.fly
d:\vincedata\cache\particles\dust06_boom.fly
d:\vincedata\cache\particles\dustbagcs.fly
d:\vincedata\cache\particles\dustbagcsbox.fly
d:\vincedata\cache\particles\dustbrushcharmain01.fly
d:\vincedata\cache\particles\dustbrushcharmain02.fly
d:\vincedata\cache\particles\dustburst.fly
d:\vincedata\cache\particles\dustbursthannadebris.fly
d:\vincedata\cache\particles\dustbursthannadebrisimpact.fly
d:\vincedata\cache\particles\dustburstlarge.fly
d:\vincedata\cache\particles\dustburstmed.fly
d:\vincedata\cache\particles\dustcluster.fly
d:\vincedata\cache\particles\dustclusterpickup.fly
d:\vincedata\cache\particles\dusthitvince.fly
d:\vincedata\cache\particles\dustmote.fly
d:\vincedata\cache\particles\dustmotecharmain.fly
d:\vincedata\cache\particles\dustmotecharmainblow.fly
d:\vincedata\cache\particles\dustmotecharmainboom.fly
d:\vincedata\cache\particles\dustmotecharmaincreate.fly
d:\vincedata\cache\particles\dustmotecharmainflying.fly
d:\vincedata\cache\particles\dustmotekosmodeflect.fly
d:\vincedata\cache\particles\dustmotekosmofire.fly
d:\vincedata\cache\particles\dustmotepickup.fly
d:\vincedata\cache\particles\dustspill.fly
d:\vincedata\cache\particles\dustunitpickup.fly
d:\vincedata\cache\particles\eggbcbimpact.fly
d:\vincedata\cache\particles\enrgyballtemp.fly
d:\vincedata\cache\particles\enrgyballtemp2.fly
d:\vincedata\cache\particles\evilvinceattack0.fly
d:\vincedata\cache\particles\evilvincedust.fly
d:\vincedata\cache\particles\evilvinceenter.fly
d:\vincedata\cache\particles\evilvincesmoke.fly
d:\vincedata\cache\particles\explosionjetplane.fly
d:\vincedata\cache\particles\explosionrockblock.fly
d:\vincedata\cache\particles\fanboatboost.fly
d:\vincedata\cache\particles\fanboatmist.fly
d:\vincedata\cache\particles\fanboatsplash.fly
d:\vincedata\cache\particles\fanboatsplashforward.fly
d:\vincedata\cache\particles\fanboatwake.fly
d:\vincedata\cache\particles\fireflies.fly
d:\vincedata\cache\particles\fireinoven.fly
d:\vincedata\cache\particles\firerocketshop.fly
d:\vincedata\cache\particles\firesmoke_endscene.fly
d:\vincedata\cache\particles\flatten.fly
d:\vincedata\cache\particles\fliesswampwater.fly
d:\vincedata\cache\particles\fountaindripa.fly
d:\vincedata\cache\particles\fountaindripb.fly
d:\vincedata\cache\particles\fountainwatersplash.fly
d:\vincedata\cache\particles\frogtongueattack.fly
d:\vincedata\cache\particles\funkytestbrant01.fly
d:\vincedata\cache\particles\fuse.fly
d:\vincedata\cache\particles\gas.fly
d:\vincedata\cache\particles\gasolinespray.fly
d:\vincedata\cache\particles\gaspumpfire.fly
d:\vincedata\cache\particles\gaspumpfire2.fly
d:\vincedata\cache\particles\gaspumpsmoke.fly
d:\vincedata\cache\particles\gbcml.fly
d:\vincedata\cache\particles\gbcmlappear.fly
d:\vincedata\cache\particles\gbcmldisappear.fly
d:\vincedata\cache\particles\gbcmlpedestalpoof.fly
d:\vincedata\cache\particles\glassbreak.fly
d:\vincedata\cache\particles\glowberry.fly
d:\vincedata\cache\particles\grinderblood.fly
d:\vincedata\cache\particles\hammerpound.fly
d:\vincedata\cache\particles\hannadebris.fly
d:\vincedata\cache\particles\hatskulls.fly
d:\vincedata\cache\particles\headpanelopen.fly
d:\vincedata\cache\particles\headslam.fly
d:\vincedata\cache\particles\healthdisplaymote.fly
d:\vincedata\cache\particles\hornaway.fly
d:\vincedata\cache\particles\interface_beadwheelcharged.fly
d:\vincedata\cache\particles\interface_getbag.fly
d:\vincedata\cache\particles\interface_getbag100th.fly
d:\vincedata\cache\particles\interface_getbead.fly
d:\vincedata\cache\particles\interface_getextralife.fly
d:\vincedata\cache\particles\interface_gethealth.fly
d:\vincedata\cache\particles\interface_getpage.fly
d:\vincedata\cache\particles\interface_getpowerskull.fly
d:\vincedata\cache\particles\interface_ingametext.fly
d:\vincedata\cache\particles\ironmaidenslam.fly
d:\vincedata\cache\particles\jebburst.fly
d:\vincedata\cache\particles\jetflame.fly
d:\vincedata\cache\particles\jetflamearoundbot.fly
d:\vincedata\cache\particles\jetflameboost.fly
d:\vincedata\cache\particles\jetflameend.fly
d:\vincedata\cache\particles\jetflameouttent.fly
d:\vincedata\cache\particles\jetflamereturn.fly
d:\vincedata\cache\particles\jetflametalk.fly
d:\vincedata\cache\particles\jetflamewithsmoke.fly
d:\vincedata\cache\particles\jugofknowhow.fly
d:\vincedata\cache\particles\jugofknowhowpickup.fly
d:\vincedata\cache\particles\junebugdrip.fly
d:\vincedata\cache\particles\junebugenterexit.fly
d:\vincedata\cache\particles\junebugvulnerable.fly
d:\vincedata\cache\particles\kettlefire.fly
d:\vincedata\cache\particles\kettlesteam.fly
d:\vincedata\cache\particles\killerbeez.fly
d:\vincedata\cache\particles\killodillo_explode.fly
d:\vincedata\cache\particles\killzoneguide.fly
d:\vincedata\cache\particles\kosmobladecut.fly
d:\vincedata\cache\particles\kosmobotheadexplode.fly
d:\vincedata\cache\particles\kosmobotstompsmoke.fly
d:\vincedata\cache\particles\kosmobotstompsmokeb.fly
d:\vincedata\cache\particles\kosmoegg_smoke.fly
d:\vincedata\cache\particles\kosmoheadblowup.fly
d:\vincedata\cache\particles\kosmoheadenterexit.fly
d:\vincedata\cache\particles\kosmoheadenterexitb.fly
d:\vincedata\cache\particles\kosmoheadexplodeeye.fly
d:\vincedata\cache\particles\kosmoheadexplodemid.fly
d:\vincedata\cache\particles\kosmoheadexplodeneck.fly
d:\vincedata\cache\particles\kosmoheadexplodetop.fly
d:\vincedata\cache\particles\kosmolasereyes.fly
d:\vincedata\cache\particles\kosmolasereyesjimmys.fly
d:\vincedata\cache\particles\kosmolasereyesrrr.fly
d:\vincedata\cache\particles\landdust.fly
d:\vincedata\cache\particles\laserbeam.fly
d:\vincedata\cache\particles\laserhitblast.fly
d:\vincedata\cache\particles\lawnmower.fly
d:\vincedata\cache\particles\lawnvince.fly
d:\vincedata\cache\particles\leavesambient.fly
d:\vincedata\cache\particles\lightening.fly
d:\vincedata\cache\particles\lighteningexplosion.fly
d:\vincedata\cache\particles\lighteningstrikea.fly
d:\vincedata\cache\particles\lighteningstrikeb.fly
d:\vincedata\cache\particles\lighteningstrikec.fly
d:\vincedata\cache\particles\lightningsparks.fly
d:\vincedata\cache\particles\lightningzap.fly
d:\vincedata\cache\particles\lightningzap_bossmonster.fly
d:\vincedata\cache\particles\lightningzapb.fly
d:\vincedata\cache\particles\loadscreen.fly
d:\vincedata\cache\particles\luckycharms.fly
d:\vincedata\cache\particles\meatgoo.fly
d:\vincedata\cache\particles\mobhitguns01.fly
d:\vincedata\cache\particles\monkeycymbals.fly
d:\vincedata\cache\particles\monsterburst.fly
d:\vincedata\cache\particles\monsterdeath.fly
d:\vincedata\cache\particles\monsterfade.fly
d:\vincedata\cache\particles\monsterufohit.fly
d:\vincedata\cache\particles\mrsg_damagesmall.fly
d:\vincedata\cache\particles\mrsg_dusthead.fly
d:\vincedata\cache\particles\mrsg_dustlhand.fly
d:\vincedata\cache\particles\mrsg_dustneck.fly
d:\vincedata\cache\particles\mrsg_dustrarm.fly
d:\vincedata\cache\particles\mrsg_dustrhand.fly
d:\vincedata\cache\particles\mrsg_dustsettles.fly
d:\vincedata\cache\particles\mrsg_dustup.fly
d:\vincedata\cache\particles\mrsgstomp.fly
d:\vincedata\cache\particles\museumdripsa.fly
d:\vincedata\cache\particles\museumdripsb.fly
d:\vincedata\cache\particles\museumdripsc.fly
d:\vincedata\cache\particles\museumopenroofrain.fly
d:\vincedata\cache\particles\mysteryboxenterexit.fly
d:\vincedata\cache\particles\needlehatbullet.fly
d:\vincedata\cache\particles\pierbubbles.fly
d:\vincedata\cache\particles\pigboom.fly
d:\vincedata\cache\particles\pinata.fly
d:\vincedata\cache\particles\pinatabig.fly
d:\vincedata\cache\particles\pitparticles.fly
d:\vincedata\cache\particles\pitparts.fly
d:\vincedata\cache\particles\poodleimpact.fly
d:\vincedata\cache\particles\poodletrail.fly
d:\vincedata\cache\particles\poofs.fly
d:\vincedata\cache\particles\pop.fly
d:\vincedata\cache\particles\poplg.fly
d:\vincedata\cache\particles\powburst.fly
d:\vincedata\cache\particles\powdeatharea.fly
d:\vincedata\cache\particles\powdeathareaevilvince.fly
d:\vincedata\cache\particles\powderkeg_explode.fly
d:\vincedata\cache\particles\powericonenterexit.fly
d:\vincedata\cache\particles\powevilvincesummon.fly
d:\vincedata\cache\particles\powprojectile.fly
d:\vincedata\cache\particles\preblastgas.fly
d:\vincedata\cache\particles\puddlesplash.fly
d:\vincedata\cache\particles\roachvomit.fly
d:\vincedata\cache\particles\rocket.fly
d:\vincedata\cache\particles\rpbuildup.fly
d:\vincedata\cache\particles\rpexplosion.fly
d:\vincedata\cache\particles\rrrshockwave.fly
d:\vincedata\cache\particles\rrrshockwaveb.fly
d:\vincedata\cache\particles\safehitsvince.fly
d:\vincedata\cache\particles\shockwavebumpertargets.fly
d:\vincedata\cache\particles\shockwavebumpertargetsb.fly
d:\vincedata\cache\particles\shrimpboat.fly
d:\vincedata\cache\particles\skeletoncollapse.fly
d:\vincedata\cache\particles\skulls.fly
d:\vincedata\cache\particles\skullslgsq.fly
d:\vincedata\cache\particles\smoke_basketcasechimney.fly
d:\vincedata\cache\particles\smoke_clownrocket.fly
d:\vincedata\cache\particles\smoke_endscene.fly
d:\vincedata\cache\particles\smoke_grinder.fly
d:\vincedata\cache\particles\smoke_kosmobotlegdamage.fly
d:\vincedata\cache\particles\smoke_lamp.fly
d:\vincedata\cache\particles\smoke_landorides.fly
d:\vincedata\cache\particles\smoke_maker.fly
d:\vincedata\cache\particles\smoke_makerb.fly
d:\vincedata\cache\particles\smoke_rocket.fly
d:\vincedata\cache\particles\smoke_sausagea.fly
d:\vincedata\cache\particles\smokeblue.fly
d:\vincedata\cache\particles\smokegenerator.fly
d:\vincedata\cache\particles\smokereggiewreck.fly
d:\vincedata\cache\particles\smokestacka.fly
d:\vincedata\cache\particles\smokestackb.fly
d:\vincedata\cache\particles\smokestackc.fly
d:\vincedata\cache\particles\smokesteamroller.fly
d:\vincedata\cache\particles\smoketoxicwaste.fly
d:\vincedata\cache\particles\smoketunneltool.fly
d:\vincedata\cache\particles\smokeufohit.fly
d:\vincedata\cache\particles\sparksbasket.fly
d:\vincedata\cache\particles\sparksgenerator.fly
d:\vincedata\cache\particles\sparksorange.fly
d:\vincedata\cache\particles\splashtoxicwaste.fly
d:\vincedata\cache\particles\steamsausagea.fly
d:\vincedata\cache\particles\steamwrathojanice.fly
d:\vincedata\cache\particles\stormstart.fly
d:\vincedata\cache\particles\strikerbasesmoke.fly
d:\vincedata\cache\particles\strikerbellring.fly
d:\vincedata\cache\particles\subbreach.fly
d:\vincedata\cache\particles\subbubbles.fly
d:\vincedata\cache\particles\subwake.fly
d:\vincedata\cache\particles\sunbeamsizzle.fly
d:\vincedata\cache\particles\swamppepper.fly
d:\vincedata\cache\particles\swamppepperburpvince.fly
d:\vincedata\cache\particles\swinghooktarget.fly
d:\vincedata\cache\particles\tempflameburst.fly
d:\vincedata\cache\particles\tempflamewall.fly
d:\vincedata\cache\particles\tendrilring.fly
d:\vincedata\cache\particles\tentboom.fly
d:\vincedata\cache\particles\tikitorch.fly
d:\vincedata\cache\particles\torchorange_a.fly
d:\vincedata\cache\particles\tornadodebris.fly
d:\vincedata\cache\particles\tornadodust.fly
d:\vincedata\cache\particles\tornadodustb.fly
d:\vincedata\cache\particles\tornadotip.fly
d:\vincedata\cache\particles\towerblaze.fly
d:\vincedata\cache\particles\trainingsignsparkle.fly
d:\vincedata\cache\particles\trolleyenterexit.fly
d:\vincedata\cache\particles\trucksmoke.fly
d:\vincedata\cache\particles\tunneltorch.fly
d:\vincedata\cache\particles\ufotrail.fly
d:\vincedata\cache\particles\vincedeath.fly
d:\vincedata\cache\particles\vincedrips.fly
d:\vincedata\cache\particles\vincefart.fly
d:\vincedata\cache\particles\vincefloat.fly
d:\vincedata\cache\particles\vincegkjimpact.fly
d:\vincedata\cache\particles\vincegkjshake.fly
d:\vincedata\cache\particles\vincehorsekick.fly
d:\vincedata\cache\particles\vincejaniceimpact.fly
d:\vincedata\cache\particles\vincejumptrail.fly
d:\vincedata\cache\particles\vinceonfire.fly
d:\vincedata\cache\particles\vincepowerupglow.fly
d:\vincedata\cache\particles\vincespawn.fly
d:\vincedata\cache\particles\vincewatersplash.fly
d:\vincedata\cache\particles\vortex.fly
d:\vincedata\cache\particles\waterfallbathroomlarge.fly
d:\vincedata\cache\particles\weaponaura.fly
d:\vincedata\cache\particles\zombiedustbag.fly
