d:\vincedata\cache\models\bead2_base.gator
d:\vincedata\cache\models\bead3_base.gator
d:\vincedata\cache\models\bead_base.gator
d:\vincedata\cache\models\bead_glow_base.gator
d:\vincedata\cache\models\boomerangpin_base.gator
d:\vincedata\cache\models\bugjar_base.gator
d:\vincedata\cache\models\ceilingfanshop_base.gator
d:\vincedata\cache\models\chapterbook_base.gator
d:\vincedata\cache\models\charmainsign_base.gator
d:\vincedata\cache\models\charmpage_base.gator
d:\vincedata\cache\models\curio_base.gator
d:\vincedata\cache\models\cyclonedebris_base.gator
d:\vincedata\cache\models\dustbag_base.gator
d:\vincedata\cache\models\dustbagcs_base.gator
d:\vincedata\cache\models\dusthitvince_base.gator
d:\vincedata\cache\models\dustspill_base.gator
d:\vincedata\cache\models\extralife_base.gator
d:\vincedata\cache\models\fingers_base.gator
d:\vincedata\cache\models\headaches_base.gator
d:\vincedata\cache\models\hearttailjar_base.gator
d:\vincedata\cache\models\interfacecharmpage_base.gator
d:\vincedata\cache\models\interfacegoldenjunebug_base.gator
d:\vincedata\cache\models\interfacemysterybox_base.gator
d:\vincedata\cache\models\jeb_base.gator
d:\vincedata\cache\models\kosmotruck_base.gator
d:\vincedata\cache\models\leeringeyejar_base.gator
d:\vincedata\cache\models\pin_base.gator
d:\vincedata\cache\models\powericon_base.gator
d:\vincedata\cache\models\projectileskull_base.gator
d:\vincedata\cache\models\shopfrontglow_base.gator
d:\vincedata\cache\models\shopfrontnonglow_base.gator
d:\vincedata\cache\models\streetcrack_base.gator
d:\vincedata\cache\models\vince_base.gator
d:\vincedata\cache\models\vince_cuthorizontal_base.gator
d:\vincedata\cache\models\vince_cutvertical_base.gator
d:\vincedata\cache\models\vince_disintegrate_base.gator
d:\vincedata\cache\models\vince_poked_base.gator
d:\vincedata\cache\models\vince_shadow_base.gator
d:\vincedata\cache\models\vinceairplane_base.gator
d:\vincedata\cache\models\voodoobox_base.gator
d:\vincedata\cache\models\zombiemusk_base.gator
