d:\vincedata\cache\models\acid_base.gator
d:\vincedata\cache\models\activator_base.gator
d:\vincedata\cache\models\anvil_base.gator
d:\vincedata\cache\models\bead2_base.gator
d:\vincedata\cache\models\bead3_base.gator
d:\vincedata\cache\models\bead_base.gator
d:\vincedata\cache\models\bead_glow_base.gator
d:\vincedata\cache\models\beartrap_base.gator
d:\vincedata\cache\models\bomb_base.gator
d:\vincedata\cache\models\boomerangpin_base.gator
d:\vincedata\cache\models\chainsaw_base.gator
d:\vincedata\cache\models\charmpage_base.gator
d:\vincedata\cache\models\debriblowing03_base.gator
d:\vincedata\cache\models\debriblowing06_base.gator
d:\vincedata\cache\models\debriblowing07_base.gator
d:\vincedata\cache\models\debriblowing08_base.gator
d:\vincedata\cache\models\debriblowing09_base.gator
d:\vincedata\cache\models\debriblowing10_base.gator
d:\vincedata\cache\models\dragonfly01_base.gator
d:\vincedata\cache\models\dragonfly02_base.gator
d:\vincedata\cache\models\dragonfly03_base.gator
d:\vincedata\cache\models\dragonfly04_base.gator
d:\vincedata\cache\models\dragonfly05_base.gator
d:\vincedata\cache\models\dragonfly06_base.gator
d:\vincedata\cache\models\dustbag_base.gator
d:\vincedata\cache\models\dustcluster_base.gator
d:\vincedata\cache\models\extralife_base.gator
d:\vincedata\cache\models\interfacecharmpage_base.gator
d:\vincedata\cache\models\interfacegoldenjunebug_base.gator
d:\vincedata\cache\models\interfacemysterybox_base.gator
d:\vincedata\cache\models\ironmaiden_base.gator
d:\vincedata\cache\models\killerbee_base.gator
d:\vincedata\cache\models\kosmohead_base.gator
d:\vincedata\cache\models\lawnmower_base.gator
d:\vincedata\cache\models\magnet_base.gator
d:\vincedata\cache\models\moth01_base.gator
d:\vincedata\cache\models\moth02_base.gator
d:\vincedata\cache\models\moth03_base.gator
d:\vincedata\cache\models\moth04_base.gator
d:\vincedata\cache\models\moth05_base.gator
d:\vincedata\cache\models\moth06_base.gator
d:\vincedata\cache\models\mothsmall01_base.gator
d:\vincedata\cache\models\mothsmall02_base.gator
d:\vincedata\cache\models\mothsmall03_base.gator
d:\vincedata\cache\models\mothsmall04_base.gator
d:\vincedata\cache\models\mothsmall05_base.gator
d:\vincedata\cache\models\pin_base.gator
d:\vincedata\cache\models\pitchfork_base.gator
d:\vincedata\cache\models\pitfrog_base.gator
d:\vincedata\cache\models\pitfrog_cuthorizontal_base.gator
d:\vincedata\cache\models\pitfrog_cutvertical_base.gator
d:\vincedata\cache\models\pitfrog_disintegrate_base.gator
d:\vincedata\cache\models\pitfrog_giblets001_base.gator
d:\vincedata\cache\models\pitfrog_giblets002_base.gator
d:\vincedata\cache\models\powericon_base.gator
d:\vincedata\cache\models\projectileskull_base.gator
d:\vincedata\cache\models\signallseeingeye_base.gator
d:\vincedata\cache\models\signdoublejump_base.gator
d:\vincedata\cache\models\signeyeview_base.gator
d:\vincedata\cache\models\signfanboat_base.gator
d:\vincedata\cache\models\signfloat_base.gator
d:\vincedata\cache\models\signheadslam_base.gator
d:\vincedata\cache\models\signjumpspin_base.gator
d:\vincedata\cache\models\signpunch_base.gator
d:\vincedata\cache\models\signshrimpsub_base.gator
d:\vincedata\cache\models\signspinkick_base.gator
d:\vincedata\cache\models\signswinghook_base.gator
d:\vincedata\cache\models\signtrolley_base.gator
d:\vincedata\cache\models\sky_frenchquarter_base.gator
d:\vincedata\cache\models\sky_frenchquarter_cloudplane_bottom_base.gator
d:\vincedata\cache\models\sky_frenchquarter_cloudplane_top_base.gator
d:\vincedata\cache\models\sky_mainstreet_base.gator
d:\vincedata\cache\models\sky_museum_base.gator
d:\vincedata\cache\models\trolley_base.gator
d:\vincedata\cache\models\ufo_base.gator
d:\vincedata\cache\models\vince_base.gator
d:\vincedata\cache\models\vince_cuthorizontal_base.gator
d:\vincedata\cache\models\vince_cutvertical_base.gator
d:\vincedata\cache\models\vince_disintegrate_base.gator
d:\vincedata\cache\models\vince_poked_base.gator
d:\vincedata\cache\models\vince_shadow_base.gator
d:\vincedata\cache\models\vinceairplane_base.gator
