d:\vincedata\cache\levels\propellerroom\textures\lightmap1.dds
d:\vincedata\cache\levels\propellerroom\textures\lightmap2.dds
d:\vincedata\cache\levels\propellerroom\textures\lightmap3.dds
d:\vincedata\cache\levels\propellerroom\textures\lightmap4.dds
d:\vincedata\cache\textures\00_cloud.dds
d:\vincedata\cache\textures\00_hollowball.dds
d:\vincedata\cache\textures\00_largesoftdot.dds
d:\vincedata\cache\textures\00_largesparkle.dds
d:\vincedata\cache\textures\00_lightening01.dds
d:\vincedata\cache\textures\00_lightening02.dds
d:\vincedata\cache\textures\00_lightening03.dds
d:\vincedata\cache\textures\00_lightening04.dds
d:\vincedata\cache\textures\00_lightening05.dds
d:\vincedata\cache\textures\00_lightening06.dds
d:\vincedata\cache\textures\00_lightening07.dds
d:\vincedata\cache\textures\00_lightening08.dds
d:\vincedata\cache\textures\00_lightening09.dds
d:\vincedata\cache\textures\00_lightening10.dds
d:\vincedata\cache\textures\00_lightening11.dds
d:\vincedata\cache\textures\00_lightening12.dds
d:\vincedata\cache\textures\00_lightening13.dds
d:\vincedata\cache\textures\00_lightening14.dds
d:\vincedata\cache\textures\00_smallsparkle.dds
d:\vincedata\cache\textures\00_swirldots.dds
d:\vincedata\cache\textures\aa_spark_a.dds
d:\vincedata\cache\textures\aa_spark_b.dds
d:\vincedata\cache\textures\aa_spark_c.dds
d:\vincedata\cache\textures\aa_spark_d.dds
d:\vincedata\cache\textures\aa_spark_e.dds
d:\vincedata\cache\textures\aa_spark_f.dds
d:\vincedata\cache\textures\aa_spark_g.dds
d:\vincedata\cache\textures\activator.dds
d:\vincedata\cache\textures\activatorbad.dds
d:\vincedata\cache\textures\activatoron.dds
d:\vincedata\cache\textures\arearing.dds
d:\vincedata\cache\textures\arearing003.dds
d:\vincedata\cache\textures\arearing005.dds
d:\vincedata\cache\textures\arearing006.dds
d:\vincedata\cache\textures\arearing007.dds
d:\vincedata\cache\textures\arearing008.dds
d:\vincedata\cache\textures\arearing009.dds
d:\vincedata\cache\textures\arearing010.dds
d:\vincedata\cache\textures\arrowbottom.dds
d:\vincedata\cache\textures\arrowleft.dds
d:\vincedata\cache\textures\arrowright.dds
d:\vincedata\cache\textures\arrowtop.dds
d:\vincedata\cache\textures\aunk01.dds
d:\vincedata\cache\textures\aunk02.dds
d:\vincedata\cache\textures\aunk03.dds
d:\vincedata\cache\textures\aunk04.dds
d:\vincedata\cache\textures\aura001.dds
d:\vincedata\cache\textures\aura002.dds
d:\vincedata\cache\textures\ball_001.dds
d:\vincedata\cache\textures\ball_002.dds
d:\vincedata\cache\textures\ballnweightmidway300.dds
d:\vincedata\cache\textures\bead.dds
d:\vincedata\cache\textures\blindeye.001.dds
d:\vincedata\cache\textures\blindeye.002.dds
d:\vincedata\cache\textures\blindeye.003.dds
d:\vincedata\cache\textures\blindeye.004.dds
d:\vincedata\cache\textures\blindeye.005.dds
d:\vincedata\cache\textures\blindeye.006.dds
d:\vincedata\cache\textures\blindeye.007.dds
d:\vincedata\cache\textures\blindeye.008.dds
d:\vincedata\cache\textures\blindeye.009.dds
d:\vincedata\cache\textures\blindeye.010.dds
d:\vincedata\cache\textures\blob002.dds
d:\vincedata\cache\textures\boostring01.dds
d:\vincedata\cache\textures\brainsparka.dds
d:\vincedata\cache\textures\brainsparkb.dds
d:\vincedata\cache\textures\brainsparkc.dds
d:\vincedata\cache\textures\brainsparkd.dds
d:\vincedata\cache\textures\brainsparke.dds
d:\vincedata\cache\textures\bspark01.dds
d:\vincedata\cache\textures\bspark02.dds
d:\vincedata\cache\textures\bspark03.dds
d:\vincedata\cache\textures\bspark04.dds
d:\vincedata\cache\textures\bspark05.dds
d:\vincedata\cache\textures\bubbagatorshadow.dds
d:\vincedata\cache\textures\bubble.dds
d:\vincedata\cache\textures\bubble2.dds
d:\vincedata\cache\textures\bubble3.dds
d:\vincedata\cache\textures\burlesqueheart.dds
d:\vincedata\cache\textures\burntroommisc600.dds
d:\vincedata\cache\textures\cavestonesewer300.dds
d:\vincedata\cache\textures\cavewallsewer300.dds
d:\vincedata\cache\textures\charmpage.dds
d:\vincedata\cache\textures\cloud001.dds
d:\vincedata\cache\textures\cloud002.dds
d:\vincedata\cache\textures\cloud003.dds
d:\vincedata\cache\textures\cloud004.dds
d:\vincedata\cache\textures\cloud005.dds
d:\vincedata\cache\textures\controlslayout.dds
d:\vincedata\cache\textures\crypt309_as_a.dds
d:\vincedata\cache\textures\crypt421_as.dds
d:\vincedata\cache\textures\dirtdetailroachfort300.dds
d:\vincedata\cache\textures\dirtroachfort300.dds
d:\vincedata\cache\textures\disintegrate.000.dds
d:\vincedata\cache\textures\disintegrate.001.dds
d:\vincedata\cache\textures\disintegrate.002.dds
d:\vincedata\cache\textures\disintegrate.003.dds
d:\vincedata\cache\textures\disintegrate.004.dds
d:\vincedata\cache\textures\disintegrate.005.dds
d:\vincedata\cache\textures\disintegrate.006.dds
d:\vincedata\cache\textures\disintegrate.007.dds
d:\vincedata\cache\textures\disintegrate.008.dds
d:\vincedata\cache\textures\disintegrate.009.dds
d:\vincedata\cache\textures\disintegrate.010.dds
d:\vincedata\cache\textures\disintegrate.011.dds
d:\vincedata\cache\textures\disintegrate.012.dds
d:\vincedata\cache\textures\disintegrate.013.dds
d:\vincedata\cache\textures\disintegrate.014.dds
d:\vincedata\cache\textures\disintegrate.015.dds
d:\vincedata\cache\textures\disintegrate.016.dds
d:\vincedata\cache\textures\disintegrate.017.dds
d:\vincedata\cache\textures\disintegrate.018.dds
d:\vincedata\cache\textures\disintegrate.019.dds
d:\vincedata\cache\textures\disintegrate.020.dds
d:\vincedata\cache\textures\disintegrate.021.dds
d:\vincedata\cache\textures\disintegrate.022.dds
d:\vincedata\cache\textures\disintegrate.023.dds
d:\vincedata\cache\textures\disintegrate.024.dds
d:\vincedata\cache\textures\disintegrate.025.dds
d:\vincedata\cache\textures\disintegrate.026.dds
d:\vincedata\cache\textures\disintegrate.027.dds
d:\vincedata\cache\textures\disintegrate.028.dds
d:\vincedata\cache\textures\disintegrate.029.dds
d:\vincedata\cache\textures\disintegrate.030.dds
d:\vincedata\cache\textures\disintegrate.031.dds
d:\vincedata\cache\textures\disintegrate.032.dds
d:\vincedata\cache\textures\disintegrate.033.dds
d:\vincedata\cache\textures\disintegrate.034.dds
d:\vincedata\cache\textures\disintegrate.035.dds
d:\vincedata\cache\textures\disintegrate.036.dds
d:\vincedata\cache\textures\disintegrate.037.dds
d:\vincedata\cache\textures\disintegrate.038.dds
d:\vincedata\cache\textures\disintegrate.039.dds
d:\vincedata\cache\textures\disintegrate.040.dds
d:\vincedata\cache\textures\disintegrate.041.dds
d:\vincedata\cache\textures\disintegrate.042.dds
d:\vincedata\cache\textures\disintegrate.043.dds
d:\vincedata\cache\textures\disintegrate.044.dds
d:\vincedata\cache\textures\disintegrate.045.dds
d:\vincedata\cache\textures\disintegrate.046.dds
d:\vincedata\cache\textures\disintegrate.047.dds
d:\vincedata\cache\textures\disintegrate.048.dds
d:\vincedata\cache\textures\disintegrate.049.dds
d:\vincedata\cache\textures\disintegrate.050.dds
d:\vincedata\cache\textures\disintegrate.051.dds
d:\vincedata\cache\textures\disintegrate.052.dds
d:\vincedata\cache\textures\disintegrate.053.dds
d:\vincedata\cache\textures\disintegrate.054.dds
d:\vincedata\cache\textures\disintegrate.055.dds
d:\vincedata\cache\textures\disintegrate.056.dds
d:\vincedata\cache\textures\disintegrate.057.dds
d:\vincedata\cache\textures\disintegrate.058.dds
d:\vincedata\cache\textures\disintegrate.059.dds
d:\vincedata\cache\textures\disintegrate.060.dds
d:\vincedata\cache\textures\disintegrate.061.dds
d:\vincedata\cache\textures\disintegrate.062.dds
d:\vincedata\cache\textures\disintegrate.063.dds
d:\vincedata\cache\textures\disintegrate.064.dds
d:\vincedata\cache\textures\disintegrate.065.dds
d:\vincedata\cache\textures\disintegrate.066.dds
d:\vincedata\cache\textures\disintegrate.067.dds
d:\vincedata\cache\textures\disintegrate.068.dds
d:\vincedata\cache\textures\disintegrate.069.dds
d:\vincedata\cache\textures\disintegrate.070.dds
d:\vincedata\cache\textures\disintegrate.071.dds
d:\vincedata\cache\textures\disintegrate.072.dds
d:\vincedata\cache\textures\disintegrate.073.dds
d:\vincedata\cache\textures\disintegrate.074.dds
d:\vincedata\cache\textures\disintegrate.075.dds
d:\vincedata\cache\textures\disintegrate.076.dds
d:\vincedata\cache\textures\disintegrate.077.dds
d:\vincedata\cache\textures\disintegrate.078.dds
d:\vincedata\cache\textures\disintegrate.079.dds
d:\vincedata\cache\textures\disintegrate.080.dds
d:\vincedata\cache\textures\disintegrate.081.dds
d:\vincedata\cache\textures\disintegrate.082.dds
d:\vincedata\cache\textures\disintegrate.083.dds
d:\vincedata\cache\textures\disintegrate.084.dds
d:\vincedata\cache\textures\disintegrate.085.dds
d:\vincedata\cache\textures\disintegrate.086.dds
d:\vincedata\cache\textures\disintegrate.087.dds
d:\vincedata\cache\textures\disintegrate.088.dds
d:\vincedata\cache\textures\disintegrate.089.dds
d:\vincedata\cache\textures\disintegrate.090.dds
d:\vincedata\cache\textures\disintegrate.091.dds
d:\vincedata\cache\textures\disintegrate.092.dds
d:\vincedata\cache\textures\disintegrate.093.dds
d:\vincedata\cache\textures\disintegrate.094.dds
d:\vincedata\cache\textures\disintegrate.095.dds
d:\vincedata\cache\textures\disintegrate.096.dds
d:\vincedata\cache\textures\disintegrate.097.dds
d:\vincedata\cache\textures\disintegrate.098.dds
d:\vincedata\cache\textures\disintegrate.099.dds
d:\vincedata\cache\textures\drillstuffing01.dds
d:\vincedata\cache\textures\drillstuffing02.dds
d:\vincedata\cache\textures\dripa.dds
d:\vincedata\cache\textures\droplet.dds
d:\vincedata\cache\textures\dustbag01.dds
d:\vincedata\cache\textures\dustbag02.dds
d:\vincedata\cache\textures\edgeglow.dds
d:\vincedata\cache\textures\elevatora.dds
d:\vincedata\cache\textures\elevatorb.dds
d:\vincedata\cache\textures\enginerocketlab300.dds
d:\vincedata\cache\textures\envbead2_64_.dds
d:\vincedata\cache\textures\envbead3_64_.dds
d:\vincedata\cache\textures\envbead_64_.dds
d:\vincedata\cache\textures\envpowericon.dds
d:\vincedata\cache\textures\exitsign_blank.dds
d:\vincedata\cache\textures\exitsign_maintunnel.dds
d:\vincedata\cache\textures\extralife.dds
d:\vincedata\cache\textures\eyetwirl.001.dds
d:\vincedata\cache\textures\eyetwirl.002.dds
d:\vincedata\cache\textures\eyetwirl.003.dds
d:\vincedata\cache\textures\eyetwirl.004.dds
d:\vincedata\cache\textures\eyetwirl.005.dds
d:\vincedata\cache\textures\eyetwirl.006.dds
d:\vincedata\cache\textures\eyetwirl.007.dds
d:\vincedata\cache\textures\eyetwirl.008.dds
d:\vincedata\cache\textures\facadeartroach300.dds
d:\vincedata\cache\textures\firebug2.dds
d:\vincedata\cache\textures\fireflya.dds
d:\vincedata\cache\textures\flame_001.dds
d:\vincedata\cache\textures\flame_004.dds
d:\vincedata\cache\textures\flame_005.dds
d:\vincedata\cache\textures\flame_006.dds
d:\vincedata\cache\textures\flame_008.dds
d:\vincedata\cache\textures\flame_009.dds
d:\vincedata\cache\textures\flame_011.dds
d:\vincedata\cache\textures\flame_012.dds
d:\vincedata\cache\textures\flame_015.dds
d:\vincedata\cache\textures\flamebase_004.dds
d:\vincedata\cache\textures\flamecandle001.dds
d:\vincedata\cache\textures\flamecandle002.dds
d:\vincedata\cache\textures\flamecandle003.dds
d:\vincedata\cache\textures\flamecandle004.dds
d:\vincedata\cache\textures\flamecandle005.dds
d:\vincedata\cache\textures\flamecandle006.dds
d:\vincedata\cache\textures\flamecandle007.dds
d:\vincedata\cache\textures\flamecandle008.dds
d:\vincedata\cache\textures\flamewick.dds
d:\vincedata\cache\textures\foam_01.dds
d:\vincedata\cache\textures\footprint_mossgrass.dds
d:\vincedata\cache\textures\footprint_mud.dds
d:\vincedata\cache\textures\fortunecoinicon.dds
d:\vincedata\cache\textures\fountaindrip005.dds
d:\vincedata\cache\textures\fresnel_water_linear.dds
d:\vincedata\cache\textures\fruitcart.dds
d:\vincedata\cache\textures\garbagecan.dds
d:\vincedata\cache\textures\garbagesheet_001.dds
d:\vincedata\cache\textures\garyfpo.dds
d:\vincedata\cache\textures\gasflame_001d.dds
d:\vincedata\cache\textures\gethealtheffect.dds
d:\vincedata\cache\textures\gingerdeadmanshadow.dds
d:\vincedata\cache\textures\gunbrass01.dds
d:\vincedata\cache\textures\gunbrass02.dds
d:\vincedata\cache\textures\gunbrass03.dds
d:\vincedata\cache\textures\gunbrass04.dds
d:\vincedata\cache\textures\gunflash01.dds
d:\vincedata\cache\textures\gunflash02.dds
d:\vincedata\cache\textures\gunflash03.dds
d:\vincedata\cache\textures\gunflash04.dds
d:\vincedata\cache\textures\gunflash05.dds
d:\vincedata\cache\textures\hatskull01.dds
d:\vincedata\cache\textures\hatskull02.dds
d:\vincedata\cache\textures\hatskull03.dds
d:\vincedata\cache\textures\hatskull04.dds
d:\vincedata\cache\textures\healthbag00.dds
d:\vincedata\cache\textures\healthbag01.dds
d:\vincedata\cache\textures\healthbag02.dds
d:\vincedata\cache\textures\healthbag03.dds
d:\vincedata\cache\textures\healthbag04.dds
d:\vincedata\cache\textures\healthbagcaution01.dds
d:\vincedata\cache\textures\healthbagcaution02.dds
d:\vincedata\cache\textures\healthbagcaution03.dds
d:\vincedata\cache\textures\healthbagcaution04.dds
d:\vincedata\cache\textures\healthbagicon.dds
d:\vincedata\cache\textures\healthbagiconoutline.dds
d:\vincedata\cache\textures\healthbagsmall00.dds
d:\vincedata\cache\textures\healthbagsmall04.dds
d:\vincedata\cache\textures\heathazemask.dds
d:\vincedata\cache\textures\heathazenormalmap.dds
d:\vincedata\cache\textures\imp2.dds
d:\vincedata\cache\textures\impshadow.dds
d:\vincedata\cache\textures\jbskull00.dds
d:\vincedata\cache\textures\jbskull01.dds
d:\vincedata\cache\textures\jbskull02.dds
d:\vincedata\cache\textures\jbskull03.dds
d:\vincedata\cache\textures\jetflame001.dds
d:\vincedata\cache\textures\jetflame002.dds
d:\vincedata\cache\textures\jetflame003.dds
d:\vincedata\cache\textures\jetflame004.dds
d:\vincedata\cache\textures\jetglow.dds
d:\vincedata\cache\textures\killadillo.dds
d:\vincedata\cache\textures\killadilloeye.dds
d:\vincedata\cache\textures\killadilloshadow.dds
d:\vincedata\cache\textures\killerbeea.dds
d:\vincedata\cache\textures\killerbeeb.dds
d:\vincedata\cache\textures\killerbeec.dds
d:\vincedata\cache\textures\kosmoeggicon.dds
d:\vincedata\cache\textures\kosmolasereyes02.dds
d:\vincedata\cache\textures\kosmolasereyesjimmys.dds
d:\vincedata\cache\textures\kosmolasereyesrrr.dds
d:\vincedata\cache\textures\laundryicon.dds
d:\vincedata\cache\textures\lightningbolt1.dds
d:\vincedata\cache\textures\lightningbolt2.dds
d:\vincedata\cache\textures\lightningbolt3.dds
d:\vincedata\cache\textures\lightningzap_001.dds
d:\vincedata\cache\textures\lightningzap_002.dds
d:\vincedata\cache\textures\lightningzap_003.dds
d:\vincedata\cache\textures\lightningzap_004.dds
d:\vincedata\cache\textures\lightningzap_005.dds
d:\vincedata\cache\textures\lightsjanice900.dds
d:\vincedata\cache\textures\loadingstrip.dds
d:\vincedata\cache\textures\loadingstripdetail.dds
d:\vincedata\cache\textures\loadscreen.dds
d:\vincedata\cache\textures\magnet.dds
d:\vincedata\cache\textures\magnet001.dds
d:\vincedata\cache\textures\map_bogwallow.dds
d:\vincedata\cache\textures\map_docks.dds
d:\vincedata\cache\textures\map_dtcryptcity.dds
d:\vincedata\cache\textures\map_earthwaterwood.dds
d:\vincedata\cache\textures\map_gatekeeper.dds
d:\vincedata\cache\textures\map_glowberry.dds
d:\vincedata\cache\textures\map_jimmys.dds
d:\vincedata\cache\textures\map_lafitteship.dds
d:\vincedata\cache\textures\map_landorides.dds
d:\vincedata\cache\textures\map_mainstreet.dds
d:\vincedata\cache\textures\map_maintunnel.dds
d:\vincedata\cache\textures\map_midway.dds
d:\vincedata\cache\textures\map_porch.dds
d:\vincedata\cache\textures\map_rocketlab.dds
d:\vincedata\cache\textures\map_sarcophagus.dds
d:\vincedata\cache\textures\map_square.dds
d:\vincedata\cache\textures\maplong.dds
d:\vincedata\cache\textures\meat.dds
d:\vincedata\cache\textures\meatgoo01.dds
d:\vincedata\cache\textures\meatvertical.dds
d:\vincedata\cache\textures\metaltools.dds
d:\vincedata\cache\textures\missing.dds
d:\vincedata\cache\textures\misslerocketlab300.dds
d:\vincedata\cache\textures\mist01.dds
d:\vincedata\cache\textures\mist02.dds
d:\vincedata\cache\textures\nav_arrowleft.dds
d:\vincedata\cache\textures\nav_arrowright.dds
d:\vincedata\cache\textures\needlehat_icon.dds
d:\vincedata\cache\textures\needlehat_iconmeter.dds
d:\vincedata\cache\textures\newpowericon_envmask.dds
d:\vincedata\cache\textures\onionicon.dds
d:\vincedata\cache\textures\optionsselectedbar.dds
d:\vincedata\cache\textures\pausebuttonhelp.dds
d:\vincedata\cache\textures\pausescreenbackground.dds
d:\vincedata\cache\textures\pepper_sparks1.dds
d:\vincedata\cache\textures\pepper_sparks2.dds
d:\vincedata\cache\textures\pepper_sparks3.dds
d:\vincedata\cache\textures\pilingplatform002_jb.dds
d:\vincedata\cache\textures\pinatacandy01.dds
d:\vincedata\cache\textures\pinatacandy02.dds
d:\vincedata\cache\textures\pinatacandy03.dds
d:\vincedata\cache\textures\pinatacandy04.dds
d:\vincedata\cache\textures\pinatacandy05.dds
d:\vincedata\cache\textures\pitfrog002.dds
d:\vincedata\cache\textures\pitfrogshadow.dds
d:\vincedata\cache\textures\platformplankseww300.dds
d:\vincedata\cache\textures\plywoodassortment_001.dds
d:\vincedata\cache\textures\poodlebombhead.dds
d:\vincedata\cache\textures\poodlebombleg.dds
d:\vincedata\cache\textures\poodlebombtail.dds
d:\vincedata\cache\textures\poof00.dds
d:\vincedata\cache\textures\poof01.dds
d:\vincedata\cache\textures\poof02.dds
d:\vincedata\cache\textures\poof03.dds
d:\vincedata\cache\textures\poof04.dds
d:\vincedata\cache\textures\pop01.dds
d:\vincedata\cache\textures\pop02.dds
d:\vincedata\cache\textures\pop03.dds
d:\vincedata\cache\textures\pop04.dds
d:\vincedata\cache\textures\pop05.dds
d:\vincedata\cache\textures\pop06.dds
d:\vincedata\cache\textures\pop07.dds
d:\vincedata\cache\textures\pop08.dds
d:\vincedata\cache\textures\pop09.dds
d:\vincedata\cache\textures\potionofknowledgecorkbrain.dds
d:\vincedata\cache\textures\powericon.dds
d:\vincedata\cache\textures\powerskull.dds
d:\vincedata\cache\textures\powerskull04.dds
d:\vincedata\cache\textures\powerskullmeter.dds
d:\vincedata\cache\textures\powerskullmeterfull.dds
d:\vincedata\cache\textures\powerskullsmall00.dds
d:\vincedata\cache\textures\powerskullsmall04.dds
d:\vincedata\cache\textures\projectileskull.dds
d:\vincedata\cache\textures\radioactiveeye.001.dds
d:\vincedata\cache\textures\radioactiveeye.002.dds
d:\vincedata\cache\textures\radioactiveeye.003.dds
d:\vincedata\cache\textures\radioactiveeye.004.dds
d:\vincedata\cache\textures\radioactiveeye.005.dds
d:\vincedata\cache\textures\radioactiveeye.006.dds
d:\vincedata\cache\textures\radioactiveeye.007.dds
d:\vincedata\cache\textures\radioactiveeye.008.dds
d:\vincedata\cache\textures\radioactiveeye.009.dds
d:\vincedata\cache\textures\radioactiveeye.010.dds
d:\vincedata\cache\textures\radioactiveeye.011.dds
d:\vincedata\cache\textures\ringy001.dds
d:\vincedata\cache\textures\roach.1.00.dds
d:\vincedata\cache\textures\roach.dds
d:\vincedata\cache\textures\roachbomb900.dds
d:\vincedata\cache\textures\roachbomb901.dds
d:\vincedata\cache\textures\roacheye.dds
d:\vincedata\cache\textures\roachwings.dds
d:\vincedata\cache\textures\rustmetaleww500.dds
d:\vincedata\cache\textures\rustmetaljanice900.dds
d:\vincedata\cache\textures\rustpainteww300.dds
d:\vincedata\cache\textures\rustpatchpanel.dds
d:\vincedata\cache\textures\rusttankeww300.dds
d:\vincedata\cache\textures\rusttinpanel_001.dds
d:\vincedata\cache\textures\rustymetaljanice900.dds
d:\vincedata\cache\textures\sausagegrindericon.dds
d:\vincedata\cache\textures\sausagemakericon.dds
d:\vincedata\cache\textures\sausagemetalmisc500.dds
d:\vincedata\cache\textures\sausagemetalmisc503.dds
d:\vincedata\cache\textures\sausagemetalmisc507.dds
d:\vincedata\cache\textures\sausagemetalscreen.dds
d:\vincedata\cache\textures\saveframehighlight.dds
d:\vincedata\cache\textures\saveselectedbar.dds
d:\vincedata\cache\textures\saw.dds
d:\vincedata\cache\textures\shopcandles03.dds
d:\vincedata\cache\textures\shopcandles04.dds
d:\vincedata\cache\textures\shopcandlesdrips02.dds
d:\vincedata\cache\textures\shopcandlestops01.dds
d:\vincedata\cache\textures\shopmisc02.dds
d:\vincedata\cache\textures\shopmiscalpha01.dds
d:\vincedata\cache\textures\shopwallstrim01.dds
d:\vincedata\cache\textures\sky_sewers_base.dds
d:\vincedata\cache\textures\sliderbar.dds
d:\vincedata\cache\textures\slidermarker.dds
d:\vincedata\cache\textures\smoke_001.dds
d:\vincedata\cache\textures\smokesoft.dds
d:\vincedata\cache\textures\smokesoft002.dds
d:\vincedata\cache\textures\softglow.dds
d:\vincedata\cache\textures\softglow2.dds
d:\vincedata\cache\textures\softglow8.dds
d:\vincedata\cache\textures\spark001.dds
d:\vincedata\cache\textures\spark002.dds
d:\vincedata\cache\textures\spark003.dds
d:\vincedata\cache\textures\spark004.dds
d:\vincedata\cache\textures\spark005.dds
d:\vincedata\cache\textures\sparkles002.dds
d:\vincedata\cache\textures\sparklestar001.dds
d:\vincedata\cache\textures\sparklestar002.dds
d:\vincedata\cache\textures\speedometer.dds
d:\vincedata\cache\textures\speedometerneedle.dds
d:\vincedata\cache\textures\splashring.dds
d:\vincedata\cache\textures\splashring2.dds
d:\vincedata\cache\textures\splashring3.dds
d:\vincedata\cache\textures\splashring4.dds
d:\vincedata\cache\textures\splashtesta.dds
d:\vincedata\cache\textures\spotglow.dds
d:\vincedata\cache\textures\spritedebrisbranch_01.dds
d:\vincedata\cache\textures\spritedebrisbranch_02.dds
d:\vincedata\cache\textures\spritedebrisbranch_03.dds
d:\vincedata\cache\textures\spritedebrisbranch_04.dds
d:\vincedata\cache\textures\spritedebrisgrass_01.dds
d:\vincedata\cache\textures\spritedebrisgrass_02.dds
d:\vincedata\cache\textures\spritedebrisleaf_01.dds
d:\vincedata\cache\textures\spritedebrisleaf_01b.dds
d:\vincedata\cache\textures\spritedebrisleaf_02.dds
d:\vincedata\cache\textures\spritedebrisleaf_03.dds
d:\vincedata\cache\textures\spritedebrisleaf_04.dds
d:\vincedata\cache\textures\spritedebrisleaf_05.dds
d:\vincedata\cache\textures\spritedebrisleaf_06.dds
d:\vincedata\cache\textures\spritedebrisleaf_07.dds
d:\vincedata\cache\textures\spritedebrisplant_01.dds
d:\vincedata\cache\textures\spritedebrisplant_02.dds
d:\vincedata\cache\textures\spritedebrisplant_03.dds
d:\vincedata\cache\textures\spritedebrisplant_04.dds
d:\vincedata\cache\textures\spritedebrisplant_05.dds
d:\vincedata\cache\textures\spritedebrisplant_06.dds
d:\vincedata\cache\textures\spritedebrisrock_01.dds
d:\vincedata\cache\textures\spritedebrisrock_02.dds
d:\vincedata\cache\textures\star_a.dds
d:\vincedata\cache\textures\star_b.dds
d:\vincedata\cache\textures\star_c.dds
d:\vincedata\cache\textures\starjohn01.dds
d:\vincedata\cache\textures\starjohn02.dds
d:\vincedata\cache\textures\starjohn03.dds
d:\vincedata\cache\textures\starjohn04.dds
d:\vincedata\cache\textures\steeltemplate900.dds
d:\vincedata\cache\textures\stove.dds
d:\vincedata\cache\textures\swampbottom300.dds
d:\vincedata\cache\textures\swampedged301.dds
d:\vincedata\cache\textures\swinghooktargetparticle.dds
d:\vincedata\cache\textures\swinghooktargetparticle2.dds
d:\vincedata\cache\textures\swirl3.dds
d:\vincedata\cache\textures\targetingcrosshairs.dds
d:\vincedata\cache\textures\temp_gascanister.dds
d:\vincedata\cache\textures\tendril01.dds
d:\vincedata\cache\textures\tendril02.dds
d:\vincedata\cache\textures\tendril03.dds
d:\vincedata\cache\textures\tendril04.dds
d:\vincedata\cache\textures\tincansroach300.dds
d:\vincedata\cache\textures\totemskull_base_envpowericon.dds
d:\vincedata\cache\textures\trainingsign_allseeingeye.dds
d:\vincedata\cache\textures\trainingsign_alpha.dds
d:\vincedata\cache\textures\trainingsign_doublejump.dds
d:\vincedata\cache\textures\trainingsign_eyeview.dds
d:\vincedata\cache\textures\trainingsign_fanboat.dds
d:\vincedata\cache\textures\trainingsign_float.dds
d:\vincedata\cache\textures\trainingsign_headslam.dds
d:\vincedata\cache\textures\trainingsign_jumpspin.dds
d:\vincedata\cache\textures\trainingsign_punch.dds
d:\vincedata\cache\textures\trainingsign_shrimpsub.dds
d:\vincedata\cache\textures\trainingsign_spinkick.dds
d:\vincedata\cache\textures\trainingsign_swinghook.dds
d:\vincedata\cache\textures\trainvehicles300_.dds
d:\vincedata\cache\textures\trolleyicon.dds
d:\vincedata\cache\textures\trolleymetal01.dds
d:\vincedata\cache\textures\trophyroommiscalpha01.dds
d:\vincedata\cache\textures\troublelightjanice900.dds
d:\vincedata\cache\textures\truckpickup.dds
d:\vincedata\cache\textures\v_spot001.dds
d:\vincedata\cache\textures\v_spot003.dds
d:\vincedata\cache\textures\ventductpropeller300.dds
d:\vincedata\cache\textures\ventductstealth300.dds
d:\vincedata\cache\textures\vince_shred01.dds
d:\vincedata\cache\textures\vince_shred02.dds
d:\vincedata\cache\textures\vince_shred03.dds
d:\vincedata\cache\textures\vince_shred04.dds
d:\vincedata\cache\textures\vince_shred05.dds
d:\vincedata\cache\textures\vince_shred06.dds
d:\vincedata\cache\textures\vinceplane.dds
d:\vincedata\cache\textures\vinceplane_bump.0.10.dds
d:\vincedata\cache\textures\vincepowerup.000.dds
d:\vincedata\cache\textures\vincepowerup.001.dds
d:\vincedata\cache\textures\vincepowerup.002.dds
d:\vincedata\cache\textures\vincepowerup.003.dds
d:\vincedata\cache\textures\vincepowerup.004.dds
d:\vincedata\cache\textures\vincepowerup.005.dds
d:\vincedata\cache\textures\vincepowerup.006.dds
d:\vincedata\cache\textures\vincepowerup.007.dds
d:\vincedata\cache\textures\vinceshadow.dds
d:\vincedata\cache\textures\vinceskin.dds
d:\vincedata\cache\textures\vinceskinn.1.00.dds
d:\vincedata\cache\textures\vincesliced.dds
d:\vincedata\cache\textures\voodoopower_acid.dds
d:\vincedata\cache\textures\voodoopower_beartrap400.dds
d:\vincedata\cache\textures\voodoopower_beehive.dds
d:\vincedata\cache\textures\voodoopower_drill.dds
d:\vincedata\cache\textures\voodoopower_honeybucket01.dds
d:\vincedata\cache\textures\voodoopower_lawnmower01.dds
d:\vincedata\cache\textures\voodoopower_laxative.dds
d:\vincedata\cache\textures\voodoopower_lightening001.dds
d:\vincedata\cache\textures\voodoopower_lightening002.dds
d:\vincedata\cache\textures\voodoopower_magnet01.dds
d:\vincedata\cache\textures\voodoopower_tornado.dds
d:\vincedata\cache\textures\voodoopower_ufo400.dds
d:\vincedata\cache\textures\voodoopower_ufo401.dds
d:\vincedata\cache\textures\voodoopower_wreckingball.dds
d:\vincedata\cache\textures\walkwaymetal800.dds
d:\vincedata\cache\textures\watersewer_base.dds
d:\vincedata\cache\textures\watertesta.dds
d:\vincedata\cache\textures\watertestb.dds
d:\vincedata\cache\textures\welderjanice900.dds
d:\vincedata\cache\textures\wharflight_jb.dds
d:\vincedata\cache\textures\woodrotten600.dds
d:\vincedata\cache\textures\zgcimpheadicon.dds
d:\vincedata\cache\textures\zgcvinceheadicon.dds
d:\vincedata\cache\textures\zombiebag.dds
