d:\vincedata\cache\anims\carride_path_longa.anim
d:\vincedata\cache\anims\carride_path_longb_failure.anim
d:\vincedata\cache\anims\carride_path_longb_success.anim
d:\vincedata\cache\anims\carride_path_short_a.anim
d:\vincedata\cache\anims\carride_path_short_b.anim
d:\vincedata\cache\anims\doora_open.anim
d:\vincedata\cache\anims\doorb_open.anim
d:\vincedata\cache\anims\doorc_open.anim
d:\vincedata\cache\anims\doord_open.anim
d:\vincedata\cache\anims\doore_open.anim
d:\vincedata\cache\anims\generator_active.anim
d:\vincedata\cache\anims\monsterdracula_attack0.anim
d:\vincedata\cache\anims\monsterdracula_attack1.anim
d:\vincedata\cache\anims\monsterdracula_attack2.anim
d:\vincedata\cache\anims\monsterdracula_attack3.anim
d:\vincedata\cache\anims\monsterdracula_attack4.anim
d:\vincedata\cache\anims\monsterdracula_attack5.anim
d:\vincedata\cache\anims\monsterdracula_attack6.anim
d:\vincedata\cache\anims\monsterdracula_attack7.anim
d:\vincedata\cache\anims\monsterdracula_attack8.anim
d:\vincedata\cache\anims\monsterdracula_idle.anim
d:\vincedata\cache\anims\monsterfrankenstein_attack0.anim
d:\vincedata\cache\anims\monsterfrankenstein_attack1.anim
d:\vincedata\cache\anims\monstergoblin_attack0.anim
d:\vincedata\cache\anims\monstergoblin_attack1.anim
d:\vincedata\cache\anims\monstermummy_attack0.anim
d:\vincedata\cache\anims\monsterwerewolf_attack0.anim
d:\vincedata\cache\anims\monsterwerewolf_attack1.anim
d:\vincedata\cache\anims\needlehat_idle.anim
d:\vincedata\cache\anims\targetswitch_hit.anim
