d:\vincedata\cache\sounds\chm_genact.wav
d:\vincedata\cache\sounds\chm_genrun.wav
d:\vincedata\cache\sounds\css_amb01.wav
d:\vincedata\cache\sounds\css_amb02.wav
d:\vincedata\cache\sounds\css_amb03.wav
d:\vincedata\cache\sounds\css_amb04.wav
d:\vincedata\cache\sounds\css_dooropen.wav
d:\vincedata\cache\sounds\css_dracula.wav
d:\vincedata\cache\sounds\css_frankenstein.wav
d:\vincedata\cache\sounds\css_genact.wav
d:\vincedata\cache\sounds\css_genrun.wav
d:\vincedata\cache\sounds\css_goblin.wav
d:\vincedata\cache\sounds\css_gunoverheat.wav
d:\vincedata\cache\sounds\css_hatfire.wav
d:\vincedata\cache\sounds\css_hitmonster.wav
d:\vincedata\cache\sounds\css_mummy.wav
d:\vincedata\cache\sounds\css_ovrheat.wav
d:\vincedata\cache\sounds\css_targethit.wav
d:\vincedata\cache\sounds\css_trackmotor.wav
d:\vincedata\cache\sounds\css_vincehit.wav
d:\vincedata\cache\sounds\css_werewolf.wav
d:\vincedata\cache\sounds\vince_cd_rss_01.wav
d:\vincedata\cache\sounds\vince_cd_rss_02.wav
d:\vincedata\cache\sounds\vince_cd_rss_03.wav
d:\vincedata\cache\sounds\vince_cd_rss_04.wav
d:\vincedata\cache\sounds\vince_cd_rss_05.wav
d:\vincedata\cache\sounds\vince_cd_rss_06.wav
