d:\vincedata\cache\anims\cowboyhat_ratrace_celebration.anim
d:\vincedata\cache\anims\cowboyhat_ratraceprelude01.anim
d:\vincedata\cache\anims\fallingchunk01_idle.anim
d:\vincedata\cache\anims\fallingchunk02_idle.anim
d:\vincedata\cache\anims\fallingchunk03_idle.anim
d:\vincedata\cache\anims\fallingchunk04_idle.anim
d:\vincedata\cache\anims\fallingchunk05_idle.anim
d:\vincedata\cache\anims\fallingchunk06_idle.anim
d:\vincedata\cache\anims\fallingchunk07_idle.anim
d:\vincedata\cache\anims\fallingchunk08_idle.anim
d:\vincedata\cache\anims\fallingchunk09_idle.anim
d:\vincedata\cache\anims\fallingchunk10_idle.anim
d:\vincedata\cache\anims\fallingchunk11_idle.anim
d:\vincedata\cache\anims\fallingchunk12_idle.anim
d:\vincedata\cache\anims\fallingchunk13_idle.anim
d:\vincedata\cache\anims\fallingchunk14_idle.anim
d:\vincedata\cache\anims\fallingchunk15_idle.anim
d:\vincedata\cache\anims\fallingchunk16_idle.anim
d:\vincedata\cache\anims\fallingchunk17_idle.anim
d:\vincedata\cache\anims\fallingchunk18_idle.anim
d:\vincedata\cache\anims\fallingchunk19_idle.anim
d:\vincedata\cache\anims\fallingchunk20_idle.anim
d:\vincedata\cache\anims\floorhole01_crack.anim
d:\vincedata\cache\anims\floorhole01_fall.anim
d:\vincedata\cache\anims\floorhole02_crack.anim
d:\vincedata\cache\anims\floorhole02_fall.anim
d:\vincedata\cache\anims\floorhole03_crack.anim
d:\vincedata\cache\anims\floorhole03_fall.anim
d:\vincedata\cache\anims\kosmohead_rrrodeointro.anim
d:\vincedata\cache\anims\mrsg_cometolife.anim
d:\vincedata\cache\anims\mrsg_damage01.anim
d:\vincedata\cache\anims\mrsg_idle.anim
d:\vincedata\cache\anims\mrsg_scream.anim
d:\vincedata\cache\anims\mrsg_stomp.anim
d:\vincedata\cache\anims\mrsgcollapsed_collapse.anim
d:\vincedata\cache\anims\rodeorat_attack.anim
d:\vincedata\cache\anims\rodeorat_damage_barrier.anim
d:\vincedata\cache\anims\rodeorat_damage_sound.anim
d:\vincedata\cache\anims\rodeorat_death.anim
d:\vincedata\cache\anims\rodeorat_death_sound.anim
d:\vincedata\cache\anims\rodeorat_jumpfloat.anim
d:\vincedata\cache\anims\rodeorat_jumpland.anim
d:\vincedata\cache\anims\rodeorat_jumpstart.anim
d:\vincedata\cache\anims\rodeorat_ratrace_celebration.anim
d:\vincedata\cache\anims\rodeorat_ratraceprelude01.anim
d:\vincedata\cache\anims\rodeorat_run.anim
d:\vincedata\cache\anims\rodeorat_slowdown.anim
d:\vincedata\cache\anims\rodeorat_stagger.anim
d:\vincedata\cache\anims\rodeorat_weakjumpfloat.anim
d:\vincedata\cache\anims\rodeorat_weakjumpland.anim
d:\vincedata\cache\anims\rodeorat_weakjumpstart.anim
d:\vincedata\cache\anims\vince_ratrace_celebration.anim
d:\vincedata\cache\anims\vince_ratraceprelude01.anim
d:\vincedata\cache\anims\vincecowboy_attack.anim
d:\vincedata\cache\anims\vincecowboy_damage_barrier.anim
d:\vincedata\cache\anims\vincecowboy_damage_sound.anim
d:\vincedata\cache\anims\vincecowboy_death.anim
d:\vincedata\cache\anims\vincecowboy_death_sound.anim
d:\vincedata\cache\anims\vincecowboy_jumpfloat.anim
d:\vincedata\cache\anims\vincecowboy_jumpland.anim
d:\vincedata\cache\anims\vincecowboy_jumpstart.anim
d:\vincedata\cache\anims\vincecowboy_run.anim
d:\vincedata\cache\anims\vincecowboy_slowdown.anim
d:\vincedata\cache\anims\vincecowboy_stagger.anim
d:\vincedata\cache\anims\vincecowboy_weakjumpfloat.anim
d:\vincedata\cache\anims\vincecowboy_weakjumpland.anim
d:\vincedata\cache\anims\vincecowboy_weakjumpstart.anim
d:\vincedata\cache\levels\ratracerodeo\anims\camera_death01.campath
d:\vincedata\cache\levels\ratracerodeo\anims\camera_death02.campath
d:\vincedata\cache\levels\ratracerodeo\anims\camera_rrp01.campath
d:\vincedata\cache\levels\ratracerodeo\anims\camera_rrp03.campath
d:\vincedata\cache\levels\ratracerodeo\anims\camera_rrp04.campath
d:\vincedata\cache\levels\ratracerodeo\anims\light_003334.lightpath
d:\vincedata\cache\levels\ratracerodeo\anims\light_003336.lightpath
d:\vincedata\cache\levels\ratracerodeo\anims\light_003338.lightpath
d:\vincedata\cache\levels\ratracerodeo\anims\light_003340.lightpath
d:\vincedata\cache\levels\ratracerodeo\anims\light_003342.lightpath
d:\vincedata\cache\levels\ratracerodeo\anims\light_003344.lightpath
d:\vincedata\cache\levels\ratracerodeo\anims\lightstand0001.lightpath
d:\vincedata\cache\levels\ratracerodeo\anims\lightstand0003.lightpath
d:\vincedata\cache\levels\ratracerodeo\anims\lightstand0005.lightpath
d:\vincedata\cache\levels\ratracerodeo\anims\lightstand0007.lightpath
d:\vincedata\cache\levels\ratracerodeo\anims\lightstand0008.lightpath
d:\vincedata\cache\levels\ratracerodeo\anims\lightstand0010.lightpath
