d:\vincedata\cache\models\acid_base.gator
d:\vincedata\cache\models\activator_base.gator
d:\vincedata\cache\models\arrows_base.gator
d:\vincedata\cache\models\bead2_base.gator
d:\vincedata\cache\models\bead3_base.gator
d:\vincedata\cache\models\bead_base.gator
d:\vincedata\cache\models\bead_glow_base.gator
d:\vincedata\cache\models\boomerangpin_base.gator
d:\vincedata\cache\models\charmpage_base.gator
d:\vincedata\cache\models\dragonfly01_base.gator
d:\vincedata\cache\models\dragonfly02_base.gator
d:\vincedata\cache\models\dragonfly03_base.gator
d:\vincedata\cache\models\dragonfly04_base.gator
d:\vincedata\cache\models\dragonfly05_base.gator
d:\vincedata\cache\models\dragonfly06_base.gator
d:\vincedata\cache\models\drill_base.gator
d:\vincedata\cache\models\dustbag_base.gator
d:\vincedata\cache\models\dustcluster_base.gator
d:\vincedata\cache\models\extralife_base.gator
d:\vincedata\cache\models\giantmallet_base.gator
d:\vincedata\cache\models\imp_base.gator
d:\vincedata\cache\models\imp_cuthorizontal_base.gator
d:\vincedata\cache\models\imp_cutvertical_base.gator
d:\vincedata\cache\models\imp_disintegrate_base.gator
d:\vincedata\cache\models\imp_giblets001_base.gator
d:\vincedata\cache\models\interfacecharmpage_base.gator
d:\vincedata\cache\models\interfacegoldenjunebug_base.gator
d:\vincedata\cache\models\interfacemysterybox_base.gator
d:\vincedata\cache\models\jackhammer_base.gator
d:\vincedata\cache\models\laxative_base.gator
d:\vincedata\cache\models\mondomole_base.gator
d:\vincedata\cache\models\mondomound_base.gator
d:\vincedata\cache\models\moth01_base.gator
d:\vincedata\cache\models\moth02_base.gator
d:\vincedata\cache\models\moth03_base.gator
d:\vincedata\cache\models\moth04_base.gator
d:\vincedata\cache\models\moth05_base.gator
d:\vincedata\cache\models\moth06_base.gator
d:\vincedata\cache\models\mothsmall01_base.gator
d:\vincedata\cache\models\mothsmall02_base.gator
d:\vincedata\cache\models\mothsmall03_base.gator
d:\vincedata\cache\models\mothsmall04_base.gator
d:\vincedata\cache\models\mothsmall05_base.gator
d:\vincedata\cache\models\pin_base.gator
d:\vincedata\cache\models\pinata_base.gator
d:\vincedata\cache\models\powericon_base.gator
d:\vincedata\cache\models\projectileskull_base.gator
d:\vincedata\cache\models\signtrolley_base.gator
d:\vincedata\cache\models\sky_cryptcity_base.gator
d:\vincedata\cache\models\sky_cryptcity_cloudplane_bottom_base.gator
d:\vincedata\cache\models\sky_cryptcity_cloudplane_top_base.gator
d:\vincedata\cache\models\spacejunk_base.gator
d:\vincedata\cache\models\tornado_base.gator
d:\vincedata\cache\models\trolley_base.gator
d:\vincedata\cache\models\vince_base.gator
d:\vincedata\cache\models\vince_cuthorizontal_base.gator
d:\vincedata\cache\models\vince_cutvertical_base.gator
d:\vincedata\cache\models\vince_disintegrate_base.gator
d:\vincedata\cache\models\vince_poked_base.gator
d:\vincedata\cache\models\vince_shadow_base.gator
d:\vincedata\cache\models\vinceairplane_base.gator
d:\vincedata\cache\models\waringblender_base.gator
d:\vincedata\cache\models\wreckingball_base.gator
