d:\vincedata\cache\levels\voodooshop\textures\brickred_01bn.1.00.dds
d:\vincedata\cache\levels\voodooshop\textures\lightmap1.dds
d:\vincedata\cache\levels\voodooshop\textures\lightmap10.dds
d:\vincedata\cache\levels\voodooshop\textures\lightmap11.dds
d:\vincedata\cache\levels\voodooshop\textures\lightmap12.dds
d:\vincedata\cache\levels\voodooshop\textures\lightmap13.dds
d:\vincedata\cache\levels\voodooshop\textures\lightmap14.dds
d:\vincedata\cache\levels\voodooshop\textures\lightmap15.dds
d:\vincedata\cache\levels\voodooshop\textures\lightmap16.dds
d:\vincedata\cache\levels\voodooshop\textures\lightmap17.dds
d:\vincedata\cache\levels\voodooshop\textures\lightmap18.dds
d:\vincedata\cache\levels\voodooshop\textures\lightmap19.dds
d:\vincedata\cache\levels\voodooshop\textures\lightmap2.dds
d:\vincedata\cache\levels\voodooshop\textures\lightmap20.dds
d:\vincedata\cache\levels\voodooshop\textures\lightmap21.dds
d:\vincedata\cache\levels\voodooshop\textures\lightmap22.dds
d:\vincedata\cache\levels\voodooshop\textures\lightmap23.dds
d:\vincedata\cache\levels\voodooshop\textures\lightmap24.dds
d:\vincedata\cache\levels\voodooshop\textures\lightmap25.dds
d:\vincedata\cache\levels\voodooshop\textures\lightmap26.dds
d:\vincedata\cache\levels\voodooshop\textures\lightmap27.dds
d:\vincedata\cache\levels\voodooshop\textures\lightmap28.dds
d:\vincedata\cache\levels\voodooshop\textures\lightmap29.dds
d:\vincedata\cache\levels\voodooshop\textures\lightmap3.dds
d:\vincedata\cache\levels\voodooshop\textures\lightmap30.dds
d:\vincedata\cache\levels\voodooshop\textures\lightmap31.dds
d:\vincedata\cache\levels\voodooshop\textures\lightmap32.dds
d:\vincedata\cache\levels\voodooshop\textures\lightmap33.dds
d:\vincedata\cache\levels\voodooshop\textures\lightmap34.dds
d:\vincedata\cache\levels\voodooshop\textures\lightmap35.dds
d:\vincedata\cache\levels\voodooshop\textures\lightmap36.dds
d:\vincedata\cache\levels\voodooshop\textures\lightmap37.dds
d:\vincedata\cache\levels\voodooshop\textures\lightmap38.dds
d:\vincedata\cache\levels\voodooshop\textures\lightmap39.dds
d:\vincedata\cache\levels\voodooshop\textures\lightmap4.dds
d:\vincedata\cache\levels\voodooshop\textures\lightmap40.dds
d:\vincedata\cache\levels\voodooshop\textures\lightmap41.dds
d:\vincedata\cache\levels\voodooshop\textures\lightmap42.dds
d:\vincedata\cache\levels\voodooshop\textures\lightmap5.dds
d:\vincedata\cache\levels\voodooshop\textures\lightmap6.dds
d:\vincedata\cache\levels\voodooshop\textures\lightmap7.dds
d:\vincedata\cache\levels\voodooshop\textures\lightmap8.dds
d:\vincedata\cache\levels\voodooshop\textures\lightmap9.dds
d:\vincedata\cache\textures\00_cloud.dds
d:\vincedata\cache\textures\00_hollowball.dds
d:\vincedata\cache\textures\00_largesoftdot.dds
d:\vincedata\cache\textures\00_largesparkle.dds
d:\vincedata\cache\textures\00_lightening01.dds
d:\vincedata\cache\textures\00_lightening02.dds
d:\vincedata\cache\textures\00_lightening03.dds
d:\vincedata\cache\textures\00_lightening04.dds
d:\vincedata\cache\textures\00_lightening05.dds
d:\vincedata\cache\textures\00_lightening06.dds
d:\vincedata\cache\textures\00_lightening07.dds
d:\vincedata\cache\textures\00_lightening08.dds
d:\vincedata\cache\textures\00_lightening09.dds
d:\vincedata\cache\textures\00_lightening10.dds
d:\vincedata\cache\textures\00_lightening11.dds
d:\vincedata\cache\textures\00_lightening12.dds
d:\vincedata\cache\textures\00_lightening13.dds
d:\vincedata\cache\textures\00_lightening14.dds
d:\vincedata\cache\textures\00_smallsparkle.dds
d:\vincedata\cache\textures\00_swirldots.dds
d:\vincedata\cache\textures\aa_spark_a.dds
d:\vincedata\cache\textures\aa_spark_b.dds
d:\vincedata\cache\textures\aa_spark_c.dds
d:\vincedata\cache\textures\aa_spark_d.dds
d:\vincedata\cache\textures\aa_spark_e.dds
d:\vincedata\cache\textures\aa_spark_f.dds
d:\vincedata\cache\textures\aa_spark_g.dds
d:\vincedata\cache\textures\activatorbad.dds
d:\vincedata\cache\textures\activatoron.dds
d:\vincedata\cache\textures\apartmentdoor.dds
d:\vincedata\cache\textures\arearing.dds
d:\vincedata\cache\textures\arearing003.dds
d:\vincedata\cache\textures\arearing005.dds
d:\vincedata\cache\textures\arearing006.dds
d:\vincedata\cache\textures\arearing007.dds
d:\vincedata\cache\textures\arearing008.dds
d:\vincedata\cache\textures\arearing009.dds
d:\vincedata\cache\textures\arearing010.dds
d:\vincedata\cache\textures\arrowbottom.dds
d:\vincedata\cache\textures\arrowleft.dds
d:\vincedata\cache\textures\arrowright.dds
d:\vincedata\cache\textures\arrowtop.dds
d:\vincedata\cache\textures\aunk01.dds
d:\vincedata\cache\textures\aunk02.dds
d:\vincedata\cache\textures\aunk03.dds
d:\vincedata\cache\textures\aunk04.dds
d:\vincedata\cache\textures\aura001.dds
d:\vincedata\cache\textures\aura002.dds
d:\vincedata\cache\textures\awningcloth02.dds
d:\vincedata\cache\textures\balconytrim_01.dds
d:\vincedata\cache\textures\ball_001.dds
d:\vincedata\cache\textures\ball_002.dds
d:\vincedata\cache\textures\bankdoor.dds
d:\vincedata\cache\textures\bead.dds
d:\vincedata\cache\textures\beeplogo.dds
d:\vincedata\cache\textures\blank.dds
d:\vincedata\cache\textures\blob002.dds
d:\vincedata\cache\textures\boostring01.dds
d:\vincedata\cache\textures\brainsparka.dds
d:\vincedata\cache\textures\brainsparkb.dds
d:\vincedata\cache\textures\brainsparkc.dds
d:\vincedata\cache\textures\brainsparkd.dds
d:\vincedata\cache\textures\brainsparke.dds
d:\vincedata\cache\textures\brickmessy_01.dds
d:\vincedata\cache\textures\brickmessytile_01.dds
d:\vincedata\cache\textures\brickplastergray_01d.dds
d:\vincedata\cache\textures\brickred_01b.dds
d:\vincedata\cache\textures\brickreduneven_01.dds
d:\vincedata\cache\textures\brickwhite_01.dds
d:\vincedata\cache\textures\browndbldoor.dds
d:\vincedata\cache\textures\bspark01.dds
d:\vincedata\cache\textures\bspark02.dds
d:\vincedata\cache\textures\bspark03.dds
d:\vincedata\cache\textures\bspark04.dds
d:\vincedata\cache\textures\bspark05.dds
d:\vincedata\cache\textures\bubbagatorshadow.dds
d:\vincedata\cache\textures\bubble.dds
d:\vincedata\cache\textures\bubble2.dds
d:\vincedata\cache\textures\bubble3.dds
d:\vincedata\cache\textures\bubbles400.dds
d:\vincedata\cache\textures\bugjar400.dds
d:\vincedata\cache\textures\burlesqueheart.dds
d:\vincedata\cache\textures\chainlink02.dds
d:\vincedata\cache\textures\charfunpictures.dds
d:\vincedata\cache\textures\charmainesign.dds
d:\vincedata\cache\textures\charmpage.dds
d:\vincedata\cache\textures\cloud001.dds
d:\vincedata\cache\textures\cloud002.dds
d:\vincedata\cache\textures\cloud003.dds
d:\vincedata\cache\textures\cloud004.dds
d:\vincedata\cache\textures\cloud005.dds
d:\vincedata\cache\textures\cobbelsidewalk_001.dds
d:\vincedata\cache\textures\controlslayout.dds
d:\vincedata\cache\textures\curbs_001.dds
d:\vincedata\cache\textures\curio.dds
d:\vincedata\cache\textures\curiohead_bump.1.58.dds
d:\vincedata\cache\textures\curiohead_no_alpha.dds
d:\vincedata\cache\textures\deliverytruck_001.dds
d:\vincedata\cache\textures\disintegrate.000.dds
d:\vincedata\cache\textures\disintegrate.001.dds
d:\vincedata\cache\textures\disintegrate.002.dds
d:\vincedata\cache\textures\disintegrate.003.dds
d:\vincedata\cache\textures\disintegrate.004.dds
d:\vincedata\cache\textures\disintegrate.005.dds
d:\vincedata\cache\textures\disintegrate.006.dds
d:\vincedata\cache\textures\disintegrate.007.dds
d:\vincedata\cache\textures\disintegrate.008.dds
d:\vincedata\cache\textures\disintegrate.009.dds
d:\vincedata\cache\textures\disintegrate.010.dds
d:\vincedata\cache\textures\disintegrate.011.dds
d:\vincedata\cache\textures\disintegrate.012.dds
d:\vincedata\cache\textures\disintegrate.013.dds
d:\vincedata\cache\textures\disintegrate.014.dds
d:\vincedata\cache\textures\disintegrate.015.dds
d:\vincedata\cache\textures\disintegrate.016.dds
d:\vincedata\cache\textures\disintegrate.017.dds
d:\vincedata\cache\textures\disintegrate.018.dds
d:\vincedata\cache\textures\disintegrate.019.dds
d:\vincedata\cache\textures\disintegrate.020.dds
d:\vincedata\cache\textures\disintegrate.021.dds
d:\vincedata\cache\textures\disintegrate.022.dds
d:\vincedata\cache\textures\disintegrate.023.dds
d:\vincedata\cache\textures\disintegrate.024.dds
d:\vincedata\cache\textures\disintegrate.025.dds
d:\vincedata\cache\textures\disintegrate.026.dds
d:\vincedata\cache\textures\disintegrate.027.dds
d:\vincedata\cache\textures\disintegrate.028.dds
d:\vincedata\cache\textures\disintegrate.029.dds
d:\vincedata\cache\textures\disintegrate.030.dds
d:\vincedata\cache\textures\disintegrate.031.dds
d:\vincedata\cache\textures\disintegrate.032.dds
d:\vincedata\cache\textures\disintegrate.033.dds
d:\vincedata\cache\textures\disintegrate.034.dds
d:\vincedata\cache\textures\disintegrate.035.dds
d:\vincedata\cache\textures\disintegrate.036.dds
d:\vincedata\cache\textures\disintegrate.037.dds
d:\vincedata\cache\textures\disintegrate.038.dds
d:\vincedata\cache\textures\disintegrate.039.dds
d:\vincedata\cache\textures\disintegrate.040.dds
d:\vincedata\cache\textures\disintegrate.041.dds
d:\vincedata\cache\textures\disintegrate.042.dds
d:\vincedata\cache\textures\disintegrate.043.dds
d:\vincedata\cache\textures\disintegrate.044.dds
d:\vincedata\cache\textures\disintegrate.045.dds
d:\vincedata\cache\textures\disintegrate.046.dds
d:\vincedata\cache\textures\disintegrate.047.dds
d:\vincedata\cache\textures\disintegrate.048.dds
d:\vincedata\cache\textures\disintegrate.049.dds
d:\vincedata\cache\textures\disintegrate.050.dds
d:\vincedata\cache\textures\disintegrate.051.dds
d:\vincedata\cache\textures\disintegrate.052.dds
d:\vincedata\cache\textures\disintegrate.053.dds
d:\vincedata\cache\textures\disintegrate.054.dds
d:\vincedata\cache\textures\disintegrate.055.dds
d:\vincedata\cache\textures\disintegrate.056.dds
d:\vincedata\cache\textures\disintegrate.057.dds
d:\vincedata\cache\textures\disintegrate.058.dds
d:\vincedata\cache\textures\disintegrate.059.dds
d:\vincedata\cache\textures\disintegrate.060.dds
d:\vincedata\cache\textures\disintegrate.061.dds
d:\vincedata\cache\textures\doorfinial.dds
d:\vincedata\cache\textures\doorhouse01.dds
d:\vincedata\cache\textures\doorrusted.dds
d:\vincedata\cache\textures\doorstall_01.dds
d:\vincedata\cache\textures\doublewhtdoor.dds
d:\vincedata\cache\textures\drillstuffing01.dds
d:\vincedata\cache\textures\drillstuffing02.dds
d:\vincedata\cache\textures\dripa.dds
d:\vincedata\cache\textures\droplet.dds
d:\vincedata\cache\textures\dumpster.dds
d:\vincedata\cache\textures\dustbag01.dds
d:\vincedata\cache\textures\dustbag02.dds
d:\vincedata\cache\textures\east_window.dds
d:\vincedata\cache\textures\envbead2_64_.dds
d:\vincedata\cache\textures\envbead3_64_.dds
d:\vincedata\cache\textures\envbead_64_.dds
d:\vincedata\cache\textures\envpowericon.dds
d:\vincedata\cache\textures\extralife.dds
d:\vincedata\cache\textures\fingersfull.dds
d:\vincedata\cache\textures\firebug2.dds
d:\vincedata\cache\textures\fireflya.dds
d:\vincedata\cache\textures\flame_001.dds
d:\vincedata\cache\textures\flame_004.dds
d:\vincedata\cache\textures\flame_005.dds
d:\vincedata\cache\textures\flame_006.dds
d:\vincedata\cache\textures\flame_008.dds
d:\vincedata\cache\textures\flame_009.dds
d:\vincedata\cache\textures\flame_011.dds
d:\vincedata\cache\textures\flame_012.dds
d:\vincedata\cache\textures\flame_015.dds
d:\vincedata\cache\textures\flamebase_004.dds
d:\vincedata\cache\textures\flamecandle001.dds
d:\vincedata\cache\textures\flamecandle002.dds
d:\vincedata\cache\textures\flamecandle003.dds
d:\vincedata\cache\textures\flamecandle004.dds
d:\vincedata\cache\textures\flamecandle005.dds
d:\vincedata\cache\textures\flamecandle006.dds
d:\vincedata\cache\textures\flamecandle007.dds
d:\vincedata\cache\textures\flamecandle008.dds
d:\vincedata\cache\textures\flamewick.dds
d:\vincedata\cache\textures\floortile_01.dds
d:\vincedata\cache\textures\floortile_02.dds
d:\vincedata\cache\textures\foam_01.dds
d:\vincedata\cache\textures\footprint_mossgrass.dds
d:\vincedata\cache\textures\footprint_mud.dds
d:\vincedata\cache\textures\fortunecoinicon.dds
d:\vincedata\cache\textures\foundationgray_01.dds
d:\vincedata\cache\textures\fountaindrip005.dds
d:\vincedata\cache\textures\fresnel_water_linear.dds
d:\vincedata\cache\textures\fruitcart.dds
d:\vincedata\cache\textures\garbagecan.dds
d:\vincedata\cache\textures\garyfpo.dds
d:\vincedata\cache\textures\gasflame_001d.dds
d:\vincedata\cache\textures\gatorskeletoninmousetrap01.dds
d:\vincedata\cache\textures\gethealtheffect.dds
d:\vincedata\cache\textures\gingerdeadmanshadow.dds
d:\vincedata\cache\textures\gunbrass01.dds
d:\vincedata\cache\textures\gunbrass02.dds
d:\vincedata\cache\textures\gunbrass03.dds
d:\vincedata\cache\textures\gunbrass04.dds
d:\vincedata\cache\textures\gunflash01.dds
d:\vincedata\cache\textures\gunflash02.dds
d:\vincedata\cache\textures\gunflash03.dds
d:\vincedata\cache\textures\gunflash04.dds
d:\vincedata\cache\textures\gunflash05.dds
d:\vincedata\cache\textures\hatskull01.dds
d:\vincedata\cache\textures\hatskull02.dds
d:\vincedata\cache\textures\hatskull03.dds
d:\vincedata\cache\textures\hatskull04.dds
d:\vincedata\cache\textures\headaches400.dds
d:\vincedata\cache\textures\healthbag00.dds
d:\vincedata\cache\textures\healthbag01.dds
d:\vincedata\cache\textures\healthbag02.dds
d:\vincedata\cache\textures\healthbag03.dds
d:\vincedata\cache\textures\healthbag04.dds
d:\vincedata\cache\textures\healthbagcaution01.dds
d:\vincedata\cache\textures\healthbagcaution02.dds
d:\vincedata\cache\textures\healthbagcaution03.dds
d:\vincedata\cache\textures\healthbagcaution04.dds
d:\vincedata\cache\textures\healthbagicon.dds
d:\vincedata\cache\textures\healthbagiconoutline.dds
d:\vincedata\cache\textures\healthbagsmall00.dds
d:\vincedata\cache\textures\healthbagsmall04.dds
d:\vincedata\cache\textures\hearttail400.dds
d:\vincedata\cache\textures\hearttailmaskingtape400.dds
d:\vincedata\cache\textures\heathazemask.dds
d:\vincedata\cache\textures\heathazenormalmap.dds
d:\vincedata\cache\textures\imp2.dds
d:\vincedata\cache\textures\impshadow.dds
d:\vincedata\cache\textures\jbskull00.dds
d:\vincedata\cache\textures\jbskull01.dds
d:\vincedata\cache\textures\jbskull02.dds
d:\vincedata\cache\textures\jbskull03.dds
d:\vincedata\cache\textures\jebfull.dds
d:\vincedata\cache\textures\jetflame001.dds
d:\vincedata\cache\textures\jetflame002.dds
d:\vincedata\cache\textures\jetflame003.dds
d:\vincedata\cache\textures\jetflame004.dds
d:\vincedata\cache\textures\jetglow.dds
d:\vincedata\cache\textures\killadilloshadow.dds
d:\vincedata\cache\textures\killerbeea.dds
d:\vincedata\cache\textures\killerbeeb.dds
d:\vincedata\cache\textures\killerbeec.dds
d:\vincedata\cache\textures\kosmoeggicon.dds
d:\vincedata\cache\textures\kosmolasereyes02.dds
d:\vincedata\cache\textures\kosmolasereyesjimmys.dds
d:\vincedata\cache\textures\kosmolasereyesrrr.dds
d:\vincedata\cache\textures\kosmotruck01.dds
d:\vincedata\cache\textures\kosmotruck02.dds
d:\vincedata\cache\textures\kosmotruck03.dds
d:\vincedata\cache\textures\kosmotrucktop.dds
d:\vincedata\cache\textures\lampfanmetal_01.dds
d:\vincedata\cache\textures\laundryicon.dds
d:\vincedata\cache\textures\leeringeyes400.dds
d:\vincedata\cache\textures\leeringeyeslabel400.dds
d:\vincedata\cache\textures\lightningbolt1.dds
d:\vincedata\cache\textures\lightningbolt2.dds
d:\vincedata\cache\textures\lightningbolt3.dds
d:\vincedata\cache\textures\lightningzap_001.dds
d:\vincedata\cache\textures\lightningzap_002.dds
d:\vincedata\cache\textures\lightningzap_003.dds
d:\vincedata\cache\textures\lightningzap_004.dds
d:\vincedata\cache\textures\lightningzap_005.dds
d:\vincedata\cache\textures\loadingstrip.dds
d:\vincedata\cache\textures\loadingstripdetail.dds
d:\vincedata\cache\textures\loadscreen.dds
d:\vincedata\cache\textures\map_bogwallow.dds
d:\vincedata\cache\textures\map_docks.dds
d:\vincedata\cache\textures\map_dtcryptcity.dds
d:\vincedata\cache\textures\map_earthwaterwood.dds
d:\vincedata\cache\textures\map_gatekeeper.dds
d:\vincedata\cache\textures\map_glowberry.dds
d:\vincedata\cache\textures\map_jimmys.dds
d:\vincedata\cache\textures\map_lafitteship.dds
d:\vincedata\cache\textures\map_landorides.dds
d:\vincedata\cache\textures\map_mainstreet.dds
d:\vincedata\cache\textures\map_maintunnel.dds
d:\vincedata\cache\textures\map_midway.dds
d:\vincedata\cache\textures\map_porch.dds
d:\vincedata\cache\textures\map_rocketlab.dds
d:\vincedata\cache\textures\map_sarcophagus.dds
d:\vincedata\cache\textures\map_square.dds
d:\vincedata\cache\textures\maplong.dds
d:\vincedata\cache\textures\meatgoo01.dds
d:\vincedata\cache\textures\metalassorted_01.dds
d:\vincedata\cache\textures\metalmainst_001.dds
d:\vincedata\cache\textures\metalthing_001.dds
d:\vincedata\cache\textures\missing.dds
d:\vincedata\cache\textures\mist01.dds
d:\vincedata\cache\textures\mist02.dds
d:\vincedata\cache\textures\nav_arrowleft.dds
d:\vincedata\cache\textures\nav_arrowright.dds
d:\vincedata\cache\textures\needlehat_icon.dds
d:\vincedata\cache\textures\needlehat_iconmeter.dds
d:\vincedata\cache\textures\newpowericon_envmask.dds
d:\vincedata\cache\textures\onionicon.dds
d:\vincedata\cache\textures\optionsselectedbar.dds
d:\vincedata\cache\textures\pausebuttonhelp.dds
d:\vincedata\cache\textures\pausescreenbackground.dds
d:\vincedata\cache\textures\pepper_sparks1.dds
d:\vincedata\cache\textures\pepper_sparks2.dds
d:\vincedata\cache\textures\pepper_sparks3.dds
d:\vincedata\cache\textures\pinatacandy01.dds
d:\vincedata\cache\textures\pinatacandy02.dds
d:\vincedata\cache\textures\pinatacandy03.dds
d:\vincedata\cache\textures\pinatacandy04.dds
d:\vincedata\cache\textures\pinatacandy05.dds
d:\vincedata\cache\textures\pitfrog002.dds
d:\vincedata\cache\textures\pitfrogshadow.dds
d:\vincedata\cache\textures\plasterbluegray_01.dds
d:\vincedata\cache\textures\plastergrayred_01.dds
d:\vincedata\cache\textures\plastergreenworn_01.dds
d:\vincedata\cache\textures\plasterorangegray_01.dds
d:\vincedata\cache\textures\plasterpurple_01b.dds
d:\vincedata\cache\textures\plastersalmon_01b.dds
d:\vincedata\cache\textures\poodlebombhead.dds
d:\vincedata\cache\textures\poodlebombleg.dds
d:\vincedata\cache\textures\poodlebombtail.dds
d:\vincedata\cache\textures\poof00.dds
d:\vincedata\cache\textures\poof01.dds
d:\vincedata\cache\textures\poof02.dds
d:\vincedata\cache\textures\poof03.dds
d:\vincedata\cache\textures\poof04.dds
d:\vincedata\cache\textures\pop01.dds
d:\vincedata\cache\textures\pop02.dds
d:\vincedata\cache\textures\pop03.dds
d:\vincedata\cache\textures\pop04.dds
d:\vincedata\cache\textures\pop05.dds
d:\vincedata\cache\textures\pop06.dds
d:\vincedata\cache\textures\pop07.dds
d:\vincedata\cache\textures\pop08.dds
d:\vincedata\cache\textures\pop09.dds
d:\vincedata\cache\textures\powericon.dds
d:\vincedata\cache\textures\powerskull.dds
d:\vincedata\cache\textures\powerskull04.dds
d:\vincedata\cache\textures\powerskullmeter.dds
d:\vincedata\cache\textures\powerskullmeterfull.dds
d:\vincedata\cache\textures\powerskullsmall00.dds
d:\vincedata\cache\textures\powerskullsmall04.dds
d:\vincedata\cache\textures\projectileskull.dds
d:\vincedata\cache\textures\rail03.dds
d:\vincedata\cache\textures\railing_01.dds
d:\vincedata\cache\textures\ringy001.dds
d:\vincedata\cache\textures\roadbrickred_01a.dds
d:\vincedata\cache\textures\roadcrack.dds
d:\vincedata\cache\textures\roadsigns.dds
d:\vincedata\cache\textures\rocket0.dds
d:\vincedata\cache\textures\rocket2.dds
d:\vincedata\cache\textures\roofslatebrown_02.dds
d:\vincedata\cache\textures\roofslategray_02.dds
d:\vincedata\cache\textures\roofwood_01.dds
d:\vincedata\cache\textures\safe002_jb.dds
d:\vincedata\cache\textures\sausagegrindericon.dds
d:\vincedata\cache\textures\sausagemakericon.dds
d:\vincedata\cache\textures\saveframehighlight.dds
d:\vincedata\cache\textures\savescreen_basketcase.dds
d:\vincedata\cache\textures\savescreen_belowdecks.dds
d:\vincedata\cache\textures\savescreen_bigpig.dds
d:\vincedata\cache\textures\savescreen_boltroidbattle.dds
d:\vincedata\cache\textures\savescreen_bumpercarbumpoff.dds
d:\vincedata\cache\textures\savescreen_captainsroom.dds
d:\vincedata\cache\textures\savescreen_courtyard.dds
d:\vincedata\cache\textures\savescreen_crawdadjimmys.dds
d:\vincedata\cache\textures\savescreen_earthwoodandwater.dds
d:\vincedata\cache\textures\savescreen_frontporch.dds
d:\vincedata\cache\textures\savescreen_gatekeeperjam.dds
d:\vincedata\cache\textures\savescreen_glowberrytangle.dds
d:\vincedata\cache\textures\savescreen_gwistlethorpemausoleum.dds
d:\vincedata\cache\textures\savescreen_houseomirrors.dds
d:\vincedata\cache\textures\savescreen_hurricanehannah.dds
d:\vincedata\cache\textures\savescreen_insidekosmobot.dds
d:\vincedata\cache\textures\savescreen_jeanlafittesship.dds
d:\vincedata\cache\textures\savescreen_jimmysfanboat.dds
d:\vincedata\cache\textures\savescreen_landorides.dds
d:\vincedata\cache\textures\savescreen_mainstreet.dds
d:\vincedata\cache\textures\savescreen_maintunnel.dds
d:\vincedata\cache\textures\savescreen_midway.dds
d:\vincedata\cache\textures\savescreen_museum.dds
d:\vincedata\cache\textures\savescreen_playroom.dds
d:\vincedata\cache\textures\savescreen_propellerroom.dds
d:\vincedata\cache\textures\savescreen_ratracerodeo.dds
d:\vincedata\cache\textures\savescreen_rocketlab.dds
d:\vincedata\cache\textures\savescreen_sarcophagushustle.dds
d:\vincedata\cache\textures\savescreen_scarehouse.dds
d:\vincedata\cache\textures\savescreen_stealthroom.dds
d:\vincedata\cache\textures\savescreen_thebogwallow.dds
d:\vincedata\cache\textures\savescreen_thesausageworks.dds
d:\vincedata\cache\textures\savescreen_thesquare.dds
d:\vincedata\cache\textures\savescreen_throttleup.dds
d:\vincedata\cache\textures\savescreen_tintoyterror.dds
d:\vincedata\cache\textures\savescreen_tumblerroom.dds
d:\vincedata\cache\textures\savescreen_wrathofjanice.dds
d:\vincedata\cache\textures\savescreen_zombieguidancecounselor.dds
d:\vincedata\cache\textures\saveselectedbar.dds
d:\vincedata\cache\textures\shop_babyteeth.dds
d:\vincedata\cache\textures\shop_chickenmilkcereal.dds
d:\vincedata\cache\textures\shop_gatershoes.dds
d:\vincedata\cache\textures\shop_hotdog.dds
d:\vincedata\cache\textures\shop_labels.dds
d:\vincedata\cache\textures\shop_maninbottle.dds
d:\vincedata\cache\textures\shopbooks.dds
d:\vincedata\cache\textures\shopbooks02.dds
d:\vincedata\cache\textures\shopbooks03.dds
d:\vincedata\cache\textures\shopbooks04.dds
d:\vincedata\cache\textures\shopcandles01.dds
d:\vincedata\cache\textures\shopcandles02.dds
d:\vincedata\cache\textures\shopcandles03.dds
d:\vincedata\cache\textures\shopcandles04.dds
d:\vincedata\cache\textures\shopcandles05.dds
d:\vincedata\cache\textures\shopcandles06.dds
d:\vincedata\cache\textures\shopcandlesdrips01.dds
d:\vincedata\cache\textures\shopcandlesdrips02.dds
d:\vincedata\cache\textures\shopcandlesdrips03.dds
d:\vincedata\cache\textures\shopcandlesdrips04.dds
d:\vincedata\cache\textures\shopcandlestops01.dds
d:\vincedata\cache\textures\shopfan.dds
d:\vincedata\cache\textures\shopfloor01.dds
d:\vincedata\cache\textures\shopmask01.dds
d:\vincedata\cache\textures\shopmask02.dds
d:\vincedata\cache\textures\shopmask03.dds
d:\vincedata\cache\textures\shopmask04.dds
d:\vincedata\cache\textures\shopmask05.dds
d:\vincedata\cache\textures\shopmask06.dds
d:\vincedata\cache\textures\shopmask07.dds
d:\vincedata\cache\textures\shopmaskalpha01.dds
d:\vincedata\cache\textures\shopmaskalpha02.dds
d:\vincedata\cache\textures\shopmisc01.dds
d:\vincedata\cache\textures\shopmisc02.dds
d:\vincedata\cache\textures\shopmisc03.dds
d:\vincedata\cache\textures\shopmisc04.dds
d:\vincedata\cache\textures\shopmisc05.dds
d:\vincedata\cache\textures\shopmisc06.dds
d:\vincedata\cache\textures\shopmisc07.dds
d:\vincedata\cache\textures\shopmisc08.dds
d:\vincedata\cache\textures\shopmisc09.dds
d:\vincedata\cache\textures\shopmiscalpha01.dds
d:\vincedata\cache\textures\shopmiscalpha01_envmask.dds
d:\vincedata\cache\textures\shoprug01.dds
d:\vincedata\cache\textures\shoprug02.dds
d:\vincedata\cache\textures\shoprug03.dds
d:\vincedata\cache\textures\shoptable.dds
d:\vincedata\cache\textures\shopwalls01.dds
d:\vincedata\cache\textures\shopwalls02.dds
d:\vincedata\cache\textures\shopwallstrim01.dds
d:\vincedata\cache\textures\shopwood01.dds
d:\vincedata\cache\textures\shopwood02.dds
d:\vincedata\cache\textures\shopwoodtable01.dds
d:\vincedata\cache\textures\sidewalkslate_001.dds
d:\vincedata\cache\textures\sliderbar.dds
d:\vincedata\cache\textures\slidermarker.dds
d:\vincedata\cache\textures\smoke_001.dds
d:\vincedata\cache\textures\smokesoft.dds
d:\vincedata\cache\textures\smokesoft002.dds
d:\vincedata\cache\textures\softglow.dds
d:\vincedata\cache\textures\softglow2.dds
d:\vincedata\cache\textures\softglow8.dds
d:\vincedata\cache\textures\spark001.dds
d:\vincedata\cache\textures\spark002.dds
d:\vincedata\cache\textures\spark003.dds
d:\vincedata\cache\textures\spark004.dds
d:\vincedata\cache\textures\spark005.dds
d:\vincedata\cache\textures\sparkles002.dds
d:\vincedata\cache\textures\sparklestar001.dds
d:\vincedata\cache\textures\sparklestar002.dds
d:\vincedata\cache\textures\speedometer.dds
d:\vincedata\cache\textures\speedometerneedle.dds
d:\vincedata\cache\textures\splashring.dds
d:\vincedata\cache\textures\splashring2.dds
d:\vincedata\cache\textures\splashring3.dds
d:\vincedata\cache\textures\splashring4.dds
d:\vincedata\cache\textures\splashtesta.dds
d:\vincedata\cache\textures\spotglow.dds
d:\vincedata\cache\textures\spritedebrisbranch_01.dds
d:\vincedata\cache\textures\spritedebrisbranch_02.dds
d:\vincedata\cache\textures\spritedebrisbranch_03.dds
d:\vincedata\cache\textures\spritedebrisbranch_04.dds
d:\vincedata\cache\textures\spritedebrisgrass_01.dds
d:\vincedata\cache\textures\spritedebrisgrass_02.dds
d:\vincedata\cache\textures\spritedebrisleaf_01.dds
d:\vincedata\cache\textures\spritedebrisleaf_01b.dds
d:\vincedata\cache\textures\spritedebrisleaf_02.dds
d:\vincedata\cache\textures\spritedebrisleaf_03.dds
d:\vincedata\cache\textures\spritedebrisleaf_04.dds
d:\vincedata\cache\textures\spritedebrisleaf_05.dds
d:\vincedata\cache\textures\spritedebrisleaf_06.dds
d:\vincedata\cache\textures\spritedebrisleaf_07.dds
d:\vincedata\cache\textures\spritedebrisplant_01.dds
d:\vincedata\cache\textures\spritedebrisplant_02.dds
d:\vincedata\cache\textures\spritedebrisplant_03.dds
d:\vincedata\cache\textures\spritedebrisplant_04.dds
d:\vincedata\cache\textures\spritedebrisplant_05.dds
d:\vincedata\cache\textures\spritedebrisplant_06.dds
d:\vincedata\cache\textures\spritedebrisrock_01.dds
d:\vincedata\cache\textures\spritedebrisrock_02.dds
d:\vincedata\cache\textures\star_a.dds
d:\vincedata\cache\textures\star_b.dds
d:\vincedata\cache\textures\star_c.dds
d:\vincedata\cache\textures\starjohn01.dds
d:\vincedata\cache\textures\starjohn02.dds
d:\vincedata\cache\textures\starjohn03.dds
d:\vincedata\cache\textures\starjohn04.dds
d:\vincedata\cache\textures\swinghooktargetparticle.dds
d:\vincedata\cache\textures\swinghooktargetparticle2.dds
d:\vincedata\cache\textures\swirl3.dds
d:\vincedata\cache\textures\targetingcrosshairs.dds
d:\vincedata\cache\textures\temp_gascanister.dds
d:\vincedata\cache\textures\tendril01.dds
d:\vincedata\cache\textures\tendril02.dds
d:\vincedata\cache\textures\tendril03.dds
d:\vincedata\cache\textures\tendril04.dds
d:\vincedata\cache\textures\totemskull_base_envpowericon.dds
d:\vincedata\cache\textures\trolleyicon.dds
d:\vincedata\cache\textures\trophyroommisc02.dds
d:\vincedata\cache\textures\truckdirtyglass.dds
d:\vincedata\cache\textures\truckpickup.dds
d:\vincedata\cache\textures\v_spot001.dds
d:\vincedata\cache\textures\v_spot003.dds
d:\vincedata\cache\textures\vince_shred01.dds
d:\vincedata\cache\textures\vince_shred02.dds
d:\vincedata\cache\textures\vince_shred03.dds
d:\vincedata\cache\textures\vince_shred04.dds
d:\vincedata\cache\textures\vince_shred05.dds
d:\vincedata\cache\textures\vince_shred06.dds
d:\vincedata\cache\textures\vincelogo.dds
d:\vincedata\cache\textures\vinceplane.dds
d:\vincedata\cache\textures\vinceplane_bump.0.10.dds
d:\vincedata\cache\textures\vincepowerup.000.dds
d:\vincedata\cache\textures\vincepowerup.001.dds
d:\vincedata\cache\textures\vincepowerup.002.dds
d:\vincedata\cache\textures\vincepowerup.003.dds
d:\vincedata\cache\textures\vincepowerup.004.dds
d:\vincedata\cache\textures\vincepowerup.005.dds
d:\vincedata\cache\textures\vincepowerup.006.dds
d:\vincedata\cache\textures\vincepowerup.007.dds
d:\vincedata\cache\textures\vinceshadow.dds
d:\vincedata\cache\textures\vinceskin.dds
d:\vincedata\cache\textures\vinceskinn.1.00.dds
d:\vincedata\cache\textures\vincesliced.dds
d:\vincedata\cache\textures\voodoobox.dds
d:\vincedata\cache\textures\voodoobox_bump.1.00.dds
d:\vincedata\cache\textures\voodoopower_lightening001.dds
d:\vincedata\cache\textures\voodoopower_lightening002.dds
d:\vincedata\cache\textures\voodooshopwindow.dds
d:\vincedata\cache\textures\voodooteddybear01.dds
d:\vincedata\cache\textures\voodoowall002.dds
d:\vincedata\cache\textures\wallbanner001gh.dds
d:\vincedata\cache\textures\walllamps02.dds
d:\vincedata\cache\textures\watertesta.dds
d:\vincedata\cache\textures\watertestb.dds
d:\vincedata\cache\textures\windowalley01.dds
d:\vincedata\cache\textures\windowalley02.dds
d:\vincedata\cache\textures\windowpainted01.dds
d:\vincedata\cache\textures\windowsbank.dds
d:\vincedata\cache\textures\woodblue_01.dds
d:\vincedata\cache\textures\woodbridge01_jb.dds
d:\vincedata\cache\textures\wooddeckgray_01.dds
d:\vincedata\cache\textures\woodgraysiding_01.dds
d:\vincedata\cache\textures\woodgreen_01.dds
d:\vincedata\cache\textures\woodoldsupport01.dds
d:\vincedata\cache\textures\woodtrimassorted_02.dds
d:\vincedata\cache\textures\zgcimpheadicon.dds
d:\vincedata\cache\textures\zgcvinceheadicon.dds
d:\vincedata\cache\textures\zombiebag.dds
d:\vincedata\cache\textures\zombiemusk400.dds
