d:\vincedata\cache\sounds\ambbuzz03.wav
d:\vincedata\cache\sounds\bew_amb01.wav
d:\vincedata\cache\sounds\bew_amb02.wav
d:\vincedata\cache\sounds\bew_amb04.wav
d:\vincedata\cache\sounds\bew_fact01.wav
d:\vincedata\cache\sounds\bew_fact02.wav
d:\vincedata\cache\sounds\bew_fact03.wav
d:\vincedata\cache\sounds\bew_switch.wav
d:\vincedata\cache\sounds\bew_wagateo.wav
d:\vincedata\cache\sounds\bew_wogatec.wav
d:\vincedata\cache\sounds\bew_wogateo.wav
d:\vincedata\cache\sounds\bubattack01.wav
d:\vincedata\cache\sounds\bubattack02.wav
d:\vincedata\cache\sounds\bubattack03.wav
d:\vincedata\cache\sounds\bubbascratch.wav
d:\vincedata\cache\sounds\bubbelch.wav
d:\vincedata\cache\sounds\bubblock.wav
d:\vincedata\cache\sounds\bubbreath.wav
d:\vincedata\cache\sounds\bubdamage01.wav
d:\vincedata\cache\sounds\bubdamage02.wav
d:\vincedata\cache\sounds\bubdamage03.wav
d:\vincedata\cache\sounds\bubdamage04.wav
d:\vincedata\cache\sounds\bubdeath01.wav
d:\vincedata\cache\sounds\bubidle.wav
d:\vincedata\cache\sounds\bubjack.wav
d:\vincedata\cache\sounds\bubjack_02.wav
d:\vincedata\cache\sounds\bubpat01.wav
d:\vincedata\cache\sounds\bubpat02.wav
d:\vincedata\cache\sounds\bubpowdam.wav
d:\vincedata\cache\sounds\bubpreattail.wav
d:\vincedata\cache\sounds\bubpreattbelly.wav
d:\vincedata\cache\sounds\bubtaunt.wav
d:\vincedata\cache\sounds\bubtwist.wav
d:\vincedata\cache\sounds\bubtwist_02.wav
d:\vincedata\cache\sounds\vince_b_eww_01.wav
d:\vincedata\cache\sounds\vince_b_eww_02.wav
d:\vincedata\cache\sounds\vince_b_eww_03.wav
d:\vincedata\cache\sounds\vince_b_eww_04.wav
