d:\vincedata\cache\models\beaver_base.gator
d:\vincedata\cache\models\bucketline_base.gator
d:\vincedata\cache\models\conveyora_base.gator
d:\vincedata\cache\models\conveyorb_base.gator
d:\vincedata\cache\models\conveyorc_base.gator
d:\vincedata\cache\models\conveyord_base.gator
d:\vincedata\cache\models\conveyore_base.gator
d:\vincedata\cache\models\conveyorf_base.gator
d:\vincedata\cache\models\conveyorg_base.gator
d:\vincedata\cache\models\conveyorh_base.gator
d:\vincedata\cache\models\mouse_base.gator
d:\vincedata\cache\models\pistonline_base.gator
d:\vincedata\cache\models\raccoon_base.gator
d:\vincedata\cache\models\sasuagegrindernose_base.gator
d:\vincedata\cache\models\sausage_base.gator
d:\vincedata\cache\models\sausagecatcher_base.gator
d:\vincedata\cache\models\sausagegiblets_base.gator
d:\vincedata\cache\models\sausagegrinder_base.gator
d:\vincedata\cache\models\sausagemaker_base.gator
d:\vincedata\cache\models\switchsausage_base.gator
d:\vincedata\cache\models\trayline_base.gator
