d:\vincedata\cache\sounds\bubattack01.wav
d:\vincedata\cache\sounds\bubattack02.wav
d:\vincedata\cache\sounds\bubattack03.wav
d:\vincedata\cache\sounds\bubbascratch.wav
d:\vincedata\cache\sounds\bubbelch.wav
d:\vincedata\cache\sounds\bubblock.wav
d:\vincedata\cache\sounds\bubbreath.wav
d:\vincedata\cache\sounds\bubdamage01.wav
d:\vincedata\cache\sounds\bubdamage02.wav
d:\vincedata\cache\sounds\bubdamage03.wav
d:\vincedata\cache\sounds\bubdamage04.wav
d:\vincedata\cache\sounds\bubdeath01.wav
d:\vincedata\cache\sounds\bubidle.wav
d:\vincedata\cache\sounds\bubjack.wav
d:\vincedata\cache\sounds\bubjack_02.wav
d:\vincedata\cache\sounds\bubpat01.wav
d:\vincedata\cache\sounds\bubpat02.wav
d:\vincedata\cache\sounds\bubpowdam.wav
d:\vincedata\cache\sounds\bubpreattail.wav
d:\vincedata\cache\sounds\bubpreattbelly.wav
d:\vincedata\cache\sounds\bubtaunt.wav
d:\vincedata\cache\sounds\bubtwist.wav
d:\vincedata\cache\sounds\bubtwist_02.wav
d:\vincedata\cache\sounds\pigbackstep.wav
d:\vincedata\cache\sounds\pigshreik.wav
d:\vincedata\cache\sounds\pigsnore01.wav
d:\vincedata\cache\sounds\pigsnore02.wav
d:\vincedata\cache\sounds\pigsquash.wav
d:\vincedata\cache\sounds\pigstep01.wav
d:\vincedata\cache\sounds\pigstep02.wav
d:\vincedata\cache\sounds\pigstep03.wav
d:\vincedata\cache\sounds\pigwake01.wav
d:\vincedata\cache\sounds\pigwake02.wav
d:\vincedata\cache\sounds\qamb_water_01.wav
d:\vincedata\cache\sounds\qamb_water_02.wav
d:\vincedata\cache\sounds\qbp_cymbal.wav
d:\vincedata\cache\sounds\qbp_rope.wav
d:\vincedata\cache\sounds\qbp_rope_02.wav
d:\vincedata\cache\sounds\qbp_safefal.wav
d:\vincedata\cache\sounds\qbp_safeup.wav
d:\vincedata\cache\sounds\qbp_switch.wav
d:\vincedata\cache\sounds\vince_q_d_01.wav
d:\vincedata\cache\sounds\vince_q_d_02.wav
d:\vincedata\cache\sounds\vince_q_d_03.wav
d:\vincedata\cache\sounds\vince_q_d_04.wav
d:\vincedata\cache\sounds\vince_q_d_05.wav
d:\vincedata\cache\sounds\vince_q_d_06.wav
d:\vincedata\cache\sounds\vince_q_d_07.wav
d:\vincedata\cache\sounds\vince_q_d_08.wav
d:\vincedata\cache\sounds\vince_q_d_09.wav
d:\vincedata\cache\sounds\vince_q_d_10.wav
