d:\vincedata\cache\anims\arenadrawbridge_close.anim
d:\vincedata\cache\anims\arenadrawbridge_open.anim
d:\vincedata\cache\anims\arenamainbridge_close.anim
d:\vincedata\cache\anims\arenamainbridge_open.anim
d:\vincedata\cache\anims\balloon_inairidle.anim
d:\vincedata\cache\anims\balloon_ongroundidle.anim
d:\vincedata\cache\anims\balloon_pga_01.anim
d:\vincedata\cache\anims\balloon_pga_01a.anim
d:\vincedata\cache\anims\balloon_pga_02.anim
d:\vincedata\cache\anims\balloon_pga_02a.anim
d:\vincedata\cache\anims\balloon_pga_03.anim
d:\vincedata\cache\anims\gascanister_walk.anim
d:\vincedata\cache\anims\janice_death001.anim
d:\vincedata\cache\anims\janice_idle001.anim
d:\vincedata\cache\anims\janice_idle002.anim
d:\vincedata\cache\anims\janice_lhead_damage001.anim
d:\vincedata\cache\anims\janice_lhead_damage002.anim
d:\vincedata\cache\anims\janice_rhead_damage001.anim
d:\vincedata\cache\anims\janice_rhead_damage002.anim
d:\vincedata\cache\anims\janice_search_floor.anim
d:\vincedata\cache\anims\janice_startbattle001.anim
d:\vincedata\cache\anims\janice_startbattle002.anim
d:\vincedata\cache\anims\janice_startbattle003.anim
d:\vincedata\cache\anims\janice_startbattle004.anim
d:\vincedata\cache\anims\laundrybita_idle.anim
d:\vincedata\cache\anims\laundrydress_idle.anim
d:\vincedata\cache\anims\laundrypants_idle.anim
d:\vincedata\cache\anims\laundryscarf_idle.anim
d:\vincedata\cache\anims\laundryshirt_idle.anim
d:\vincedata\cache\anims\laundrytie_idle.anim
d:\vincedata\cache\anims\nailbox_close.anim
d:\vincedata\cache\anims\nailbox_giblets_explode.anim
d:\vincedata\cache\anims\nailbox_open.anim
d:\vincedata\cache\anims\professorethel_gotall.anim
d:\vincedata\cache\anims\professorethel_hintcloth.anim
d:\vincedata\cache\anims\professorethel_hintfuel.anim
d:\vincedata\cache\anims\professorethel_hintpropeller.anim
d:\vincedata\cache\anims\professorethel_idle001.anim
d:\vincedata\cache\anims\professorethel_nothing01.anim
d:\vincedata\cache\anims\professorethel_nothing02.anim
d:\vincedata\cache\anims\professorethel_nothing03.anim
d:\vincedata\cache\anims\professorethel_pga_01_okshortstuff.anim
d:\vincedata\cache\anims\professorethel_pga_01a.anim
d:\vincedata\cache\anims\professorethel_pga_02_heywerenot.anim
d:\vincedata\cache\anims\professorethel_pga_03_idleoveredge.anim
d:\vincedata\cache\anims\professorethel_thanks01.anim
d:\vincedata\cache\anims\professorethel_thanks02.anim
d:\vincedata\cache\anims\professorethel_thanks03.anim
d:\vincedata\cache\anims\professorethel_vdi_01_heywatchthe.anim
d:\vincedata\cache\anims\professorethel_vdi_02_imightbe.anim
d:\vincedata\cache\anims\professorethel_vdi_03_tellyouwhat.anim
d:\vincedata\cache\anims\professorethel_vdi_04_umyeah01.anim
d:\vincedata\cache\anims\professorethel_vdi_05_umyeah02.anim
d:\vincedata\cache\anims\professorethel_vdi_06_idle.anim
d:\vincedata\cache\anims\propeller_fall.anim
d:\vincedata\cache\anims\propeller_idle.anim
d:\vincedata\cache\anims\suspendedlight_patrola.anim
d:\vincedata\cache\anims\suspendedlight_patrolb.anim
d:\vincedata\cache\anims\suspendedlight_patrolc.anim
d:\vincedata\cache\anims\suspendedlight_patrold.anim
d:\vincedata\cache\anims\suspendedlight_patrole.anim
d:\vincedata\cache\anims\suspendedlight_patrolf.anim
d:\vincedata\cache\anims\suspendedlight_patrolg.anim
d:\vincedata\cache\anims\suspendedlight_patrolh.anim
d:\vincedata\cache\anims\vince_janicedefeated001.anim
d:\vincedata\cache\anims\vince_janicedefeated002.anim
d:\vincedata\cache\anims\vince_janicedefeated003.anim
d:\vincedata\cache\anims\vince_janicedefeated003b.anim
d:\vincedata\cache\anims\vince_janicedefeated004.anim
d:\vincedata\cache\anims\vince_janiceintro001.anim
d:\vincedata\cache\anims\vince_janiceintro002.anim
d:\vincedata\cache\anims\vince_janiceintro003.anim
d:\vincedata\cache\anims\vince_janiceintro004.anim
d:\vincedata\cache\anims\vince_kickedout01.anim
d:\vincedata\cache\anims\vince_pga_01.anim
d:\vincedata\cache\anims\vince_pga_02.anim
d:\vincedata\cache\anims\vince_pga_03.anim
d:\vincedata\cache\anims\vince_pga_04.anim
d:\vincedata\cache\anims\vince_pga_06.anim
d:\vincedata\cache\anims\vince_pga_07.anim
d:\vincedata\cache\anims\vince_vdi_01_fallshard.anim
d:\vincedata\cache\anims\vince_vdi_02_recliningidle.anim
d:\vincedata\cache\anims\vince_vdi_03_hopsdown.anim
d:\vincedata\cache\anims\vince_vdi_04_ihopenot.anim
d:\vincedata\cache\anims\vince_vdi_05_walksintoscene.anim
d:\vincedata\cache\anims\vince_vdi_06_yourebuilding.anim
d:\vincedata\cache\anims\vince_vdi_07_lookslike.anim
d:\vincedata\cache\anims\vince_vdi_08_imonit.anim
d:\vincedata\cache\anims\vince_vdi_09_backtocameraidle.anim
d:\vincedata\cache\anims\wallplatforms_idle.anim
d:\vincedata\cache\levels\wrathofjanice\anims\camera_00_lr.campath
d:\vincedata\cache\levels\wrathofjanice\anims\camera_01.campath
d:\vincedata\cache\levels\wrathofjanice\anims\camera_01_jd.campath
d:\vincedata\cache\levels\wrathofjanice\anims\camera_01_lr.campath
d:\vincedata\cache\levels\wrathofjanice\anims\camera_01_vdi.campath
d:\vincedata\cache\levels\wrathofjanice\anims\camera_01a.campath
d:\vincedata\cache\levels\wrathofjanice\anims\camera_02.campath
d:\vincedata\cache\levels\wrathofjanice\anims\camera_02_jd.campath
d:\vincedata\cache\levels\wrathofjanice\anims\camera_02_vdi.campath
d:\vincedata\cache\levels\wrathofjanice\anims\camera_02a.campath
d:\vincedata\cache\levels\wrathofjanice\anims\camera_03.campath
d:\vincedata\cache\levels\wrathofjanice\anims\camera_03_jd.campath
d:\vincedata\cache\levels\wrathofjanice\anims\camera_03_vdi.campath
d:\vincedata\cache\levels\wrathofjanice\anims\camera_04.campath
d:\vincedata\cache\levels\wrathofjanice\anims\camera_04_jd.campath
d:\vincedata\cache\levels\wrathofjanice\anims\camera_04a_vdi.campath
d:\vincedata\cache\levels\wrathofjanice\anims\camera_04b_vdi.campath
d:\vincedata\cache\levels\wrathofjanice\anims\camera_04c_vdi.campath
d:\vincedata\cache\levels\wrathofjanice\anims\camera_05_jd.campath
d:\vincedata\cache\levels\wrathofjanice\anims\camera_05_vdi.campath
d:\vincedata\cache\levels\wrathofjanice\anims\camera_06_jd.campath
d:\vincedata\cache\levels\wrathofjanice\anims\camera_06_vdi.campath
d:\vincedata\cache\levels\wrathofjanice\anims\camera_07_vdi.campath
d:\vincedata\cache\levels\wrathofjanice\anims\camera_08_vdi.campath
d:\vincedata\cache\levels\wrathofjanice\anims\camera_09_vdi.campath
d:\vincedata\cache\levels\wrathofjanice\anims\camera_10_vdi.campath
d:\vincedata\cache\levels\wrathofjanice\anims\camera_ji_05.campath
d:\vincedata\cache\levels\wrathofjanice\anims\camera_ji_06.campath
d:\vincedata\cache\levels\wrathofjanice\anims\camera_ji_07.campath
d:\vincedata\cache\levels\wrathofjanice\anims\camera_ji_08.campath
d:\vincedata\cache\levels\wrathofjanice\anims\camera_ji_09.campath
d:\vincedata\cache\levels\wrathofjanice\anims\camera_ji_10.campath
d:\vincedata\cache\levels\wrathofjanice\anims\camera_ji_11.campath
d:\vincedata\cache\levels\wrathofjanice\anims\camera_ji_12.campath
d:\vincedata\cache\levels\wrathofjanice\anims\levelflythroughcam_wrathofjanice.campath
