d:\vincedata\cache\anims\basketstoppera_idle.anim
d:\vincedata\cache\anims\basketstopperboot_idle.anim
d:\vincedata\cache\anims\basketstopperpan_hit.anim
d:\vincedata\cache\anims\basketstopperpan_idle.anim
d:\vincedata\cache\anims\laundrybita_idle.anim
d:\vincedata\cache\anims\laundrycar_hit.anim
d:\vincedata\cache\anims\laundrycar_idle.anim
d:\vincedata\cache\anims\laundrycar_jump.anim
d:\vincedata\cache\anims\laundrycar_ride.anim
d:\vincedata\cache\anims\laundrycar_turnl.anim
d:\vincedata\cache\anims\laundrycar_turnr.anim
d:\vincedata\cache\anims\laundrydress_idle.anim
d:\vincedata\cache\anims\laundrypants_idle.anim
d:\vincedata\cache\anims\laundryscarf_idle.anim
d:\vincedata\cache\anims\laundryshirt_idle.anim
d:\vincedata\cache\anims\laundrytie_idle.anim
d:\vincedata\cache\anims\vince_laundrycarfall.anim
d:\vincedata\cache\anims\vince_laundrystop.anim
d:\vincedata\cache\levels\basketcase\anims\levelflythroughcam_basketcase.campath
d:\vincedata\cache\levels\basketcase\anims\pointlightlampanim_29.lightpath
