d:\vincedata\cache\levels\tintoyterror\models\shaped.gator
d:\vincedata\cache\levels\tintoyterror\models\shaped01.gator
d:\vincedata\cache\levels\tintoyterror\models\water.gator
d:\vincedata\cache\models\bathroomstool01_base.gator
d:\vincedata\cache\models\bathroomstool02_base.gator
d:\vincedata\cache\models\bathroomstool03_base.gator
d:\vincedata\cache\models\bathroomstool04_base.gator
d:\vincedata\cache\models\bathroomstool05_base.gator
d:\vincedata\cache\models\bathroomstool06_base.gator
d:\vincedata\cache\models\bathroomstool07_base.gator
d:\vincedata\cache\models\bathroomstool08_base.gator
d:\vincedata\cache\models\bathroomstool09_base.gator
d:\vincedata\cache\models\bathroomstool10_base.gator
d:\vincedata\cache\models\bathroomstools_base.gator
d:\vincedata\cache\models\candelabrum_base.gator
d:\vincedata\cache\models\chairfloating_base.gator
d:\vincedata\cache\models\chandelier_base.gator
d:\vincedata\cache\models\diningtable_base.gator
d:\vincedata\cache\models\kosmoegg_base.gator
d:\vincedata\cache\models\kosmoeggdestroyed_base.gator
d:\vincedata\cache\models\pianosfloating_base.gator
d:\vincedata\cache\models\powderkeg_base.gator
d:\vincedata\cache\models\powderkegdestroyed_base.gator
d:\vincedata\cache\models\switch_bathroom_base.gator
d:\vincedata\cache\models\switch_diningroom_base.gator
d:\vincedata\cache\models\vincecut_base.gator
