d:\vincedata\cache\sounds\bmt_amb06.wav
d:\vincedata\cache\sounds\bmtr_amb01.wav
d:\vincedata\cache\sounds\bmtr_amb02.wav
d:\vincedata\cache\sounds\bmtr_dyndis.wav
d:\vincedata\cache\sounds\bmtr_dynexp.wav
d:\vincedata\cache\sounds\bmtr_fire.wav
d:\vincedata\cache\sounds\bmtr_load.wav
d:\vincedata\cache\sounds\bmtr_vfly.wav
d:\vincedata\cache\sounds\bmtr_vhit.wav
d:\vincedata\cache\sounds\bmtr_vskid.wav
d:\vincedata\cache\sounds\bmtr_vslide.wav
d:\vincedata\cache\sounds\bmug_eggopn.wav
d:\vincedata\cache\sounds\bmug_eggspn.wav
d:\vincedata\cache\sounds\ccsh_vfly.wav
d:\vincedata\cache\sounds\ccsh_vwall.wav
d:\vincedata\cache\sounds\charmaine_bm_tro_01.wav
d:\vincedata\cache\sounds\cjm_amb02.wav
d:\vincedata\cache\sounds\vince_bm_tr_01.wav
d:\vincedata\cache\sounds\vince_bm_tr_02.wav
d:\vincedata\cache\sounds\vince_bm_tr_03.wav
d:\vincedata\cache\sounds\vince_bm_tr_04.wav
d:\vincedata\cache\sounds\vince_cc_sh_01.wav
d:\vincedata\cache\sounds\vince_cc_sh_02.wav
d:\vincedata\cache\sounds\vince_cc_sh_03.wav
d:\vincedata\cache\sounds\vince_cc_sh_04.wav
d:\vincedata\cache\sounds\vince_cc_sh_05.wav
d:\vincedata\cache\sounds\vince_cc_sh_06.wav
d:\vincedata\cache\sounds\vince_cc_sh_07.wav
d:\vincedata\cache\sounds\vince_cc_sh_08.wav
d:\vincedata\cache\sounds\vince_cc_sh_09.wav
