d:\vincedata\cache\sounds\ambbird01.wav
d:\vincedata\cache\sounds\ambbird02.wav
d:\vincedata\cache\sounds\bmp_amb01.wav
d:\vincedata\cache\sounds\bmp_amb02.wav
d:\vincedata\cache\sounds\bmp_chicdollsequence.wav
d:\vincedata\cache\sounds\bmp_crank.wav
d:\vincedata\cache\sounds\bmp_toy01.wav
d:\vincedata\cache\sounds\bmp_toy02.wav
d:\vincedata\cache\sounds\bmp_toy03.wav
d:\vincedata\cache\sounds\bmp_toy04.wav
d:\vincedata\cache\sounds\chicamb01.wav
d:\vincedata\cache\sounds\chicamb02.wav
d:\vincedata\cache\sounds\chicbark01.wav
d:\vincedata\cache\sounds\chicbark02.wav
d:\vincedata\cache\sounds\chicbark03.wav
d:\vincedata\cache\sounds\chicchew01.wav
d:\vincedata\cache\sounds\chicchew02.wav
d:\vincedata\cache\sounds\chicgrowl.wav
d:\vincedata\cache\sounds\chicidle.wav
d:\vincedata\cache\sounds\chicsniffpant.wav
d:\vincedata\cache\sounds\chicsnore.wav
d:\vincedata\cache\sounds\vince_bm_pp_03.wav
d:\vincedata\cache\sounds\vince_bm_pp_04.wav
d:\vincedata\cache\sounds\vince_bm_pp_05.wav
d:\vincedata\cache\sounds\vince_bm_pp_06.wav
d:\vincedata\cache\sounds\vince_bm_pp_07.wav
