d:\vincedata\cache\anims\brackishcrab_ambient001.anim
d:\vincedata\cache\anims\brackishcrab_ambient002.anim
d:\vincedata\cache\anims\brackishcrab_attackbackhandclub.anim
d:\vincedata\cache\anims\brackishcrab_attackforwardslash.anim
d:\vincedata\cache\anims\brackishcrab_blockend.anim
d:\vincedata\cache\anims\brackishcrab_blockhold.anim
d:\vincedata\cache\anims\brackishcrab_blockstart.anim
d:\vincedata\cache\anims\brackishcrab_cuthorizontal_death001.anim
d:\vincedata\cache\anims\brackishcrab_cutvertical_death001.anim
d:\vincedata\cache\anims\brackishcrab_damagedeathpunch001.anim
d:\vincedata\cache\anims\brackishcrab_damagedeathpunch002.anim
d:\vincedata\cache\anims\brackishcrab_damageflatten001.anim
d:\vincedata\cache\anims\brackishcrab_damageflipkick001.anim
d:\vincedata\cache\anims\brackishcrab_damageheadslam001.anim
d:\vincedata\cache\anims\brackishcrab_damagejackhammer001.anim
d:\vincedata\cache\anims\brackishcrab_damagepoked001.anim
d:\vincedata\cache\anims\brackishcrab_damagetwister001.anim
d:\vincedata\cache\anims\brackishcrab_disintegrate_death001.anim
d:\vincedata\cache\anims\brackishcrab_idle001.anim
d:\vincedata\cache\anims\brackishcrab_predamage001.anim
d:\vincedata\cache\anims\brackishcrab_rock.anim
d:\vincedata\cache\anims\brackishcrab_sit.anim
d:\vincedata\cache\anims\brackishcrab_stand.anim
d:\vincedata\cache\anims\brackishcrab_victory001.anim
d:\vincedata\cache\anims\brackishcrab_victory002.anim
d:\vincedata\cache\anims\brackishcrab_walk.anim
d:\vincedata\cache\anims\bubbagator_ambientbelch001.anim
d:\vincedata\cache\anims\bubbagator_ambientbreathinghard001.anim
d:\vincedata\cache\anims\bubbagator_ambientscratch001.anim
d:\vincedata\cache\anims\bubbagator_ambienttaunt001.anim
d:\vincedata\cache\anims\bubbagator_attackbelly_left.anim
d:\vincedata\cache\anims\bubbagator_attackbelly_right.anim
d:\vincedata\cache\anims\bubbagator_attackbelly_straight.anim
d:\vincedata\cache\anims\bubbagator_attackbite.anim
d:\vincedata\cache\anims\bubbagator_attacktail.anim
d:\vincedata\cache\anims\bubbagator_blockhold001.anim
d:\vincedata\cache\anims\bubbagator_blockstart001.anim
d:\vincedata\cache\anims\bubbagator_cuthorizontal_death001.anim
d:\vincedata\cache\anims\bubbagator_cuthorizontal_death002.anim
d:\vincedata\cache\anims\bubbagator_cutvertical_death001.anim
d:\vincedata\cache\anims\bubbagator_cutvertical_death002.anim
d:\vincedata\cache\anims\bubbagator_damagedeathpunch001.anim
d:\vincedata\cache\anims\bubbagator_damagedeathpunch002.anim
d:\vincedata\cache\anims\bubbagator_damagedeathpunch003.anim
d:\vincedata\cache\anims\bubbagator_damagedinjured001.anim
d:\vincedata\cache\anims\bubbagator_damageflatten001.anim
d:\vincedata\cache\anims\bubbagator_damageflatten002.anim
d:\vincedata\cache\anims\bubbagator_damageflipkick001.anim
d:\vincedata\cache\anims\bubbagator_damageflipkick002.anim
d:\vincedata\cache\anims\bubbagator_damageflipkick003.anim
d:\vincedata\cache\anims\bubbagator_damagefrozen001.anim
d:\vincedata\cache\anims\bubbagator_damagefrozenrecover001.anim
d:\vincedata\cache\anims\bubbagator_damageheadslam001.anim
d:\vincedata\cache\anims\bubbagator_damagejackhammer001.anim
d:\vincedata\cache\anims\bubbagator_damagejackhammer002.anim
d:\vincedata\cache\anims\bubbagator_damagepoked001.anim
d:\vincedata\cache\anims\bubbagator_damagepoked002.anim
d:\vincedata\cache\anims\bubbagator_damagetwister001.anim
d:\vincedata\cache\anims\bubbagator_damagetwister002.anim
d:\vincedata\cache\anims\bubbagator_disintegrate_death001.anim
d:\vincedata\cache\anims\bubbagator_idle001.anim
d:\vincedata\cache\anims\bubbagator_preattackbelly_left.anim
d:\vincedata\cache\anims\bubbagator_preattackbelly_right.anim
d:\vincedata\cache\anims\bubbagator_preattackbelly_straight.anim
d:\vincedata\cache\anims\bubbagator_preattacktail.anim
d:\vincedata\cache\anims\bubbagator_predamage001.anim
d:\vincedata\cache\anims\bubbagator_victory001.anim
d:\vincedata\cache\anims\bubbagator_victory002.anim
d:\vincedata\cache\anims\bubbagator_walk001.anim
d:\vincedata\cache\anims\chopper_lor_chopperride.anim
d:\vincedata\cache\anims\doorservice_open.anim
d:\vincedata\cache\anims\dragonfly01_idle.anim
d:\vincedata\cache\anims\dragonfly02_idle.anim
d:\vincedata\cache\anims\dragonfly03_idle.anim
d:\vincedata\cache\anims\dragonfly04_idle.anim
d:\vincedata\cache\anims\dragonfly05_idle.anim
d:\vincedata\cache\anims\dragonfly06_idle.anim
d:\vincedata\cache\anims\ferriswheel_idle.anim
d:\vincedata\cache\anims\firebug_ambientwavegun001.anim
d:\vincedata\cache\anims\firebug_appearkosmoegg001.anim
d:\vincedata\cache\anims\firebug_attackdown.anim
d:\vincedata\cache\anims\firebug_attackleft.anim
d:\vincedata\cache\anims\firebug_attackrapiddown.anim
d:\vincedata\cache\anims\firebug_attackrapidleft.anim
d:\vincedata\cache\anims\firebug_attackrapidright.anim
d:\vincedata\cache\anims\firebug_attackrapidstraight.anim
d:\vincedata\cache\anims\firebug_attackright.anim
d:\vincedata\cache\anims\firebug_attackstraight.anim
d:\vincedata\cache\anims\firebug_attackwindup.anim
d:\vincedata\cache\anims\firebug_cuthorizontal_death001.anim
d:\vincedata\cache\anims\firebug_cuthorizontal_death002.anim
d:\vincedata\cache\anims\firebug_cutvertical_death001.anim
d:\vincedata\cache\anims\firebug_damagedeathpunch001.anim
d:\vincedata\cache\anims\firebug_damagedeathpunch002.anim
d:\vincedata\cache\anims\firebug_damagedeathpunch003.anim
d:\vincedata\cache\anims\firebug_damageflatten001.anim
d:\vincedata\cache\anims\firebug_damageflatten002.anim
d:\vincedata\cache\anims\firebug_damageflipkick001.anim
d:\vincedata\cache\anims\firebug_damageflipkick002.anim
d:\vincedata\cache\anims\firebug_damageflipkick003.anim
d:\vincedata\cache\anims\firebug_damagefrozen001.anim
d:\vincedata\cache\anims\firebug_damagefrozenrecover001.anim
d:\vincedata\cache\anims\firebug_damageheadslam001.anim
d:\vincedata\cache\anims\firebug_damageinjured001.anim
d:\vincedata\cache\anims\firebug_damagejackhammer001.anim
d:\vincedata\cache\anims\firebug_damagejackhammer002.anim
d:\vincedata\cache\anims\firebug_damagepoked001.anim
d:\vincedata\cache\anims\firebug_damagepoked002.anim
d:\vincedata\cache\anims\firebug_damagetwister001.anim
d:\vincedata\cache\anims\firebug_damagetwister002.anim
d:\vincedata\cache\anims\firebug_damagetwister003.anim
d:\vincedata\cache\anims\firebug_disintegrate_death001.anim
d:\vincedata\cache\anims\firebug_fly.anim
d:\vincedata\cache\anims\firebug_hover.anim
d:\vincedata\cache\anims\firebug_predamage.anim
d:\vincedata\cache\anims\goldenjunebug_idle.anim
d:\vincedata\cache\anims\goldenjunebug_landorides_path.anim
d:\vincedata\cache\anims\kosmohead_landrides001.anim
d:\vincedata\cache\anims\kosmohead_landrides001.lightpath
d:\vincedata\cache\anims\moth01_idle.anim
d:\vincedata\cache\anims\moth02_idle.anim
d:\vincedata\cache\anims\moth03_idle.anim
d:\vincedata\cache\anims\moth04_idle.anim
d:\vincedata\cache\anims\moth05_idle.anim
d:\vincedata\cache\anims\moth06_idle.anim
d:\vincedata\cache\anims\mothsmall01_idle.anim
d:\vincedata\cache\anims\mothsmall02_idle.anim
d:\vincedata\cache\anims\mothsmall03_idle.anim
d:\vincedata\cache\anims\mothsmall04_idle.anim
d:\vincedata\cache\anims\mothsmall05_idle.anim
d:\vincedata\cache\anims\mysterybox_idle.anim
d:\vincedata\cache\anims\rounda_idle.anim
d:\vincedata\cache\anims\shrimpboat_idle.anim
d:\vincedata\cache\anims\signtrolley_activate.anim
d:\vincedata\cache\anims\slingshot_idle.anim
d:\vincedata\cache\anims\swingcats_idle.anim
d:\vincedata\cache\anims\trolley_arrive.anim
d:\vincedata\cache\anims\trolley_boarding.anim
d:\vincedata\cache\anims\trolley_depart.anim
d:\vincedata\cache\anims\trucks_idle.anim
d:\vincedata\cache\anims\vince_chopperdriveidle.anim
d:\vincedata\cache\anims\vince_choppersoaridle.anim
d:\vincedata\cache\anims\vince_chopperturn.anim
d:\vincedata\cache\anims\vince_lor_chopperride.anim
d:\vincedata\cache\anims\zipper_idle.anim
d:\vincedata\cache\levels\landorides\anims\camera_00.campath
d:\vincedata\cache\levels\landorides\anims\camera_01.campath
d:\vincedata\cache\levels\landorides\anims\camera_02.campath
d:\vincedata\cache\levels\landorides\anims\camera_03.campath
d:\vincedata\cache\levels\landorides\anims\camera_lor_01.campath
d:\vincedata\cache\levels\landorides\anims\camera_lor_02.campath
d:\vincedata\cache\levels\landorides\anims\camera_lor_03.campath
d:\vincedata\cache\levels\landorides\anims\levelflythroughcam_landorides.campath
