d:\vincedata\cache\anims\blender_spincycle.anim
d:\vincedata\cache\anims\blender_spinstart.anim
d:\vincedata\cache\anims\blender_spinvince.anim
d:\vincedata\cache\anims\doorscourtyard_open.anim
d:\vincedata\cache\anims\doorshallway_open.anim
d:\vincedata\cache\anims\doorstorageroom_open.anim
d:\vincedata\cache\anims\floursack_fall.anim
d:\vincedata\cache\anims\floursack_stuck.anim
d:\vincedata\cache\anims\floursack_walk.anim
d:\vincedata\cache\anims\gingerdeadman_attack01.anim
d:\vincedata\cache\anims\gingerdeadman_cuthorizontal_death001.anim
d:\vincedata\cache\anims\gingerdeadman_cuthorizontal_death002.anim
d:\vincedata\cache\anims\gingerdeadman_damage.anim
d:\vincedata\cache\anims\gingerdeadman_damageflatten.anim
d:\vincedata\cache\anims\gingerdeadman_damageflipkick.anim
d:\vincedata\cache\anims\gingerdeadman_damageheadslam001.anim
d:\vincedata\cache\anims\gingerdeadman_damagepoked001.anim
d:\vincedata\cache\anims\gingerdeadman_damagespinattack001.anim
d:\vincedata\cache\anims\gingerdeadman_die.anim
d:\vincedata\cache\anims\gingerdeadman_frozen.anim
d:\vincedata\cache\anims\gingerdeadman_idle.anim
d:\vincedata\cache\anims\gingerdeadman_oven.anim
d:\vincedata\cache\anims\gingerdeadman_predamage001.anim
d:\vincedata\cache\anims\gingerdeadman_walk.anim
d:\vincedata\cache\anims\jebhead_bonkpop.anim
d:\vincedata\cache\anims\jebhead_wherepickles.anim
d:\vincedata\cache\anims\kosmohandr_slapjeb.anim
d:\vincedata\cache\anims\kosmohead_blowup.anim
d:\vincedata\cache\anims\kosmohead_blowup.lightpath
d:\vincedata\cache\anims\kosmohead_longlaugh.anim
d:\vincedata\cache\anims\kosmohead_madam.anim
d:\vincedata\cache\anims\kosmohead_ohyeahfool.anim
d:\vincedata\cache\anims\kosmohead_scared1.anim
d:\vincedata\cache\anims\kosmohead_scared2.anim
d:\vincedata\cache\anims\kosmohead_tremble.anim
d:\vincedata\cache\anims\kosmohead_tremble.lightpath
d:\vincedata\cache\anims\kosmohead_whatdoing.anim
d:\vincedata\cache\anims\kosmohead_whylookingthat.anim
d:\vincedata\cache\anims\oven_dooropen.anim
d:\vincedata\cache\anims\scale_sackoff.anim
d:\vincedata\cache\anims\scale_sackon.anim
d:\vincedata\cache\anims\scale_vinceoff.anim
d:\vincedata\cache\anims\scale_vinceon.anim
d:\vincedata\cache\anims\signusewhammygosh_idle.anim
d:\vincedata\cache\anims\signwaterdeath_idle.anim
d:\vincedata\cache\anims\vince_absorbpowericon.anim
d:\vincedata\cache\anims\vince_aimpin.anim
d:\vincedata\cache\anims\vince_aimpin_closeup.anim
d:\vincedata\cache\anims\vince_attack_pin_02.anim
d:\vincedata\cache\anims\vince_blenderexit.anim
d:\vincedata\cache\anims\vince_grumbles.anim
d:\vincedata\cache\anims\vince_pulloutpin_glares.anim
d:\vincedata\cache\anims\vince_pulloutpin_mischgrin.anim
d:\vincedata\cache\anims\vince_reaction_blender.anim
d:\vincedata\cache\anims\vince_sidestep_left.anim
d:\vincedata\cache\anims\vince_sidestep_right.anim
d:\vincedata\cache\anims\vince_turnback.anim
d:\vincedata\cache\anims\vince_walkcourtyard.anim
d:\vincedata\cache\anims\wallswitch_down.anim
d:\vincedata\cache\levels\courtyard\anims\camera_01.campath
d:\vincedata\cache\levels\courtyard\anims\camera_02.campath
d:\vincedata\cache\levels\courtyard\anims\camera_03.campath
d:\vincedata\cache\levels\courtyard\anims\camera_04.campath
d:\vincedata\cache\levels\courtyard\anims\camera_05.campath
d:\vincedata\cache\levels\courtyard\anims\camera_06.campath
d:\vincedata\cache\levels\courtyard\anims\camera_07.campath
d:\vincedata\cache\levels\courtyard\anims\camera_08.campath
d:\vincedata\cache\levels\courtyard\anims\camera_09.campath
d:\vincedata\cache\levels\courtyard\anims\camera_10.campath
d:\vincedata\cache\levels\courtyard\anims\camera_11.campath
d:\vincedata\cache\levels\courtyard\anims\camera_12.campath
d:\vincedata\cache\levels\courtyard\anims\camera_13.campath
d:\vincedata\cache\levels\courtyard\anims\camera_14.campath
d:\vincedata\cache\levels\courtyard\anims\camera_15.campath
d:\vincedata\cache\levels\courtyard\anims\camera_16.campath
d:\vincedata\cache\levels\courtyard\anims\camera_17.campath
d:\vincedata\cache\levels\courtyard\anims\camera_18.campath
d:\vincedata\cache\levels\courtyard\anims\camera_19.campath
d:\vincedata\cache\levels\courtyard\anims\camera_20.campath
d:\vincedata\cache\levels\courtyard\anims\camera_21.campath
d:\vincedata\cache\levels\courtyard\anims\camera_blender.campath
d:\vincedata\cache\levels\courtyard\anims\camera_fvi01.campath
d:\vincedata\cache\levels\courtyard\anims\flythroughcamera01shape.campath
d:\vincedata\cache\levels\courtyard\anims\ovenflickerlight.lightpath
