d:\vincedata\cache\models\acid_base.gator
d:\vincedata\cache\models\activator_base.gator
d:\vincedata\cache\models\arrows_base.gator
d:\vincedata\cache\models\bead2_base.gator
d:\vincedata\cache\models\bead3_base.gator
d:\vincedata\cache\models\bead_base.gator
d:\vincedata\cache\models\bead_glow_base.gator
d:\vincedata\cache\models\beartrap_base.gator
d:\vincedata\cache\models\boomerangpin_base.gator
d:\vincedata\cache\models\charmpage_base.gator
d:\vincedata\cache\models\drill_base.gator
d:\vincedata\cache\models\dustbag_base.gator
d:\vincedata\cache\models\dustcluster_base.gator
d:\vincedata\cache\models\extralife_base.gator
d:\vincedata\cache\models\interfacecharmpage_base.gator
d:\vincedata\cache\models\interfacegoldenjunebug_base.gator
d:\vincedata\cache\models\interfacemysterybox_base.gator
d:\vincedata\cache\models\killerbee_base.gator
d:\vincedata\cache\models\killerdillo_base.gator
d:\vincedata\cache\models\killerdillo_cuthorizontal_base.gator
d:\vincedata\cache\models\killerdillo_cutvertical_base.gator
d:\vincedata\cache\models\killerdillo_disintegrate_base.gator
d:\vincedata\cache\models\killerdillo_giblets001_base.gator
d:\vincedata\cache\models\lawnmower_base.gator
d:\vincedata\cache\models\laxative_base.gator
d:\vincedata\cache\models\magnet_base.gator
d:\vincedata\cache\models\pin_base.gator
d:\vincedata\cache\models\pitchfork_base.gator
d:\vincedata\cache\models\powericon_base.gator
d:\vincedata\cache\models\projectileskull_base.gator
d:\vincedata\cache\models\roach_base.gator
d:\vincedata\cache\models\roach_cuthorizontal_base.gator
d:\vincedata\cache\models\roach_cutvertical_base.gator
d:\vincedata\cache\models\roach_disintegrate_base.gator
d:\vincedata\cache\models\roachbomb_base.gator
d:\vincedata\cache\models\sky_sewers_base.gator
d:\vincedata\cache\models\switchswamp_base.gator
d:\vincedata\cache\models\ufo_base.gator
d:\vincedata\cache\models\vince_base.gator
d:\vincedata\cache\models\vince_cuthorizontal_base.gator
d:\vincedata\cache\models\vince_cutvertical_base.gator
d:\vincedata\cache\models\vince_disintegrate_base.gator
d:\vincedata\cache\models\vince_poked_base.gator
d:\vincedata\cache\models\vince_shadow_base.gator
d:\vincedata\cache\models\vinceairplane_base.gator
d:\vincedata\cache\models\wreckingball_base.gator
