d:\vincedata\cache\anims\blindeye.texanim
d:\vincedata\cache\anims\bowlingball_hit.anim
d:\vincedata\cache\anims\bowlingball_walk.anim
d:\vincedata\cache\anims\bubbagator_ambientbelch001.anim
d:\vincedata\cache\anims\bubbagator_ambientbreathinghard001.anim
d:\vincedata\cache\anims\bubbagator_ambientscratch001.anim
d:\vincedata\cache\anims\bubbagator_ambienttaunt001.anim
d:\vincedata\cache\anims\bubbagator_attackbelly_left.anim
d:\vincedata\cache\anims\bubbagator_attackbelly_right.anim
d:\vincedata\cache\anims\bubbagator_attackbelly_straight.anim
d:\vincedata\cache\anims\bubbagator_attackbite.anim
d:\vincedata\cache\anims\bubbagator_attacktail.anim
d:\vincedata\cache\anims\bubbagator_blockhold001.anim
d:\vincedata\cache\anims\bubbagator_blockstart001.anim
d:\vincedata\cache\anims\bubbagator_cuthorizontal_death001.anim
d:\vincedata\cache\anims\bubbagator_cuthorizontal_death002.anim
d:\vincedata\cache\anims\bubbagator_cutvertical_death001.anim
d:\vincedata\cache\anims\bubbagator_cutvertical_death002.anim
d:\vincedata\cache\anims\bubbagator_damagedeathpunch001.anim
d:\vincedata\cache\anims\bubbagator_damagedeathpunch002.anim
d:\vincedata\cache\anims\bubbagator_damagedeathpunch003.anim
d:\vincedata\cache\anims\bubbagator_damagedinjured001.anim
d:\vincedata\cache\anims\bubbagator_damageflatten001.anim
d:\vincedata\cache\anims\bubbagator_damageflatten002.anim
d:\vincedata\cache\anims\bubbagator_damageflipkick001.anim
d:\vincedata\cache\anims\bubbagator_damageflipkick002.anim
d:\vincedata\cache\anims\bubbagator_damageflipkick003.anim
d:\vincedata\cache\anims\bubbagator_damagefrozen001.anim
d:\vincedata\cache\anims\bubbagator_damagefrozenrecover001.anim
d:\vincedata\cache\anims\bubbagator_damageheadslam001.anim
d:\vincedata\cache\anims\bubbagator_damagejackhammer001.anim
d:\vincedata\cache\anims\bubbagator_damagejackhammer002.anim
d:\vincedata\cache\anims\bubbagator_damagepoked001.anim
d:\vincedata\cache\anims\bubbagator_damagepoked002.anim
d:\vincedata\cache\anims\bubbagator_damagetwister001.anim
d:\vincedata\cache\anims\bubbagator_damagetwister002.anim
d:\vincedata\cache\anims\bubbagator_disintegrate_death001.anim
d:\vincedata\cache\anims\bubbagator_idle001.anim
d:\vincedata\cache\anims\bubbagator_preattackbelly_left.anim
d:\vincedata\cache\anims\bubbagator_preattackbelly_right.anim
d:\vincedata\cache\anims\bubbagator_preattackbelly_straight.anim
d:\vincedata\cache\anims\bubbagator_preattacktail.anim
d:\vincedata\cache\anims\bubbagator_predamage001.anim
d:\vincedata\cache\anims\bubbagator_victory001.anim
d:\vincedata\cache\anims\bubbagator_victory002.anim
d:\vincedata\cache\anims\bubbagator_walk001.anim
d:\vincedata\cache\anims\bubbagatordoors_open.anim
d:\vincedata\cache\anims\bullseyeswing_idle.anim
d:\vincedata\cache\anims\carnivalarrow_carrydrop.anim
d:\vincedata\cache\anims\carnivalarrow_kosmoseye.anim
d:\vincedata\cache\anims\carnivalarrow_ohthepain.anim
d:\vincedata\cache\anims\carnivalarrow_onground.anim
d:\vincedata\cache\anims\dockmoving01_idle.anim
d:\vincedata\cache\anims\dockmoving02_idle.anim
d:\vincedata\cache\anims\dockmoving03_idle.anim
d:\vincedata\cache\anims\doorpulleybucket_open.anim
d:\vincedata\cache\anims\dragonfly01_idle.anim
d:\vincedata\cache\anims\dragonfly02_idle.anim
d:\vincedata\cache\anims\dragonfly03_idle.anim
d:\vincedata\cache\anims\dragonfly04_idle.anim
d:\vincedata\cache\anims\dragonfly05_idle.anim
d:\vincedata\cache\anims\dragonfly06_idle.anim
d:\vincedata\cache\anims\eyetwirl.texanim
d:\vincedata\cache\anims\fingers_confused.anim
d:\vincedata\cache\anims\fingers_hoppingupdown.anim
d:\vincedata\cache\anims\fingers_ohthepain.anim
d:\vincedata\cache\anims\fingers_ohthepain_partii.anim
d:\vincedata\cache\anims\fingers_walkcarrydrop.anim
d:\vincedata\cache\anims\fiveleggedchair_drop.anim
d:\vincedata\cache\anims\fiveleggedchair_idle.anim
d:\vincedata\cache\anims\fortunecoin_idle.anim
d:\vincedata\cache\anims\fortunecoin_insert.anim
d:\vincedata\cache\anims\fortuneteller_activated.anim
d:\vincedata\cache\anims\fortunetellerdoor_open.anim
d:\vincedata\cache\anims\glassshopbroken_break.anim
d:\vincedata\cache\anims\histriker_hit.anim
d:\vincedata\cache\anims\histriker_miss.anim
d:\vincedata\cache\anims\histrkerweight_hit.anim
d:\vincedata\cache\anims\histrkerweight_idle.anim
d:\vincedata\cache\anims\histrkerweight_walk.anim
d:\vincedata\cache\anims\jeb_confused.anim
d:\vincedata\cache\anims\jeb_listening.anim
d:\vincedata\cache\anims\jeb_walktalkcarry.anim
d:\vincedata\cache\anims\killerdillo_ambientgrowl001.anim
d:\vincedata\cache\anims\killerdillo_ambientrubhands.anim
d:\vincedata\cache\anims\killerdillo_ambientsnicker001.anim
d:\vincedata\cache\anims\killerdillo_attackbite_left.anim
d:\vincedata\cache\anims\killerdillo_attackbite_right.anim
d:\vincedata\cache\anims\killerdillo_attackbite_straight.anim
d:\vincedata\cache\anims\killerdillo_attackroll.anim
d:\vincedata\cache\anims\killerdillo_attackrollstart.anim
d:\vincedata\cache\anims\killerdillo_cuthorizontal_death001.anim
d:\vincedata\cache\anims\killerdillo_cuthorizontal_death002.anim
d:\vincedata\cache\anims\killerdillo_cutvertical_death001.anim
d:\vincedata\cache\anims\killerdillo_cutvertical_death002.anim
d:\vincedata\cache\anims\killerdillo_damagedeathpunch001.anim
d:\vincedata\cache\anims\killerdillo_damagedeathpunch002.anim
d:\vincedata\cache\anims\killerdillo_damagedeathpunch003.anim
d:\vincedata\cache\anims\killerdillo_damageflatten001.anim
d:\vincedata\cache\anims\killerdillo_damageflatten002.anim
d:\vincedata\cache\anims\killerdillo_damageflipkick001.anim
d:\vincedata\cache\anims\killerdillo_damageflipkick002.anim
d:\vincedata\cache\anims\killerdillo_damageflipkick003.anim
d:\vincedata\cache\anims\killerdillo_damagefrozen001.anim
d:\vincedata\cache\anims\killerdillo_damagefrozenrecover001.anim
d:\vincedata\cache\anims\killerdillo_damageheadslam001.anim
d:\vincedata\cache\anims\killerdillo_damageinjured001.anim
d:\vincedata\cache\anims\killerdillo_damagejackhammer001.anim
d:\vincedata\cache\anims\killerdillo_damagepoked001.anim
d:\vincedata\cache\anims\killerdillo_damagepoked002.anim
d:\vincedata\cache\anims\killerdillo_damagetwister001.anim
d:\vincedata\cache\anims\killerdillo_damagetwister002.anim
d:\vincedata\cache\anims\killerdillo_disintegrate_death001.anim
d:\vincedata\cache\anims\killerdillo_idle001.anim
d:\vincedata\cache\anims\killerdillo_predamage001.anim
d:\vincedata\cache\anims\killerdillo_victory001.anim
d:\vincedata\cache\anims\killerdillo_walk001.anim
d:\vincedata\cache\anims\killerdillo_windupattackbite.anim
d:\vincedata\cache\anims\kosmohead_carn01_hurry.anim
d:\vincedata\cache\anims\kosmohead_carn02_uncanny.anim
d:\vincedata\cache\anims\kosmohead_carn03_closeup.anim
d:\vincedata\cache\anims\kosmohead_carn04_getout.anim
d:\vincedata\cache\anims\moth01_idle.anim
d:\vincedata\cache\anims\moth02_idle.anim
d:\vincedata\cache\anims\moth03_idle.anim
d:\vincedata\cache\anims\moth04_idle.anim
d:\vincedata\cache\anims\moth05_idle.anim
d:\vincedata\cache\anims\moth06_idle.anim
d:\vincedata\cache\anims\mothsmall01_idle.anim
d:\vincedata\cache\anims\mothsmall02_idle.anim
d:\vincedata\cache\anims\mothsmall03_idle.anim
d:\vincedata\cache\anims\mothsmall04_idle.anim
d:\vincedata\cache\anims\mothsmall05_idle.anim
d:\vincedata\cache\anims\pitfrog_ambientcroak001.anim
d:\vincedata\cache\anims\pitfrog_ambientlaugh001.anim
d:\vincedata\cache\anims\pitfrog_attackleft001.anim
d:\vincedata\cache\anims\pitfrog_attackleft002.anim
d:\vincedata\cache\anims\pitfrog_attackright001.anim
d:\vincedata\cache\anims\pitfrog_attackright002.anim
d:\vincedata\cache\anims\pitfrog_attackspin001.anim
d:\vincedata\cache\anims\pitfrog_attackstraight001.anim
d:\vincedata\cache\anims\pitfrog_attackstraight002.anim
d:\vincedata\cache\anims\pitfrog_attackup001.anim
d:\vincedata\cache\anims\pitfrog_attackup002.anim
d:\vincedata\cache\anims\pitfrog_cuthorizontal_death001.anim
d:\vincedata\cache\anims\pitfrog_cuthorizontal_death002.anim
d:\vincedata\cache\anims\pitfrog_cutvertical_death001.anim
d:\vincedata\cache\anims\pitfrog_cutvertical_death002.anim
d:\vincedata\cache\anims\pitfrog_damagedeathpunch001.anim
d:\vincedata\cache\anims\pitfrog_damagedeathpunch002.anim
d:\vincedata\cache\anims\pitfrog_damagedeathpunch003.anim
d:\vincedata\cache\anims\pitfrog_damagedinjuredidle.anim
d:\vincedata\cache\anims\pitfrog_damageflatten001.anim
d:\vincedata\cache\anims\pitfrog_damageflatten002.anim
d:\vincedata\cache\anims\pitfrog_damageflipkick001.anim
d:\vincedata\cache\anims\pitfrog_damageflipkick002.anim
d:\vincedata\cache\anims\pitfrog_damageflipkick003.anim
d:\vincedata\cache\anims\pitfrog_damagefrozen001.anim
d:\vincedata\cache\anims\pitfrog_damagefrozenrecover001.anim
d:\vincedata\cache\anims\pitfrog_damageheadslam001.anim
d:\vincedata\cache\anims\pitfrog_damagejackhammer001.anim
d:\vincedata\cache\anims\pitfrog_damagejackhammer002.anim
d:\vincedata\cache\anims\pitfrog_damagepoked001.anim
d:\vincedata\cache\anims\pitfrog_damagepoked002.anim
d:\vincedata\cache\anims\pitfrog_damagetwister001.anim
d:\vincedata\cache\anims\pitfrog_damagetwister002.anim
d:\vincedata\cache\anims\pitfrog_disintegrate_death001.anim
d:\vincedata\cache\anims\pitfrog_hoverland001.anim
d:\vincedata\cache\anims\pitfrog_hoverland002.anim
d:\vincedata\cache\anims\pitfrog_hoverland003.anim
d:\vincedata\cache\anims\pitfrog_idle01.anim
d:\vincedata\cache\anims\pitfrog_idle02.anim
d:\vincedata\cache\anims\pitfrog_preattack001.anim
d:\vincedata\cache\anims\pitfrog_preattackspin001.anim
d:\vincedata\cache\anims\pitfrog_predamage001.anim
d:\vincedata\cache\anims\pitfrog_run01.anim
d:\vincedata\cache\anims\pitfrog_run02.anim
d:\vincedata\cache\anims\pitfrog_walk001.anim
d:\vincedata\cache\anims\radioactiveeye.texanim
d:\vincedata\cache\anims\signtrolley_activate.anim
d:\vincedata\cache\anims\switchcarnival_down.anim
d:\vincedata\cache\anims\targetduck_idle.anim
d:\vincedata\cache\anims\trailerfrogs_idle.anim
d:\vincedata\cache\anims\trailerfrogs_open.anim
d:\vincedata\cache\anims\trolley_arrive.anim
d:\vincedata\cache\anims\trolley_boarding.anim
d:\vincedata\cache\anims\trolley_depart.anim
d:\vincedata\cache\anims\vince_carnivalentrance.anim
d:\vincedata\cache\anims\vince_histriker_allway.anim
d:\vincedata\cache\anims\vince_histriker_halfway.anim
d:\vincedata\cache\anims\vince_insertcoin.anim
d:\vincedata\cache\anims\vince_midway_enter.anim
d:\vincedata\cache\anims\wheelofmystery_idle.anim
d:\vincedata\cache\anims\wheelofmysterydoors_open.anim
d:\vincedata\cache\levels\midway\anims\camera_01.campath
d:\vincedata\cache\levels\midway\anims\camera_010.campath
d:\vincedata\cache\levels\midway\anims\camera_011.campath
d:\vincedata\cache\levels\midway\anims\camera_012.campath
d:\vincedata\cache\levels\midway\anims\camera_02.campath
d:\vincedata\cache\levels\midway\anims\camera_03.campath
d:\vincedata\cache\levels\midway\anims\camera_04.campath
d:\vincedata\cache\levels\midway\anims\camera_05.campath
d:\vincedata\cache\levels\midway\anims\camera_06.campath
d:\vincedata\cache\levels\midway\anims\camera_07.campath
d:\vincedata\cache\levels\midway\anims\camera_08.campath
d:\vincedata\cache\levels\midway\anims\camera_09.campath
d:\vincedata\cache\levels\midway\anims\levelflythroughcam_midway.campath
