d:\vincedata\cache\levels\midway\models\shaped.gator
d:\vincedata\cache\levels\midway\models\shaped01.gator
d:\vincedata\cache\levels\midway\models\water.gator
d:\vincedata\cache\models\bowlingball_base.gator
d:\vincedata\cache\models\bubbagator_base.gator
d:\vincedata\cache\models\bubbagator_cuthorizontal_base.gator
d:\vincedata\cache\models\bubbagator_cutvertical_base.gator
d:\vincedata\cache\models\bubbagator_disintegrate_base.gator
d:\vincedata\cache\models\bubbagator_giblets001_base.gator
d:\vincedata\cache\models\bubbagatordoors_base.gator
d:\vincedata\cache\models\bullseyeswing_base.gator
d:\vincedata\cache\models\carnivalarrow_base.gator
d:\vincedata\cache\models\dockmoving01_base.gator
d:\vincedata\cache\models\dockmoving02_base.gator
d:\vincedata\cache\models\dockmoving03_base.gator
d:\vincedata\cache\models\doorpulleybucket_base.gator
d:\vincedata\cache\models\dragonfly01_base.gator
d:\vincedata\cache\models\dragonfly02_base.gator
d:\vincedata\cache\models\dragonfly03_base.gator
d:\vincedata\cache\models\dragonfly04_base.gator
d:\vincedata\cache\models\dragonfly05_base.gator
d:\vincedata\cache\models\dragonfly06_base.gator
d:\vincedata\cache\models\fiveleggedchair_base.gator
d:\vincedata\cache\models\fortunecoin_base.gator
d:\vincedata\cache\models\fortuneteller_base.gator
d:\vincedata\cache\models\fortunetellerdoor_base.gator
d:\vincedata\cache\models\glassshop_base.gator
d:\vincedata\cache\models\glassshopbroken_base.gator
d:\vincedata\cache\models\histriker_base.gator
d:\vincedata\cache\models\histrkerweight_base.gator
d:\vincedata\cache\models\killerdillo_base.gator
d:\vincedata\cache\models\killerdillo_cuthorizontal_base.gator
d:\vincedata\cache\models\killerdillo_cutvertical_base.gator
d:\vincedata\cache\models\killerdillo_disintegrate_base.gator
d:\vincedata\cache\models\killerdillo_giblets001_base.gator
d:\vincedata\cache\models\kosmohead_base.gator
d:\vincedata\cache\models\moth01_base.gator
d:\vincedata\cache\models\moth02_base.gator
d:\vincedata\cache\models\moth03_base.gator
d:\vincedata\cache\models\moth04_base.gator
d:\vincedata\cache\models\moth05_base.gator
d:\vincedata\cache\models\moth06_base.gator
d:\vincedata\cache\models\mothsmall01_base.gator
d:\vincedata\cache\models\mothsmall02_base.gator
d:\vincedata\cache\models\mothsmall03_base.gator
d:\vincedata\cache\models\mothsmall04_base.gator
d:\vincedata\cache\models\mothsmall05_base.gator
d:\vincedata\cache\models\pitfrog_base.gator
d:\vincedata\cache\models\pitfrog_cuthorizontal_base.gator
d:\vincedata\cache\models\pitfrog_cutvertical_base.gator
d:\vincedata\cache\models\pitfrog_disintegrate_base.gator
d:\vincedata\cache\models\pitfrog_giblets001_base.gator
d:\vincedata\cache\models\pitfrog_giblets002_base.gator
d:\vincedata\cache\models\signtrolley_base.gator
d:\vincedata\cache\models\switchcarnival_base.gator
d:\vincedata\cache\models\targetduck_base.gator
d:\vincedata\cache\models\trailerfrogs_base.gator
d:\vincedata\cache\models\trolley_base.gator
d:\vincedata\cache\models\wheelofmystery_base.gator
d:\vincedata\cache\models\wheelofmysterydoors_base.gator
