d:\vincedata\cache\sounds\bubattack01.wav
d:\vincedata\cache\sounds\bubattack02.wav
d:\vincedata\cache\sounds\bubattack03.wav
d:\vincedata\cache\sounds\bubbascratch.wav
d:\vincedata\cache\sounds\bubbelch.wav
d:\vincedata\cache\sounds\bubblock.wav
d:\vincedata\cache\sounds\bubbreath.wav
d:\vincedata\cache\sounds\bubdamage01.wav
d:\vincedata\cache\sounds\bubdamage02.wav
d:\vincedata\cache\sounds\bubdamage03.wav
d:\vincedata\cache\sounds\bubdamage04.wav
d:\vincedata\cache\sounds\bubdeath01.wav
d:\vincedata\cache\sounds\bubidle.wav
d:\vincedata\cache\sounds\bubjack.wav
d:\vincedata\cache\sounds\bubjack_02.wav
d:\vincedata\cache\sounds\bubpat01.wav
d:\vincedata\cache\sounds\bubpat02.wav
d:\vincedata\cache\sounds\bubpowdam.wav
d:\vincedata\cache\sounds\bubpreattail.wav
d:\vincedata\cache\sounds\bubpreattbelly.wav
d:\vincedata\cache\sounds\bubtaunt.wav
d:\vincedata\cache\sounds\bubtwist.wav
d:\vincedata\cache\sounds\bubtwist_02.wav
d:\vincedata\cache\sounds\charmaine_cd_mw_01.wav
d:\vincedata\cache\sounds\cjm_amb01.wav
d:\vincedata\cache\sounds\cjm_amb02.wav
d:\vincedata\cache\sounds\cjm_amb03.wav
d:\vincedata\cache\sounds\cjm_anvildrop.wav
d:\vincedata\cache\sounds\cjm_ball.wav
d:\vincedata\cache\sounds\cjm_dropcoinslot.wav
d:\vincedata\cache\sounds\cjm_dropweight.wav
d:\vincedata\cache\sounds\cjm_fortunetelleractive.wav
d:\vincedata\cache\sounds\cjm_histrikernoring.wav
d:\vincedata\cache\sounds\cjm_panel.wav
d:\vincedata\cache\sounds\cjm_ring.wav
d:\vincedata\cache\sounds\cjm_shatter.wav
d:\vincedata\cache\sounds\cjm_wellbucketdrop.wav
d:\vincedata\cache\sounds\cjm_wheelclick.wav
d:\vincedata\cache\sounds\cjm_wheelprizeapp.wav
d:\vincedata\cache\sounds\cjm_wheelroomclose.wav
d:\vincedata\cache\sounds\cjm_wheelroomopen.wav
d:\vincedata\cache\sounds\killatrollst.wav
d:\vincedata\cache\sounds\killattack.wav
d:\vincedata\cache\sounds\killdamage.wav
d:\vincedata\cache\sounds\killdamflip.wav
d:\vincedata\cache\sounds\killdampok.wav
d:\vincedata\cache\sounds\killdampok02.wav
d:\vincedata\cache\sounds\killdamtwi.wav
d:\vincedata\cache\sounds\killdamtwi02.wav
d:\vincedata\cache\sounds\killdeathpunch.wav
d:\vincedata\cache\sounds\killercuth.wav
d:\vincedata\cache\sounds\killercuth02.wav
d:\vincedata\cache\sounds\killercutv.wav
d:\vincedata\cache\sounds\killercutv02.wav
d:\vincedata\cache\sounds\killexplode.wav
d:\vincedata\cache\sounds\killflatten.wav
d:\vincedata\cache\sounds\killgrowl.wav
d:\vincedata\cache\sounds\killidle01.wav
d:\vincedata\cache\sounds\killidle02.wav
d:\vincedata\cache\sounds\killjackh.wav
d:\vincedata\cache\sounds\killpat01.wav
d:\vincedata\cache\sounds\killpowdam.wav
d:\vincedata\cache\sounds\killpreattack.wav
d:\vincedata\cache\sounds\killroll.wav
d:\vincedata\cache\sounds\killrub.wav
d:\vincedata\cache\sounds\killsnicker.wav
d:\vincedata\cache\sounds\killvictory.wav
d:\vincedata\cache\sounds\vince_cd_mw_01.wav
d:\vincedata\cache\sounds\vince_cd_mw_02.wav
d:\vincedata\cache\sounds\vince_cd_mw_03.wav
