d:\vincedata\cache\models\bar0_base.gator
d:\vincedata\cache\models\bar1_base.gator
d:\vincedata\cache\models\bar2_base.gator
d:\vincedata\cache\models\bar3_base.gator
d:\vincedata\cache\models\bar4_base.gator
d:\vincedata\cache\models\bar5_base.gator
d:\vincedata\cache\models\barglow0_base.gator
d:\vincedata\cache\models\barglow1_base.gator
d:\vincedata\cache\models\barglow2_base.gator
d:\vincedata\cache\models\barglow3_base.gator
d:\vincedata\cache\models\barglow4_base.gator
d:\vincedata\cache\models\barglow5_base.gator
d:\vincedata\cache\models\gateharp_base.gator
d:\vincedata\cache\models\horn_base.gator
d:\vincedata\cache\models\legbone_base.gator
d:\vincedata\cache\models\molegate_base.gator
d:\vincedata\cache\models\moletomb_a_base.gator
d:\vincedata\cache\models\moletomb_b_base.gator
d:\vincedata\cache\models\moletomb_c_base.gator
d:\vincedata\cache\models\moletomb_d_base.gator
d:\vincedata\cache\models\moletomb_e_base.gator
d:\vincedata\cache\models\moletomb_f_base.gator
d:\vincedata\cache\models\moletomb_g_base.gator
d:\vincedata\cache\models\skeletonjazzguy_base.gator
d:\vincedata\cache\models\skeletonjazzguycollapse_base.gator
d:\vincedata\cache\models\vincepinhit_base.gator
