d:\vincedata\cache\anims\acid_attack001.anim
d:\vincedata\cache\anims\activator_idle.anim
d:\vincedata\cache\anims\anvil_attack001.anim
d:\vincedata\cache\anims\bead2_idle.anim
d:\vincedata\cache\anims\bead3_idle.anim
d:\vincedata\cache\anims\bead_idle.anim
d:\vincedata\cache\anims\beartrap_attack001.anim
d:\vincedata\cache\anims\beartrap_drop001.anim
d:\vincedata\cache\anims\blindeye.texanim
d:\vincedata\cache\anims\bomb_attack001.anim
d:\vincedata\cache\anims\boomerangpin_airspin.anim
d:\vincedata\cache\anims\chainsaw_attack001.anim
d:\vincedata\cache\anims\charmpage_bump.anim
d:\vincedata\cache\anims\charmpage_idle.anim
d:\vincedata\cache\anims\debriblowing03_idle.anim
d:\vincedata\cache\anims\debriblowing06_idle.anim
d:\vincedata\cache\anims\debriblowing07_idle.anim
d:\vincedata\cache\anims\debriblowing08_idle.anim
d:\vincedata\cache\anims\debriblowing09_idle.anim
d:\vincedata\cache\anims\debriblowing10_idle.anim
d:\vincedata\cache\anims\disintegrate.texanim
d:\vincedata\cache\anims\dragonfly01_idle.anim
d:\vincedata\cache\anims\dragonfly02_idle.anim
d:\vincedata\cache\anims\dragonfly03_idle.anim
d:\vincedata\cache\anims\dragonfly04_idle.anim
d:\vincedata\cache\anims\dragonfly05_idle.anim
d:\vincedata\cache\anims\dragonfly06_idle.anim
d:\vincedata\cache\anims\dustbag_appear.anim
d:\vincedata\cache\anims\dustbag_bump.anim
d:\vincedata\cache\anims\dustbag_get100th.anim
d:\vincedata\cache\anims\dustbag_idle.anim
d:\vincedata\cache\anims\extralife_bump.anim
d:\vincedata\cache\anims\extralife_idle.anim
d:\vincedata\cache\anims\eyetwirl.texanim
d:\vincedata\cache\anims\interfacecharmpage_bump.anim
d:\vincedata\cache\anims\interfacecharmpage_idle.anim
d:\vincedata\cache\anims\interfacegoldenjunebug_appear.anim
d:\vincedata\cache\anims\interfacegoldenjunebug_idle.anim
d:\vincedata\cache\anims\interfacemysterybox_appear.anim
d:\vincedata\cache\anims\interfacemysterybox_idle.anim
d:\vincedata\cache\anims\ironmaiden_attack001.anim
d:\vincedata\cache\anims\killerbee_attack001.anim
d:\vincedata\cache\anims\lawnmower_attack001.anim
d:\vincedata\cache\anims\magnet_attack001.anim
d:\vincedata\cache\anims\moth01_idle.anim
d:\vincedata\cache\anims\moth02_idle.anim
d:\vincedata\cache\anims\moth03_idle.anim
d:\vincedata\cache\anims\moth04_idle.anim
d:\vincedata\cache\anims\moth05_idle.anim
d:\vincedata\cache\anims\moth06_idle.anim
d:\vincedata\cache\anims\mothsmall01_idle.anim
d:\vincedata\cache\anims\mothsmall02_idle.anim
d:\vincedata\cache\anims\mothsmall03_idle.anim
d:\vincedata\cache\anims\mothsmall04_idle.anim
d:\vincedata\cache\anims\mothsmall05_idle.anim
d:\vincedata\cache\anims\pin_attack001.anim
d:\vincedata\cache\anims\pitchfork_attack001.anim
d:\vincedata\cache\anims\pitfrog_ambientcroak001.anim
d:\vincedata\cache\anims\pitfrog_ambientlaugh001.anim
d:\vincedata\cache\anims\pitfrog_attackleft001.anim
d:\vincedata\cache\anims\pitfrog_attackleft002.anim
d:\vincedata\cache\anims\pitfrog_attackright001.anim
d:\vincedata\cache\anims\pitfrog_attackright002.anim
d:\vincedata\cache\anims\pitfrog_attackspin001.anim
d:\vincedata\cache\anims\pitfrog_attackstraight001.anim
d:\vincedata\cache\anims\pitfrog_attackstraight002.anim
d:\vincedata\cache\anims\pitfrog_attackup001.anim
d:\vincedata\cache\anims\pitfrog_attackup002.anim
d:\vincedata\cache\anims\pitfrog_cuthorizontal_death001.anim
d:\vincedata\cache\anims\pitfrog_cuthorizontal_death002.anim
d:\vincedata\cache\anims\pitfrog_cutvertical_death001.anim
d:\vincedata\cache\anims\pitfrog_cutvertical_death002.anim
d:\vincedata\cache\anims\pitfrog_damagedeathpunch001.anim
d:\vincedata\cache\anims\pitfrog_damagedeathpunch002.anim
d:\vincedata\cache\anims\pitfrog_damagedeathpunch003.anim
d:\vincedata\cache\anims\pitfrog_damagedinjuredidle.anim
d:\vincedata\cache\anims\pitfrog_damageflatten001.anim
d:\vincedata\cache\anims\pitfrog_damageflatten002.anim
d:\vincedata\cache\anims\pitfrog_damageflipkick001.anim
d:\vincedata\cache\anims\pitfrog_damageflipkick002.anim
d:\vincedata\cache\anims\pitfrog_damageflipkick003.anim
d:\vincedata\cache\anims\pitfrog_damagefrozen001.anim
d:\vincedata\cache\anims\pitfrog_damagefrozenrecover001.anim
d:\vincedata\cache\anims\pitfrog_damageheadslam001.anim
d:\vincedata\cache\anims\pitfrog_damagejackhammer001.anim
d:\vincedata\cache\anims\pitfrog_damagejackhammer002.anim
d:\vincedata\cache\anims\pitfrog_damagepoked001.anim
d:\vincedata\cache\anims\pitfrog_damagepoked002.anim
d:\vincedata\cache\anims\pitfrog_damagetwister001.anim
d:\vincedata\cache\anims\pitfrog_damagetwister002.anim
d:\vincedata\cache\anims\pitfrog_disintegrate_death001.anim
d:\vincedata\cache\anims\pitfrog_hoverland001.anim
d:\vincedata\cache\anims\pitfrog_hoverland002.anim
d:\vincedata\cache\anims\pitfrog_hoverland003.anim
d:\vincedata\cache\anims\pitfrog_idle01.anim
d:\vincedata\cache\anims\pitfrog_idle02.anim
d:\vincedata\cache\anims\pitfrog_preattack001.anim
d:\vincedata\cache\anims\pitfrog_preattackspin001.anim
d:\vincedata\cache\anims\pitfrog_predamage001.anim
d:\vincedata\cache\anims\pitfrog_run01.anim
d:\vincedata\cache\anims\pitfrog_run02.anim
d:\vincedata\cache\anims\pitfrog_walk001.anim
d:\vincedata\cache\anims\powericon_idle.anim
d:\vincedata\cache\anims\projectileskull_cackle.anim
d:\vincedata\cache\anims\radioactiveeye.texanim
d:\vincedata\cache\anims\signallseeingeye_idle.anim
d:\vincedata\cache\anims\signdoublejump_idle.anim
d:\vincedata\cache\anims\signeyeview_idle.anim
d:\vincedata\cache\anims\signfanboat_idle.anim
d:\vincedata\cache\anims\signfloat_idle.anim
d:\vincedata\cache\anims\signheadslam_idle.anim
d:\vincedata\cache\anims\signjumpspin_idle.anim
d:\vincedata\cache\anims\signpunch_idle.anim
d:\vincedata\cache\anims\signshrimpsub_idle.anim
d:\vincedata\cache\anims\signspinkick_idle.anim
d:\vincedata\cache\anims\signswinghook_idle.anim
d:\vincedata\cache\anims\signtrolley_activate.anim
d:\vincedata\cache\anims\trolley_arrive.anim
d:\vincedata\cache\anims\trolley_boarding.anim
d:\vincedata\cache\anims\trolley_depart.anim
d:\vincedata\cache\anims\ufo_attack001.anim
d:\vincedata\cache\anims\vince_airdamage01.anim
d:\vincedata\cache\anims\vince_airdamage02.anim
d:\vincedata\cache\anims\vince_attack_anvil.anim
d:\vincedata\cache\anims\vince_attack_arrows.anim
d:\vincedata\cache\anims\vince_attack_beartrap_start.anim
d:\vincedata\cache\anims\vince_attack_bomb.anim
d:\vincedata\cache\anims\vince_attack_deathray.anim
d:\vincedata\cache\anims\vince_attack_drill.anim
d:\vincedata\cache\anims\vince_attack_fallingcow.anim
d:\vincedata\cache\anims\vince_attack_fanceiling.anim
d:\vincedata\cache\anims\vince_attack_flatten.anim
d:\vincedata\cache\anims\vince_attack_flatten2.anim
d:\vincedata\cache\anims\vince_attack_frozen001.anim
d:\vincedata\cache\anims\vince_attack_frozen002.anim
d:\vincedata\cache\anims\vince_attack_frozen003.anim
d:\vincedata\cache\anims\vince_attack_guillotine.anim
d:\vincedata\cache\anims\vince_attack_ironmaiden.anim
d:\vincedata\cache\anims\vince_attack_jackhammer.anim
d:\vincedata\cache\anims\vince_attack_killerbee.anim
d:\vincedata\cache\anims\vince_attack_lawnmower.anim
d:\vincedata\cache\anims\vince_attack_laxative.anim
d:\vincedata\cache\anims\vince_attack_magnet.anim
d:\vincedata\cache\anims\vince_attack_mallet.anim
d:\vincedata\cache\anims\vince_attack_mobhit.anim
d:\vincedata\cache\anims\vince_attack_pepper.anim
d:\vincedata\cache\anims\vince_attack_pin.anim
d:\vincedata\cache\anims\vince_attack_pinata.anim
d:\vincedata\cache\anims\vince_attack_pitchfork.anim
d:\vincedata\cache\anims\vince_attack_punch2.anim
d:\vincedata\cache\anims\vince_attack_punch3.anim
d:\vincedata\cache\anims\vince_attack_scissors.anim
d:\vincedata\cache\anims\vince_attack_sharktub.anim
d:\vincedata\cache\anims\vince_attack_slap.anim
d:\vincedata\cache\anims\vince_attack_spin.anim
d:\vincedata\cache\anims\vince_attack_toxic.anim
d:\vincedata\cache\anims\vince_attack_twister.anim
d:\vincedata\cache\anims\vince_attack_waringblender.anim
d:\vincedata\cache\anims\vince_attack_wreckingball.anim
d:\vincedata\cache\anims\vince_bump.anim
d:\vincedata\cache\anims\vince_carry1_walkstop.anim
d:\vincedata\cache\anims\vince_carry2_walkstop.anim
d:\vincedata\cache\anims\vince_carrylight_walk.anim
d:\vincedata\cache\anims\vince_celebrate001.anim
d:\vincedata\cache\anims\vince_celebrate002.anim
d:\vincedata\cache\anims\vince_celebrate003.anim
d:\vincedata\cache\anims\vince_celebrate004.anim
d:\vincedata\cache\anims\vince_celebrate005.anim
d:\vincedata\cache\anims\vince_celebrate006.anim
d:\vincedata\cache\anims\vince_cuthorizontal_attack_bomb.anim
d:\vincedata\cache\anims\vince_cuthorizontal_attack_guillotine.anim
d:\vincedata\cache\anims\vince_cuthorizontal_death.anim
d:\vincedata\cache\anims\vince_cutvertical_death.anim
d:\vincedata\cache\anims\vince_damage01.anim
d:\vincedata\cache\anims\vince_damage02.anim
d:\vincedata\cache\anims\vince_damage03.anim
d:\vincedata\cache\anims\vince_death01.anim
d:\vincedata\cache\anims\vince_death02.anim
d:\vincedata\cache\anims\vince_death03.anim
d:\vincedata\cache\anims\vince_death04.anim
d:\vincedata\cache\anims\vince_deathdrown.anim
d:\vincedata\cache\anims\vince_disintegrate_death001.anim
d:\vincedata\cache\anims\vince_dropobject.anim
d:\vincedata\cache\anims\vince_flatten.anim
d:\vincedata\cache\anims\vince_flatten_recover.anim
d:\vincedata\cache\anims\vince_flip.anim
d:\vincedata\cache\anims\vince_flour_walk.anim
d:\vincedata\cache\anims\vince_freefall.anim
d:\vincedata\cache\anims\vince_gbcml_flip.anim
d:\vincedata\cache\anims\vince_gbcml_idle01.anim
d:\vincedata\cache\anims\vince_gbcml_jumpfloat.anim
d:\vincedata\cache\anims\vince_gbcml_jumpland.anim
d:\vincedata\cache\anims\vince_gbcml_jumpstart.anim
d:\vincedata\cache\anims\vince_gbcml_prejump.anim
d:\vincedata\cache\anims\vince_gbcml_run.anim
d:\vincedata\cache\anims\vince_gbcml_walk.anim
d:\vincedata\cache\anims\vince_hang.anim
d:\vincedata\cache\anims\vince_hangland.anim
d:\vincedata\cache\anims\vince_hangstart.anim
d:\vincedata\cache\anims\vince_hardland.anim
d:\vincedata\cache\anims\vince_headslamattack_fall.anim
d:\vincedata\cache\anims\vince_headslamattack_hit.anim
d:\vincedata\cache\anims\vince_headslamattack_start.anim
d:\vincedata\cache\anims\vince_idle01.anim
d:\vincedata\cache\anims\vince_idle02.anim
d:\vincedata\cache\anims\vince_idle03.anim
d:\vincedata\cache\anims\vince_idle04.anim
d:\vincedata\cache\anims\vince_idle05.anim
d:\vincedata\cache\anims\vince_idle06.anim
d:\vincedata\cache\anims\vince_idle07.anim
d:\vincedata\cache\anims\vince_idle08.anim
d:\vincedata\cache\anims\vince_idle09.anim
d:\vincedata\cache\anims\vince_idle10.anim
d:\vincedata\cache\anims\vince_idle11.anim
d:\vincedata\cache\anims\vince_idle12.anim
d:\vincedata\cache\anims\vince_idle13.anim
d:\vincedata\cache\anims\vince_idle14.anim
d:\vincedata\cache\anims\vince_idle15.anim
d:\vincedata\cache\anims\vince_idle_heavy.anim
d:\vincedata\cache\anims\vince_idle_indifferent.anim
d:\vincedata\cache\anims\vince_impatient01.anim
d:\vincedata\cache\anims\vince_injured_ambient001.anim
d:\vincedata\cache\anims\vince_injured_ambient002.anim
d:\vincedata\cache\anims\vince_injured_idle001.anim
d:\vincedata\cache\anims\vince_injured_run001.anim
d:\vincedata\cache\anims\vince_injured_walk001.anim
d:\vincedata\cache\anims\vince_injured_weapon_idle.anim
d:\vincedata\cache\anims\vince_injured_weapon_walk.anim
d:\vincedata\cache\anims\vince_jumpfloat.anim
d:\vincedata\cache\anims\vince_jumpland.anim
d:\vincedata\cache\anims\vince_jumpstart.anim
d:\vincedata\cache\anims\vince_kbd_talking.anim
d:\vincedata\cache\anims\vince_knowhow.anim
d:\vincedata\cache\anims\vince_ontochopper.anim
d:\vincedata\cache\anims\vince_pickupobject.anim
d:\vincedata\cache\anims\vince_pickupobject_light.anim
d:\vincedata\cache\anims\vince_poked_death001.anim
d:\vincedata\cache\anims\vince_powerupidle.anim
d:\vincedata\cache\anims\vince_run.anim
d:\vincedata\cache\anims\vince_superwhammy_a_001.anim
d:\vincedata\cache\anims\vince_swing_back.anim
d:\vincedata\cache\anims\vince_swing_forward.anim
d:\vincedata\cache\anims\vince_switch.anim
d:\vincedata\cache\anims\vince_throw.anim
d:\vincedata\cache\anims\vince_trolleyoff.anim
d:\vincedata\cache\anims\vince_trolleyon.anim
d:\vincedata\cache\anims\vince_tumblefall.anim
d:\vincedata\cache\anims\vince_walk.anim
d:\vincedata\cache\anims\vince_walkexit.anim
d:\vincedata\cache\anims\vince_walkstop.anim
d:\vincedata\cache\anims\vince_walkstop_long.anim
d:\vincedata\cache\anims\vince_walkstop_short.anim
d:\vincedata\cache\anims\vince_weapon_idle.anim
d:\vincedata\cache\anims\vince_weapon_run.anim
d:\vincedata\cache\anims\vince_weapon_walk.anim
d:\vincedata\cache\anims\vincepowerup.texanim
