d:\vincedata\cache\levels\jimmysfanboat\models\water.gator
d:\vincedata\cache\models\branchfloating01_base.gator
d:\vincedata\cache\models\branchfloating02_base.gator
d:\vincedata\cache\models\branchfloating03_base.gator
d:\vincedata\cache\models\branchfloating04_base.gator
d:\vincedata\cache\models\branchfloating05_base.gator
d:\vincedata\cache\models\crawdadjimmy_base.gator
d:\vincedata\cache\models\fishingnet01_base.gator
d:\vincedata\cache\models\flagfinish_base.gator
d:\vincedata\cache\models\flagstart_base.gator
d:\vincedata\cache\models\gaterace_base.gator
d:\vincedata\cache\models\lilypatchfloating01_base.gator
d:\vincedata\cache\models\lilypatchfloating02_base.gator
d:\vincedata\cache\models\lilypatchfloating03_base.gator
d:\vincedata\cache\models\logfloating01_base.gator
d:\vincedata\cache\models\logfloating02_base.gator
d:\vincedata\cache\models\logfloating03_base.gator
d:\vincedata\cache\models\logfloating04_base.gator
d:\vincedata\cache\models\logfloating05_base.gator
d:\vincedata\cache\models\racingopponent_base.gator
d:\vincedata\cache\models\rccontroller_base.gator
d:\vincedata\cache\models\signgate_base.gator
d:\vincedata\cache\models\sky_fanboat_base.gator
d:\vincedata\cache\models\swampbird_base.gator
