d:\vincedata\cache\anims\allseeingeye_idle.anim
d:\vincedata\cache\anims\bell_ringfromleft.anim
d:\vincedata\cache\anims\bell_ringfromright.anim
d:\vincedata\cache\anims\bellringerleft_ring.anim
d:\vincedata\cache\anims\doorexit_open.anim
d:\vincedata\cache\anims\goldenjunebug_gwistlethorpe_path.anim
d:\vincedata\cache\anims\goldenjunebug_idle.anim
d:\vincedata\cache\anims\kosmohead_rrrodeointro.anim
d:\vincedata\cache\anims\lantern_hitbynet.anim
d:\vincedata\cache\anims\lantern_idle.anim
d:\vincedata\cache\anims\lantern_idleafterhit.anim
d:\vincedata\cache\anims\mondomole_cuthorizontal_death001.anim
d:\vincedata\cache\anims\mondomole_cuthorizontal_death002.anim
d:\vincedata\cache\anims\mondomole_cutvertical_death001.anim
d:\vincedata\cache\anims\mondomole_cutvertical_death002.anim
d:\vincedata\cache\anims\mondomole_disintegrate_death001.anim
d:\vincedata\cache\anims\mysterybox_idle.anim
d:\vincedata\cache\anims\net_idle.anim
d:\vincedata\cache\anims\net_swipenet.anim
d:\vincedata\cache\anims\signallseeingeye_idle.anim
d:\vincedata\cache\anims\signdoublejump_idle.anim
d:\vincedata\cache\anims\signeyeview_idle.anim
d:\vincedata\cache\anims\signfanboat_idle.anim
d:\vincedata\cache\anims\signfloat_idle.anim
d:\vincedata\cache\anims\signheadslam_idle.anim
d:\vincedata\cache\anims\signjumpspin_idle.anim
d:\vincedata\cache\anims\signpunch_idle.anim
d:\vincedata\cache\anims\signshrimpsub_idle.anim
d:\vincedata\cache\anims\signspinkick_idle.anim
d:\vincedata\cache\anims\signswinghook_idle.anim
d:\vincedata\cache\anims\vince_swipenet.anim
d:\vincedata\cache\levels\gwistlethorpemausoleum\anims\cutaway_powerskull.campath
d:\vincedata\cache\levels\gwistlethorpemausoleum\anims\levelflythroughcam_gwistlethorpemausoleum.campath
d:\vincedata\cache\levels\gwistlethorpemausoleum\anims\light_001.lightpath
d:\vincedata\cache\levels\gwistlethorpemausoleum\anims\light_0012.lightpath
d:\vincedata\cache\levels\gwistlethorpemausoleum\anims\light_002.lightpath
d:\vincedata\cache\levels\gwistlethorpemausoleum\anims\light_003.lightpath
d:\vincedata\cache\levels\gwistlethorpemausoleum\anims\light_003333.lightpath
d:\vincedata\cache\levels\gwistlethorpemausoleum\anims\light_004.lightpath
d:\vincedata\cache\levels\gwistlethorpemausoleum\anims\light_005.lightpath
d:\vincedata\cache\levels\gwistlethorpemausoleum\anims\light_006.lightpath
d:\vincedata\cache\levels\gwistlethorpemausoleum\anims\light_008.lightpath
d:\vincedata\cache\levels\gwistlethorpemausoleum\anims\light_009.lightpath
d:\vincedata\cache\levels\gwistlethorpemausoleum\anims\light_010.lightpath
d:\vincedata\cache\levels\gwistlethorpemausoleum\anims\light_011.lightpath
d:\vincedata\cache\levels\gwistlethorpemausoleum\anims\lightstand0001.lightpath
d:\vincedata\cache\levels\gwistlethorpemausoleum\anims\lightstand0002.lightpath
d:\vincedata\cache\levels\gwistlethorpemausoleum\anims\lightstand0003.lightpath
d:\vincedata\cache\levels\gwistlethorpemausoleum\anims\lightstand0004.lightpath
d:\vincedata\cache\levels\gwistlethorpemausoleum\anims\lightstand0005.lightpath
d:\vincedata\cache\levels\gwistlethorpemausoleum\anims\lightstand0006.lightpath
d:\vincedata\cache\levels\gwistlethorpemausoleum\anims\lightstand0007.lightpath
d:\vincedata\cache\levels\gwistlethorpemausoleum\anims\lightstand0008.lightpath
d:\vincedata\cache\levels\gwistlethorpemausoleum\anims\lightstand0009.lightpath
d:\vincedata\cache\levels\gwistlethorpemausoleum\anims\lightstand0010.lightpath
d:\vincedata\cache\levels\gwistlethorpemausoleum\anims\lightstand0011.lightpath
d:\vincedata\cache\levels\gwistlethorpemausoleum\anims\lightstand0012.lightpath
d:\vincedata\cache\levels\gwistlethorpemausoleum\anims\lightstand0013.lightpath
