d:\vincedata\cache\models\allseeingeye_base.gator
d:\vincedata\cache\models\bell_base.gator
d:\vincedata\cache\models\bellringerleft_base.gator
d:\vincedata\cache\models\doorexit_base.gator
d:\vincedata\cache\models\goldenjunebug_base.gator
d:\vincedata\cache\models\lantern_base.gator
d:\vincedata\cache\models\mirrorurn_base.gator
d:\vincedata\cache\models\mondomole_cuthorizontal_base.gator
d:\vincedata\cache\models\mondomole_cutvertical_base.gator
d:\vincedata\cache\models\mondomole_disintegrate_base.gator
d:\vincedata\cache\models\mondomole_giblets001_base.gator
d:\vincedata\cache\models\mysterybox_base.gator
d:\vincedata\cache\models\net_base.gator
d:\vincedata\cache\models\netglow_base.gator
d:\vincedata\cache\models\signallseeingeye_base.gator
d:\vincedata\cache\models\signdoublejump_base.gator
d:\vincedata\cache\models\signeyeview_base.gator
d:\vincedata\cache\models\signfanboat_base.gator
d:\vincedata\cache\models\signfloat_base.gator
d:\vincedata\cache\models\signheadslam_base.gator
d:\vincedata\cache\models\signjumpspin_base.gator
d:\vincedata\cache\models\signpunch_base.gator
d:\vincedata\cache\models\signshrimpsub_base.gator
d:\vincedata\cache\models\signspinkick_base.gator
d:\vincedata\cache\models\signswinghook_base.gator
