d:\vincedata\cache\models\battledoors_base.gator
d:\vincedata\cache\models\brackishcrab_base.gator
d:\vincedata\cache\models\brackishcrab_cuthorizontal_base.gator
d:\vincedata\cache\models\brackishcrab_cutvertical_base.gator
d:\vincedata\cache\models\brackishcrab_disintegrate_base.gator
d:\vincedata\cache\models\brackishcrab_giblets001_base.gator
d:\vincedata\cache\models\evilvince_base.gator
d:\vincedata\cache\models\evilvincemirror_base.gator
d:\vincedata\cache\models\evilvincemirrorbroken_base.gator
d:\vincedata\cache\models\firebug_base.gator
d:\vincedata\cache\models\firebug_cuthorizontal_base.gator
d:\vincedata\cache\models\firebug_cutvertical_base.gator
d:\vincedata\cache\models\firebug_disintegrate_base.gator
d:\vincedata\cache\models\firebug_giblets001_base.gator
d:\vincedata\cache\models\floorchunka_base.gator
d:\vincedata\cache\models\floorchunkb_base.gator
d:\vincedata\cache\models\generator_base.gator
d:\vincedata\cache\models\imp_base.gator
d:\vincedata\cache\models\imp_cuthorizontal_base.gator
d:\vincedata\cache\models\imp_cutvertical_base.gator
d:\vincedata\cache\models\imp_disintegrate_base.gator
d:\vincedata\cache\models\imp_giblets001_base.gator
d:\vincedata\cache\models\pitfrog_base.gator
d:\vincedata\cache\models\pitfrog_cuthorizontal_base.gator
d:\vincedata\cache\models\pitfrog_cutvertical_base.gator
d:\vincedata\cache\models\pitfrog_disintegrate_base.gator
d:\vincedata\cache\models\pitfrog_giblets001_base.gator
d:\vincedata\cache\models\pitfrog_giblets002_base.gator
d:\vincedata\cache\models\switchcarnival_base.gator
