d:\vincedata\cache\anims\cannon_aim.anim
d:\vincedata\cache\anims\cannoncart_aim.anim
d:\vincedata\cache\anims\goldenjunebug_idle.anim
d:\vincedata\cache\anims\goldenjunebug_sarcophagushustle_path.anim
d:\vincedata\cache\anims\kosmohead_sarcophintro.anim
d:\vincedata\cache\anims\kosmohead_sarcophintro.lightpath
d:\vincedata\cache\anims\mondomole_cuthorizontal_death001.anim
d:\vincedata\cache\anims\mondomole_cuthorizontal_death002.anim
d:\vincedata\cache\anims\mondomole_cutvertical_death001.anim
d:\vincedata\cache\anims\mondomole_cutvertical_death002.anim
d:\vincedata\cache\anims\mondomole_disintegrate_death001.anim
d:\vincedata\cache\anims\mysterybox_idle.anim
d:\vincedata\cache\anims\spring_idle.anim
d:\vincedata\cache\anims\vince_cannon_shoot.anim
d:\vincedata\cache\anims\vince_cannon_splat.anim
d:\vincedata\cache\anims\vince_hitgroundfromfiring.anim
d:\vincedata\cache\anims\vince_spring_damage01.anim
d:\vincedata\cache\anims\vince_spring_death.anim
d:\vincedata\cache\anims\vince_spring_get.anim
d:\vincedata\cache\anims\vince_spring_idle01.anim
d:\vincedata\cache\anims\vince_spring_jumpfloat.anim
d:\vincedata\cache\anims\vince_spring_jumpland_1.anim
d:\vincedata\cache\anims\vince_spring_jumpland_2.anim
d:\vincedata\cache\anims\vince_spring_jumpstart.anim
d:\vincedata\cache\anims\vince_spring_tumblefall.anim
d:\vincedata\cache\levels\sarcophagushustle\anims\camera_00.campath
d:\vincedata\cache\levels\sarcophagushustle\anims\camera_01.campath
d:\vincedata\cache\levels\sarcophagushustle\anims\camera_02.campath
d:\vincedata\cache\levels\sarcophagushustle\anims\camera_03.campath
d:\vincedata\cache\levels\sarcophagushustle\anims\levelflythroughcam_sarcophagushustle.campath
d:\vincedata\cache\levels\sarcophagushustle\anims\light_001.lightpath
d:\vincedata\cache\levels\sarcophagushustle\anims\light_0012.lightpath
d:\vincedata\cache\levels\sarcophagushustle\anims\light_0013.lightpath
d:\vincedata\cache\levels\sarcophagushustle\anims\light_0014.lightpath
d:\vincedata\cache\levels\sarcophagushustle\anims\light_0015.lightpath
d:\vincedata\cache\levels\sarcophagushustle\anims\light_0016.lightpath
d:\vincedata\cache\levels\sarcophagushustle\anims\light_0017.lightpath
d:\vincedata\cache\levels\sarcophagushustle\anims\light_0018.lightpath
d:\vincedata\cache\levels\sarcophagushustle\anims\light_002.lightpath
d:\vincedata\cache\levels\sarcophagushustle\anims\light_003.lightpath
d:\vincedata\cache\levels\sarcophagushustle\anims\light_003333.lightpath
d:\vincedata\cache\levels\sarcophagushustle\anims\light_004.lightpath
d:\vincedata\cache\levels\sarcophagushustle\anims\light_005.lightpath
d:\vincedata\cache\levels\sarcophagushustle\anims\light_006.lightpath
d:\vincedata\cache\levels\sarcophagushustle\anims\light_008.lightpath
d:\vincedata\cache\levels\sarcophagushustle\anims\light_009.lightpath
d:\vincedata\cache\levels\sarcophagushustle\anims\light_010.lightpath
d:\vincedata\cache\levels\sarcophagushustle\anims\lightstand0001.lightpath
d:\vincedata\cache\levels\sarcophagushustle\anims\lightstand0002.lightpath
d:\vincedata\cache\levels\sarcophagushustle\anims\lightstand0003.lightpath
d:\vincedata\cache\levels\sarcophagushustle\anims\lightstand0004.lightpath
d:\vincedata\cache\levels\sarcophagushustle\anims\lightstand0005.lightpath
d:\vincedata\cache\levels\sarcophagushustle\anims\lightstand0006.lightpath
d:\vincedata\cache\levels\sarcophagushustle\anims\lightstand0007.lightpath
d:\vincedata\cache\levels\sarcophagushustle\anims\lightstand0008.lightpath
d:\vincedata\cache\levels\sarcophagushustle\anims\lightstand0009.lightpath
d:\vincedata\cache\levels\sarcophagushustle\anims\lightstand0010.lightpath
d:\vincedata\cache\levels\sarcophagushustle\anims\lightstand0011.lightpath
d:\vincedata\cache\levels\sarcophagushustle\anims\lightstand0012.lightpath
d:\vincedata\cache\levels\sarcophagushustle\anims\lightstand0013.lightpath
d:\vincedata\cache\levels\sarcophagushustle\anims\lightstand0014.lightpath
