d:\vincedata\cache\anims\busybutler_ballroom1.anim
d:\vincedata\cache\anims\busybutler_ballroom2.anim
d:\vincedata\cache\anims\busybutler_downstairs.anim
d:\vincedata\cache\anims\busybutler_end.anim
d:\vincedata\cache\anims\busybutler_followpath.anim
d:\vincedata\cache\anims\busybutler_ghost_path.anim
d:\vincedata\cache\anims\busybutler_glide.anim
d:\vincedata\cache\anims\busybutler_glide02.anim
d:\vincedata\cache\anims\busybutler_idle.anim
d:\vincedata\cache\anims\busybutler_loogie.anim
d:\vincedata\cache\anims\busybutler_start.anim
d:\vincedata\cache\anims\busybutler_start2.anim
d:\vincedata\cache\anims\busybutler_thirdflooridle.anim
d:\vincedata\cache\anims\butlerpath.texanim
d:\vincedata\cache\anims\captainbrusque_dollythanksvince.anim
d:\vincedata\cache\anims\captainbrusque_idle.anim
d:\vincedata\cache\anims\chandeliertumbleroom_idle.anim
d:\vincedata\cache\anims\curtainghost_idle.anim
d:\vincedata\cache\anims\dolly_ambientgiggle001.anim
d:\vincedata\cache\anims\dolly_dollyintro.anim
d:\vincedata\cache\anims\dolly_dollynothappy01.anim
d:\vincedata\cache\anims\dolly_dollynothappy02.anim
d:\vincedata\cache\anims\dolly_dollynothappy03.anim
d:\vincedata\cache\anims\dolly_dollythanksvince.anim
d:\vincedata\cache\anims\dolly_idle.anim
d:\vincedata\cache\anims\passageenter_open.anim
d:\vincedata\cache\anims\passageexit_open.anim
d:\vincedata\cache\anims\poodle_ambientgiggle001.anim
d:\vincedata\cache\anims\poodle_dollyintro.anim
d:\vincedata\cache\anims\poodle_dollynothappy01.anim
d:\vincedata\cache\anims\poodle_dollynothappy02.anim
d:\vincedata\cache\anims\poodle_dollynothappy03.anim
d:\vincedata\cache\anims\poodle_dollythanksvince.anim
d:\vincedata\cache\anims\poodle_idle.anim
d:\vincedata\cache\anims\vince_dollyintro01.anim
d:\vincedata\cache\anims\vince_dollyintro02.anim
d:\vincedata\cache\anims\vince_dollyintro03.anim
d:\vincedata\cache\anims\vince_dollythanksvince.anim
d:\vincedata\cache\levels\captainsroom\anims\camera_01.campath
d:\vincedata\cache\levels\captainsroom\anims\camera_010.campath
d:\vincedata\cache\levels\captainsroom\anims\camera_011.campath
d:\vincedata\cache\levels\captainsroom\anims\camera_012.campath
d:\vincedata\cache\levels\captainsroom\anims\camera_013.campath
d:\vincedata\cache\levels\captainsroom\anims\camera_014.campath
d:\vincedata\cache\levels\captainsroom\anims\camera_015.campath
d:\vincedata\cache\levels\captainsroom\anims\camera_016.campath
d:\vincedata\cache\levels\captainsroom\anims\camera_017.campath
d:\vincedata\cache\levels\captainsroom\anims\camera_018.campath
d:\vincedata\cache\levels\captainsroom\anims\camera_019.campath
d:\vincedata\cache\levels\captainsroom\anims\camera_02.campath
d:\vincedata\cache\levels\captainsroom\anims\camera_020.campath
d:\vincedata\cache\levels\captainsroom\anims\camera_021.campath
d:\vincedata\cache\levels\captainsroom\anims\camera_03.campath
d:\vincedata\cache\levels\captainsroom\anims\camera_04.campath
d:\vincedata\cache\levels\captainsroom\anims\camera_05.campath
d:\vincedata\cache\levels\captainsroom\anims\camera_06.campath
d:\vincedata\cache\levels\captainsroom\anims\camera_07.campath
d:\vincedata\cache\levels\captainsroom\anims\camera_08.campath
d:\vincedata\cache\levels\captainsroom\anims\camera_09.campath
d:\vincedata\cache\levels\captainsroom\anims\camera_dtv01.campath
d:\vincedata\cache\levels\captainsroom\anims\camera_dtv02.campath
d:\vincedata\cache\levels\captainsroom\anims\camera_dtv03.campath
d:\vincedata\cache\levels\captainsroom\anims\camera_dtv04.campath
d:\vincedata\cache\levels\captainsroom\anims\camera_dtv05.campath
d:\vincedata\cache\levels\captainsroom\anims\camera_dtv06.campath
d:\vincedata\cache\levels\captainsroom\anims\camera_dtv07.campath
d:\vincedata\cache\levels\captainsroom\anims\camera_dtv08.campath
d:\vincedata\cache\levels\captainsroom\anims\camera_dtv09.campath
