d:\vincedata\cache\anims\airplane_damage.anim
d:\vincedata\cache\anims\airplane_death.anim
d:\vincedata\cache\anims\airplane_elevators.anim
d:\vincedata\cache\anims\airplane_idle.anim
d:\vincedata\cache\anims\airplane_rudder.anim
d:\vincedata\cache\anims\airplane_wingailerons.anim
d:\vincedata\cache\anims\bumperblock_activate.anim
d:\vincedata\cache\anims\bumpercar_crashhard_bkwd.anim
d:\vincedata\cache\anims\bumpercar_crashhard_fwd.anim
d:\vincedata\cache\anims\bumpercar_crashmed_bkwd.anim
d:\vincedata\cache\anims\bumpercar_crashmed_fwd.anim
d:\vincedata\cache\anims\bumpercar_flat.anim
d:\vincedata\cache\anims\bumpercar_idle001.anim
d:\vincedata\cache\anims\bumperswitch_activate.anim
d:\vincedata\cache\anims\bumpertarget_impact.anim
d:\vincedata\cache\anims\chopper_kosmobotprelude001.anim
d:\vincedata\cache\anims\chopper_kosmobotprelude002.anim
d:\vincedata\cache\anims\controlroom_kosmobot_damage.anim
d:\vincedata\cache\anims\doorexitbumpoff_open.anim
d:\vincedata\cache\anims\fingers_kosmobot_behold.anim
d:\vincedata\cache\anims\fingers_kosmobot_damage.anim
d:\vincedata\cache\anims\jeb_kosmobot_behold.anim
d:\vincedata\cache\anims\jeb_kosmobot_damage.anim
d:\vincedata\cache\anims\kosmo_kosmobot_behold.anim
d:\vincedata\cache\anims\kosmo_kosmobot_damage.anim
d:\vincedata\cache\anims\kosmobothead_ambientheadidle001.anim
d:\vincedata\cache\anims\kosmobothead_headattack001.anim
d:\vincedata\cache\anims\kosmobothead_headdamage001.anim
d:\vincedata\cache\anims\kosmobothead_headdie001.anim
d:\vincedata\cache\anims\kosmobothead_legsattack001.anim
d:\vincedata\cache\anims\kosmobothead_legsdie001.anim
d:\vincedata\cache\anims\kosmobothead_missleload.anim
d:\vincedata\cache\anims\kosmobotlegs_ambientdefeatedidle001.anim
d:\vincedata\cache\anims\kosmobotlegs_dooropen.anim
d:\vincedata\cache\anims\kosmobotlegs_legsattack001.anim
d:\vincedata\cache\anims\kosmobotlegs_legsdamage001.anim
d:\vincedata\cache\anims\kosmobotlegs_legsdie001.anim
d:\vincedata\cache\anims\kosmobotmidriff_ambientmidriffidle001.anim
d:\vincedata\cache\anims\kosmobotmidriff_armsattack001.anim
d:\vincedata\cache\anims\kosmobotmidriff_headattack001.anim
d:\vincedata\cache\anims\kosmobotmidriff_headdamage001.anim
d:\vincedata\cache\anims\kosmobotmidriff_headdie001.anim
d:\vincedata\cache\anims\kosmobotmidriff_legsattack001.anim
d:\vincedata\cache\anims\kosmobotmidriff_legsdie001.anim
d:\vincedata\cache\anims\kosmobotshadow_attack001.anim
d:\vincedata\cache\anims\kosmobotshadow_defeatedidle001.anim
d:\vincedata\cache\anims\kosmobotshadow_dies001.anim
d:\vincedata\cache\anims\kosmoegg_appearbp.anim
d:\vincedata\cache\anims\kosmopreludelights_spotlight01.anim
d:\vincedata\cache\anims\kosmopreludelights_spotlight01.lightpath
d:\vincedata\cache\anims\kosmopreludelights_spotlight02.anim
d:\vincedata\cache\anims\kosmopreludelights_spotlight02.lightpath
d:\vincedata\cache\anims\vince_bumperbackward.anim
d:\vincedata\cache\anims\vince_bumpercrashhard_bkwd.anim
d:\vincedata\cache\anims\vince_bumpercrashmed_bkwd.anim
d:\vincedata\cache\anims\vince_bumpercrashmed_fwd.anim
d:\vincedata\cache\anims\vince_bumperflat.anim
d:\vincedata\cache\anims\vince_bumperforward.anim
d:\vincedata\cache\anims\vince_bumperidle001.anim
d:\vincedata\cache\anims\vince_kosmobotprelude001.anim
d:\vincedata\cache\anims\vince_kosmobotprelude002.anim
d:\vincedata\cache\anims\vince_kosmobotprelude003.anim
d:\vincedata\cache\anims\vince_kosmobotprelude005.anim
d:\vincedata\cache\anims\vince_kosmobotprelude006.anim
d:\vincedata\cache\anims\vince_kosmobotprelude007.anim
d:\vincedata\cache\anims\vince_kosmobotprelude008.anim
d:\vincedata\cache\anims\vince_kosmobotprelude009.anim
d:\vincedata\cache\anims\vince_kosmobotprelude010.anim
d:\vincedata\cache\levels\bumpercarbumpoff\anims\camera_bp_01.campath
d:\vincedata\cache\levels\bumpercarbumpoff\anims\camera_bp_010.campath
d:\vincedata\cache\levels\bumpercarbumpoff\anims\camera_bp_011.campath
d:\vincedata\cache\levels\bumpercarbumpoff\anims\camera_bp_012.campath
d:\vincedata\cache\levels\bumpercarbumpoff\anims\camera_bp_013.campath
d:\vincedata\cache\levels\bumpercarbumpoff\anims\camera_bp_014.campath
d:\vincedata\cache\levels\bumpercarbumpoff\anims\camera_bp_015.campath
d:\vincedata\cache\levels\bumpercarbumpoff\anims\camera_bp_016.campath
d:\vincedata\cache\levels\bumpercarbumpoff\anims\camera_bp_02.campath
d:\vincedata\cache\levels\bumpercarbumpoff\anims\camera_bp_03.campath
d:\vincedata\cache\levels\bumpercarbumpoff\anims\camera_bp_04.campath
d:\vincedata\cache\levels\bumpercarbumpoff\anims\camera_bp_05.campath
d:\vincedata\cache\levels\bumpercarbumpoff\anims\camera_bp_06.campath
d:\vincedata\cache\levels\bumpercarbumpoff\anims\camera_bp_07.campath
d:\vincedata\cache\levels\bumpercarbumpoff\anims\camera_bp_08.campath
d:\vincedata\cache\levels\bumpercarbumpoff\anims\camera_bp_09.campath
d:\vincedata\cache\levels\bumpercarbumpoff\anims\camera_elevator.campath
d:\vincedata\cache\levels\bumpercarbumpoff\anims\camera_exithatch.campath
d:\vincedata\cache\levels\bumpercarbumpoff\anims\camera_kosmobotheaddie.campath
d:\vincedata\cache\levels\bumpercarbumpoff\anims\camera_kosmofootdoor.campath
