d:\vincedata\cache\sounds\bmtr_vskid.wav
d:\vincedata\cache\sounds\ccsh_vslide.wav
d:\vincedata\cache\sounds\ccsh_vwall.wav
d:\vincedata\cache\sounds\css_hatfire.wav
d:\vincedata\cache\sounds\kbc_foot.wav
d:\vincedata\cache\sounds\kbc_foothatchopen.wav
d:\vincedata\cache\sounds\kbc_genericbump.wav
d:\vincedata\cache\sounds\kbc_kosmobotdamage.wav
d:\vincedata\cache\sounds\kbc_kosmobotlegdeath.wav
d:\vincedata\cache\sounds\kbc_legelevator.wav
d:\vincedata\cache\sounds\kbc_motor.wav
d:\vincedata\cache\sounds\kbc_switch.wav
d:\vincedata\cache\sounds\kbc_target.wav
d:\vincedata\cache\sounds\kbc_wallcol.wav
d:\vincedata\cache\sounds\kbc_whine.wav
d:\vincedata\cache\sounds\kbm_detonat.wav
d:\vincedata\cache\sounds\kbm_fire01.wav
d:\vincedata\cache\sounds\kbm_fire02.wav
d:\vincedata\cache\sounds\kbm_fire03.wav
d:\vincedata\cache\sounds\kbm_fly.wav
d:\vincedata\cache\sounds\kbm_handimp01.wav
d:\vincedata\cache\sounds\kbm_handimp02.wav
d:\vincedata\cache\sounds\kbm_handimp03.wav
d:\vincedata\cache\sounds\kbm_handimp04.wav
d:\vincedata\cache\sounds\kbm_handswipe1.wav
d:\vincedata\cache\sounds\kbm_handswipe2.wav
d:\vincedata\cache\sounds\kbm_handswipe3.wav
d:\vincedata\cache\sounds\kbm_handswipe4.wav
d:\vincedata\cache\sounds\kbm_trackmotor.wav
d:\vincedata\cache\sounds\kfa_foreheadhatch.wav
d:\vincedata\cache\sounds\kfa_kbothatchrot.wav
d:\vincedata\cache\sounds\kfa_rackreload.wav
d:\vincedata\cache\sounds\kfa_targethit.wav
d:\vincedata\cache\sounds\plane_wallcol.wav
d:\vincedata\cache\sounds\planefly.wav
d:\vincedata\cache\sounds\planeflyfast.wav
d:\vincedata\cache\sounds\planeimp01.wav
d:\vincedata\cache\sounds\planeimp02.wav
d:\vincedata\cache\sounds\planeimp03.wav
d:\vincedata\cache\sounds\planeimp04.wav
d:\vincedata\cache\sounds\planestart.wav
d:\vincedata\cache\sounds\vince_cc_sh_02.wav
d:\vincedata\cache\sounds\vince_cc_sh_03.wav
