d:\vincedata\cache\anims\branchfloating01_idle.anim
d:\vincedata\cache\anims\branchfloating01_impact.anim
d:\vincedata\cache\anims\branchfloating02_idle.anim
d:\vincedata\cache\anims\branchfloating02_impact.anim
d:\vincedata\cache\anims\branchfloating03_idle.anim
d:\vincedata\cache\anims\branchfloating03_impact.anim
d:\vincedata\cache\anims\branchfloating04_idle.anim
d:\vincedata\cache\anims\branchfloating04_impact.anim
d:\vincedata\cache\anims\branchfloating05_idle.anim
d:\vincedata\cache\anims\branchfloating05_impact.anim
d:\vincedata\cache\anims\crawdadjimmy_idle001.anim
d:\vincedata\cache\anims\crawdadjimmy_idle002.anim
d:\vincedata\cache\anims\crawdadjimmy_victorydance.anim
d:\vincedata\cache\anims\fishingnet01_idle.anim
d:\vincedata\cache\anims\flagfinish_idle.anim
d:\vincedata\cache\anims\flagstart_idle.anim
d:\vincedata\cache\anims\gaterace_open.anim
d:\vincedata\cache\anims\lilypatchfloating01_idle.anim
d:\vincedata\cache\anims\lilypatchfloating02_idle.anim
d:\vincedata\cache\anims\lilypatchfloating03_idle.anim
d:\vincedata\cache\anims\logfloating01_idle.anim
d:\vincedata\cache\anims\logfloating01_impact.anim
d:\vincedata\cache\anims\logfloating02_idle.anim
d:\vincedata\cache\anims\logfloating02_impact.anim
d:\vincedata\cache\anims\logfloating03_idle.anim
d:\vincedata\cache\anims\logfloating03_impact.anim
d:\vincedata\cache\anims\logfloating04_idle.anim
d:\vincedata\cache\anims\logfloating04_impact.anim
d:\vincedata\cache\anims\logfloating05_idle.anim
d:\vincedata\cache\anims\logfloating05_impact.anim
d:\vincedata\cache\anims\racingopponent_idle.anim
d:\vincedata\cache\anims\rccontroller_all.anim
d:\vincedata\cache\anims\rccontroller_victorydance.anim
d:\vincedata\cache\anims\signgate_down.anim
d:\vincedata\cache\anims\swampbird_idle.anim
d:\vincedata\cache\anims\swampbird_landing.anim
d:\vincedata\cache\anims\swampbird_startwalk.anim
d:\vincedata\cache\anims\swampbird_swim.anim
d:\vincedata\cache\anims\swampbird_takeoff.anim
d:\vincedata\cache\anims\swampbird_walk.anim
d:\vincedata\cache\anims\swampbird_walkslow.anim
d:\vincedata\cache\anims\swampbird_walkstop.anim
d:\vincedata\cache\levels\jimmysfanboat\anims\camera_victorydance.campath
