d:\vincedata\cache\sounds\bfr_amb01.wav
d:\vincedata\cache\sounds\bfr_amb02.wav
d:\vincedata\cache\sounds\bfr_amb03.wav
d:\vincedata\cache\sounds\bfr_amb04.wav
d:\vincedata\cache\sounds\bfr_amb05.wav
d:\vincedata\cache\sounds\bfr_go.wav
d:\vincedata\cache\sounds\bfr_lap.wav
d:\vincedata\cache\sounds\bfr_trumpet.wav
d:\vincedata\cache\sounds\gateopens.wav
d:\vincedata\cache\sounds\glowringpup.wav
d:\vincedata\cache\sounds\jimmy_b_fr_03.wav
d:\vincedata\cache\sounds\jimmy_b_fr_04.wav
d:\vincedata\cache\sounds\jimmy_b_fr_05.wav
d:\vincedata\cache\sounds\jimmy_b_fr_06.wav
d:\vincedata\cache\sounds\jimmy_b_fr_07.wav
d:\vincedata\cache\sounds\jimmy_b_fr_08.wav
d:\vincedata\cache\sounds\jimmy_b_fr_09.wav
d:\vincedata\cache\sounds\jimmy_b_fr_10.wav
d:\vincedata\cache\sounds\shortcutarget.wav
d:\vincedata\cache\sounds\vquip_celebrate_01.wav
d:\vincedata\cache\sounds\vquip_celebrate_02.wav
d:\vincedata\cache\sounds\vquip_celebrate_03.wav
d:\vincedata\cache\sounds\vquip_celebrate_04.wav
d:\vincedata\cache\sounds\vquip_celebrate_05.wav
d:\vincedata\cache\sounds\vquip_celebrate_06.wav
d:\vincedata\cache\sounds\vquip_celebrate_07.wav
d:\vincedata\cache\sounds\vquip_celebrate_08.wav
d:\vincedata\cache\sounds\vquip_celebrate_09.wav
d:\vincedata\cache\sounds\vquip_celebrate_10.wav
d:\vincedata\cache\sounds\vquip_celebrate_11.wav
d:\vincedata\cache\sounds\vquip_celebrate_12.wav
d:\vincedata\cache\sounds\vquip_celebrate_13.wav
d:\vincedata\cache\sounds\vquip_celebrate_14.wav
