d:\vincedata\cache\anims\bathroomstool01_idle.anim
d:\vincedata\cache\anims\bathroomstool02_idle.anim
d:\vincedata\cache\anims\bathroomstool03_idle.anim
d:\vincedata\cache\anims\bathroomstool04_idle.anim
d:\vincedata\cache\anims\bathroomstool05_idle.anim
d:\vincedata\cache\anims\bathroomstool06_idle.anim
d:\vincedata\cache\anims\bathroomstool07_idle.anim
d:\vincedata\cache\anims\bathroomstool08_idle.anim
d:\vincedata\cache\anims\bathroomstool09_idle.anim
d:\vincedata\cache\anims\bathroomstool10_idle.anim
d:\vincedata\cache\anims\bathroomstools_idle.anim
d:\vincedata\cache\anims\chairfloating_idle.anim
d:\vincedata\cache\anims\chandelier_close.anim
d:\vincedata\cache\anims\chandelier_idle.anim
d:\vincedata\cache\anims\chandelier_open.anim
d:\vincedata\cache\anims\diningtable_idle.anim
d:\vincedata\cache\anims\kosmoegg_idle.anim
d:\vincedata\cache\anims\kosmoegg_open.anim
d:\vincedata\cache\anims\pianosfloating_idle.anim
d:\vincedata\cache\anims\powderkeg_idle.anim
d:\vincedata\cache\anims\switch_bathroom_press.anim
d:\vincedata\cache\anims\switch_diningroom_press.anim
d:\vincedata\cache\anims\vince_reaction02.anim
d:\vincedata\cache\levels\tintoyterror\anims\candlelight1.lightpath
d:\vincedata\cache\levels\tintoyterror\anims\candlelight2.lightpath
d:\vincedata\cache\levels\tintoyterror\anims\candlelight3.lightpath
d:\vincedata\cache\levels\tintoyterror\anims\candlelight4.lightpath
d:\vincedata\cache\levels\tintoyterror\anims\levelflythroughcam_tintoyterror.campath
