d:\vincedata\cache\anims\cryptbaker_absorb.anim
d:\vincedata\cache\anims\cryptbaker_idle.anim
d:\vincedata\cache\anims\cryptbaker_static.anim
d:\vincedata\cache\anims\cryptbelle_absorb.anim
d:\vincedata\cache\anims\cryptbelle_idle.anim
d:\vincedata\cache\anims\cryptbelle_static.anim
d:\vincedata\cache\anims\cryptclown_absorb.anim
d:\vincedata\cache\anims\cryptclown_idle.anim
d:\vincedata\cache\anims\cryptclown_static.anim
d:\vincedata\cache\anims\cryptfootball_absorb.anim
d:\vincedata\cache\anims\cryptfootball_idle.anim
d:\vincedata\cache\anims\cryptfootball_static.anim
d:\vincedata\cache\anims\crypthula_absorb.anim
d:\vincedata\cache\anims\crypthula_idle.anim
d:\vincedata\cache\anims\crypthula_static.anim
d:\vincedata\cache\anims\doorareaexit_open.anim
d:\vincedata\cache\anims\gbcml_idle.anim
d:\vincedata\cache\anims\gbcml_imp.anim
d:\vincedata\cache\anims\zombiebaker_cryptentry.anim
d:\vincedata\cache\anims\zombiebaker_idle.anim
d:\vincedata\cache\anims\zombiebaker_walk.anim
d:\vincedata\cache\anims\zombiebelle_cryptentry.anim
d:\vincedata\cache\anims\zombiebelle_idle.anim
d:\vincedata\cache\anims\zombiebelle_walk.anim
d:\vincedata\cache\anims\zombieclown_cryptentry.anim
d:\vincedata\cache\anims\zombieclown_idle.anim
d:\vincedata\cache\anims\zombieclown_walk.anim
d:\vincedata\cache\anims\zombiefootball_cryptentry.anim
d:\vincedata\cache\anims\zombiefootball_idle.anim
d:\vincedata\cache\anims\zombiefootball_walk.anim
d:\vincedata\cache\anims\zombiehulagirl_cryptentry.anim
d:\vincedata\cache\anims\zombiehulagirl_idle.anim
d:\vincedata\cache\anims\zombiehulagirl_walk.anim
d:\vincedata\cache\levels\zombieguidancecounselor\anims\levelflythroughcam_zombieguidancecounselor.campath
d:\vincedata\cache\levels\zombieguidancecounselor\anims\light_0012.lightpath
d:\vincedata\cache\levels\zombieguidancecounselor\anims\light_0013.lightpath
d:\vincedata\cache\levels\zombieguidancecounselor\anims\light_0014.lightpath
d:\vincedata\cache\levels\zombieguidancecounselor\anims\light_0015.lightpath
d:\vincedata\cache\levels\zombieguidancecounselor\anims\light_0016.lightpath
d:\vincedata\cache\levels\zombieguidancecounselor\anims\light_0017.lightpath
d:\vincedata\cache\levels\zombieguidancecounselor\anims\light_0018.lightpath
d:\vincedata\cache\levels\zombieguidancecounselor\anims\light_0019.lightpath
d:\vincedata\cache\levels\zombieguidancecounselor\anims\light_005.lightpath
d:\vincedata\cache\levels\zombieguidancecounselor\anims\light_011.lightpath
d:\vincedata\cache\levels\zombieguidancecounselor\anims\lightstand0001.lightpath
d:\vincedata\cache\levels\zombieguidancecounselor\anims\lightstand0002.lightpath
d:\vincedata\cache\levels\zombieguidancecounselor\anims\lightstand0003.lightpath
d:\vincedata\cache\levels\zombieguidancecounselor\anims\lightstand0004.lightpath
d:\vincedata\cache\levels\zombieguidancecounselor\anims\lightstand0005.lightpath
d:\vincedata\cache\levels\zombieguidancecounselor\anims\lightstand0006.lightpath
d:\vincedata\cache\levels\zombieguidancecounselor\anims\lightstand0007.lightpath
d:\vincedata\cache\levels\zombieguidancecounselor\anims\lightstand0008.lightpath
d:\vincedata\cache\levels\zombieguidancecounselor\anims\lightstand0009.lightpath
d:\vincedata\cache\levels\zombieguidancecounselor\anims\lightstand0010.lightpath
