d:\vincedata\cache\anims\firebug_ambientwavegun001.anim
d:\vincedata\cache\anims\firebug_appearkosmoegg001.anim
d:\vincedata\cache\anims\firebug_attackdown.anim
d:\vincedata\cache\anims\firebug_attackleft.anim
d:\vincedata\cache\anims\firebug_attackrapiddown.anim
d:\vincedata\cache\anims\firebug_attackrapidleft.anim
d:\vincedata\cache\anims\firebug_attackrapidright.anim
d:\vincedata\cache\anims\firebug_attackrapidstraight.anim
d:\vincedata\cache\anims\firebug_attackright.anim
d:\vincedata\cache\anims\firebug_attackstraight.anim
d:\vincedata\cache\anims\firebug_attackwindup.anim
d:\vincedata\cache\anims\firebug_cuthorizontal_death001.anim
d:\vincedata\cache\anims\firebug_cuthorizontal_death002.anim
d:\vincedata\cache\anims\firebug_cutvertical_death001.anim
d:\vincedata\cache\anims\firebug_damagedeathpunch001.anim
d:\vincedata\cache\anims\firebug_damagedeathpunch002.anim
d:\vincedata\cache\anims\firebug_damagedeathpunch003.anim
d:\vincedata\cache\anims\firebug_damageflatten001.anim
d:\vincedata\cache\anims\firebug_damageflatten002.anim
d:\vincedata\cache\anims\firebug_damageflipkick001.anim
d:\vincedata\cache\anims\firebug_damageflipkick002.anim
d:\vincedata\cache\anims\firebug_damageflipkick003.anim
d:\vincedata\cache\anims\firebug_damagefrozen001.anim
d:\vincedata\cache\anims\firebug_damagefrozenrecover001.anim
d:\vincedata\cache\anims\firebug_damageheadslam001.anim
d:\vincedata\cache\anims\firebug_damageinjured001.anim
d:\vincedata\cache\anims\firebug_damagejackhammer001.anim
d:\vincedata\cache\anims\firebug_damagejackhammer002.anim
d:\vincedata\cache\anims\firebug_damagepoked001.anim
d:\vincedata\cache\anims\firebug_damagepoked002.anim
d:\vincedata\cache\anims\firebug_damagetwister001.anim
d:\vincedata\cache\anims\firebug_damagetwister002.anim
d:\vincedata\cache\anims\firebug_damagetwister003.anim
d:\vincedata\cache\anims\firebug_disintegrate_death001.anim
d:\vincedata\cache\anims\firebug_fly.anim
d:\vincedata\cache\anims\firebug_hover.anim
d:\vincedata\cache\anims\firebug_predamage.anim
d:\vincedata\cache\anims\flagship_idle.anim
d:\vincedata\cache\anims\ropeladder_idle.anim
d:\vincedata\cache\anims\sailship01_idle.anim
d:\vincedata\cache\anims\windowship_open.anim
d:\vincedata\cache\levels\jeanlafittesship\anims\levelflythroughcam_jeanlafittesship.campath
d:\vincedata\cache\levels\jeanlafittesship\anims\pointlightlampanim_17.lightpath
d:\vincedata\cache\levels\jeanlafittesship\anims\pointlightlampanim_19.lightpath
d:\vincedata\cache\levels\jeanlafittesship\anims\pointlightlampanim_20.lightpath
d:\vincedata\cache\levels\jeanlafittesship\anims\pointlightlampanim_21.lightpath
d:\vincedata\cache\levels\jeanlafittesship\anims\pointlightlampanim_22.lightpath
d:\vincedata\cache\levels\jeanlafittesship\anims\pointlightlampanim_23.lightpath
d:\vincedata\cache\levels\jeanlafittesship\anims\pointlightlampanim_24.lightpath
d:\vincedata\cache\levels\jeanlafittesship\anims\pointlightlampanim_25.lightpath
d:\vincedata\cache\levels\jeanlafittesship\anims\pointlightlampanim_26.lightpath
d:\vincedata\cache\levels\jeanlafittesship\anims\pointlightlampanim_27.lightpath
d:\vincedata\cache\levels\jeanlafittesship\anims\pointlightlampanim_28.lightpath
d:\vincedata\cache\levels\jeanlafittesship\anims\pointlightlampanim_29.lightpath
d:\vincedata\cache\levels\jeanlafittesship\anims\pointlightlampanim_30.lightpath
d:\vincedata\cache\levels\jeanlafittesship\anims\pointlightlampanim_31.lightpath
d:\vincedata\cache\levels\jeanlafittesship\anims\pointlightlampanim_32.lightpath
d:\vincedata\cache\levels\jeanlafittesship\anims\pointlightlampanim_33.lightpath
d:\vincedata\cache\levels\jeanlafittesship\anims\pointlightlampanim_34.lightpath
d:\vincedata\cache\levels\jeanlafittesship\anims\pointlightlampanim_35.lightpath
d:\vincedata\cache\levels\jeanlafittesship\anims\pointlightlampanim_36.lightpath
d:\vincedata\cache\levels\jeanlafittesship\anims\pointlightlampanim_37.lightpath
d:\vincedata\cache\levels\jeanlafittesship\anims\pointlightlampanim_38.lightpath
d:\vincedata\cache\levels\jeanlafittesship\anims\pointlightlampanim_39.lightpath
d:\vincedata\cache\levels\jeanlafittesship\anims\pointlightlampanim_40.lightpath
d:\vincedata\cache\levels\jeanlafittesship\anims\pointlightlampanim_41.lightpath
d:\vincedata\cache\levels\jeanlafittesship\anims\pointlightlampanim_42.lightpath
d:\vincedata\cache\levels\jeanlafittesship\anims\pointlightlampanim_43.lightpath
d:\vincedata\cache\levels\jeanlafittesship\anims\pointlightlampanim_44.lightpath
d:\vincedata\cache\levels\jeanlafittesship\anims\pointlightlampanim_45.lightpath
d:\vincedata\cache\levels\jeanlafittesship\anims\pointlightlampanim_46.lightpath
