d:\vincedata\cache\sounds\ambbird02c.wav
d:\vincedata\cache\sounds\bjl_amb01.wav
d:\vincedata\cache\sounds\bjl_creak.wav
d:\vincedata\cache\sounds\bjl_hatchop.wav
d:\vincedata\cache\sounds\bjl_water1.wav
d:\vincedata\cache\sounds\bjl_water2.wav
d:\vincedata\cache\sounds\bjl_water3.wav
d:\vincedata\cache\sounds\bjl_water4.wav
d:\vincedata\cache\sounds\bjl_water5.wav
d:\vincedata\cache\sounds\charmaine_b_jls_01.wav
d:\vincedata\cache\sounds\crabamb01.wav
d:\vincedata\cache\sounds\crabattclub.wav
d:\vincedata\cache\sounds\crabattslash.wav
d:\vincedata\cache\sounds\crabblockend.wav
d:\vincedata\cache\sounds\crabblockst.wav
d:\vincedata\cache\sounds\crabcuth.wav
d:\vincedata\cache\sounds\crabcutv.wav
d:\vincedata\cache\sounds\crabdamflat.wav
d:\vincedata\cache\sounds\crabdamflip.wav
d:\vincedata\cache\sounds\crabdamheadslam.wav
d:\vincedata\cache\sounds\crabdampok.wav
d:\vincedata\cache\sounds\crabdamtwi.wav
d:\vincedata\cache\sounds\crabdeathpun02.wav
d:\vincedata\cache\sounds\crabdeathpunch.wav
d:\vincedata\cache\sounds\crabidle.wav
d:\vincedata\cache\sounds\crabjackh.wav
d:\vincedata\cache\sounds\crabpredam.wav
d:\vincedata\cache\sounds\crabsit.wav
d:\vincedata\cache\sounds\crabstand.wav
d:\vincedata\cache\sounds\crabvictory01.wav
d:\vincedata\cache\sounds\crabvictory02.wav
d:\vincedata\cache\sounds\crabwalk.wav
d:\vincedata\cache\sounds\fbugattack.wav
d:\vincedata\cache\sounds\fbugattack2.wav
d:\vincedata\cache\sounds\fbugcutv.wav
d:\vincedata\cache\sounds\fbugdamflat.wav
d:\vincedata\cache\sounds\fbugdamspn.wav
d:\vincedata\cache\sounds\fbugdeath.wav
d:\vincedata\cache\sounds\fbugdis.wav
d:\vincedata\cache\sounds\fbugflipk.wav
d:\vincedata\cache\sounds\fbugidle.wav
d:\vincedata\cache\sounds\fbugimpact.wav
d:\vincedata\cache\sounds\fbugjackh.wav
d:\vincedata\cache\sounds\fbugjackh_02.wav
d:\vincedata\cache\sounds\fbugpat01.wav
d:\vincedata\cache\sounds\fbugpat02.wav
d:\vincedata\cache\sounds\fbugpowdam.wav
d:\vincedata\cache\sounds\fbugtwist.wav
d:\vincedata\cache\sounds\fbugtwist_02.wav
d:\vincedata\cache\sounds\fbugtwist_03.wav
d:\vincedata\cache\sounds\fbugwindup.wav
