d:\vincedata\cache\anims\dinoboss_alive.anim
d:\vincedata\cache\anims\dinoboss_chomp_attack.anim
d:\vincedata\cache\anims\dinoboss_chompattack002.anim
d:\vincedata\cache\anims\dinoboss_chompattack003.anim
d:\vincedata\cache\anims\dinoboss_damage.anim
d:\vincedata\cache\anims\dinoboss_death.anim
d:\vincedata\cache\anims\dinoboss_deathb.anim
d:\vincedata\cache\anims\dinoboss_hop.anim
d:\vincedata\cache\anims\dinoboss_idle.anim
d:\vincedata\cache\anims\dinoboss_roar.anim
d:\vincedata\cache\anims\dinoboss_roar002.anim
d:\vincedata\cache\anims\dinoboss_tail_attack.anim
d:\vincedata\cache\anims\dinoboss_zapped.anim
d:\vincedata\cache\anims\dinofloorchunk_collapse.anim
d:\vincedata\cache\anims\doordome_open.anim
d:\vincedata\cache\anims\doorentrance_close.anim
d:\vincedata\cache\anims\kosmohead_dinointro.anim
d:\vincedata\cache\anims\switchmuseum_down.anim
d:\vincedata\cache\anims\terradactyl_death001.anim
d:\vincedata\cache\anims\terradactyl_death002.anim
d:\vincedata\cache\anims\terradactyl_fly_caw.anim
d:\vincedata\cache\anims\terradactyl_fly_idle.anim
d:\vincedata\cache\anims\terradactyl_fly_lower_path.anim
d:\vincedata\cache\anims\terradactyl_fly_upper_path.anim
d:\vincedata\cache\anims\terradactyl_glide_idle.anim
d:\vincedata\cache\anims\teslacoilblowup_blowup.anim
d:\vincedata\cache\anims\teslacoillower_turnon.anim
d:\vincedata\cache\anims\teslacoilupper_extend.anim
d:\vincedata\cache\anims\vince_attack_zaphat.anim
d:\vincedata\cache\anims\vince_dinobossdeath.anim
d:\vincedata\cache\anims\vince_dinobossintro01.anim
d:\vincedata\cache\anims\vince_dinobossintro01.lightpath
d:\vincedata\cache\anims\vince_dinobossintro01b.anim
d:\vincedata\cache\anims\vince_dinobossintro02.anim
d:\vincedata\cache\anims\vince_dinobossintro03.anim
d:\vincedata\cache\anims\vince_dinobossintro04.anim
d:\vincedata\cache\anims\vince_dinobossintro05.anim
d:\vincedata\cache\anims\zaphat_attack.anim
d:\vincedata\cache\anims\zaphat_idle.anim
d:\vincedata\cache\anims\zaphat_run.anim
d:\vincedata\cache\anims\zaphat_walk.anim
d:\vincedata\cache\levels\museum\anims\camera_01.campath
d:\vincedata\cache\levels\museum\anims\camera_02.campath
d:\vincedata\cache\levels\museum\anims\camera_03.campath
d:\vincedata\cache\levels\museum\anims\camera_04.campath
d:\vincedata\cache\levels\museum\anims\camera_05.campath
d:\vincedata\cache\levels\museum\anims\camera_06.campath
d:\vincedata\cache\levels\museum\anims\camera_07.campath
d:\vincedata\cache\levels\museum\anims\camera_08.campath
d:\vincedata\cache\levels\museum\anims\camera_09.campath
d:\vincedata\cache\levels\museum\anims\camera_10.campath
d:\vincedata\cache\levels\museum\anims\camera_11.campath
d:\vincedata\cache\levels\museum\anims\camera_12.campath
d:\vincedata\cache\levels\museum\anims\camera_13.campath
d:\vincedata\cache\levels\museum\anims\camera_14.campath
d:\vincedata\cache\levels\museum\anims\camera_15.campath
d:\vincedata\cache\levels\museum\anims\light_flash01.lightpath
