d:\vincedata\cache\models\dinoboss_base.gator
d:\vincedata\cache\models\dinofloorchunk_base.gator
d:\vincedata\cache\models\doordome_base.gator
d:\vincedata\cache\models\doorentrance_base.gator
d:\vincedata\cache\models\switchmuseum_base.gator
d:\vincedata\cache\models\terradactyl_base.gator
d:\vincedata\cache\models\teslacoilblowup_base.gator
d:\vincedata\cache\models\teslacoildestroyed_base.gator
d:\vincedata\cache\models\teslacoillower_base.gator
d:\vincedata\cache\models\teslacoilupper_base.gator
d:\vincedata\cache\models\walkwaydebris_a_base.gator
d:\vincedata\cache\models\walkwaydebris_b_base.gator
d:\vincedata\cache\models\walkwaydebris_c_base.gator
d:\vincedata\cache\models\walkwaydebrissmall_a_base.gator
d:\vincedata\cache\models\walkwaydebrissmall_b_base.gator
d:\vincedata\cache\models\walkwaydebrissmall_c_base.gator
d:\vincedata\cache\models\walkwaydestroyed_a_base.gator
d:\vincedata\cache\models\walkwaydestroyed_b_base.gator
d:\vincedata\cache\models\walkwaydestroyed_c_base.gator
d:\vincedata\cache\models\walkwaydestroyed_d_base.gator
d:\vincedata\cache\models\walkwaydestroyed_e_base.gator
d:\vincedata\cache\models\walkwaydestroyed_f_base.gator
d:\vincedata\cache\models\walkwaydestroyed_g_base.gator
d:\vincedata\cache\models\walkwaydestroyed_h_base.gator
d:\vincedata\cache\models\walkwaydestroyed_i_base.gator
d:\vincedata\cache\models\walkwaydestroyed_j_base.gator
d:\vincedata\cache\models\walkwaydestroyed_k_base.gator
d:\vincedata\cache\models\walkwaydestroyed_l_base.gator
d:\vincedata\cache\models\walkwaydestroyed_m_base.gator
d:\vincedata\cache\models\walkwaydestroyed_n_base.gator
d:\vincedata\cache\models\walkwaydestroyed_o_base.gator
d:\vincedata\cache\models\walkwaydestroyed_p_base.gator
d:\vincedata\cache\models\walkwaydestroyed_q_base.gator
d:\vincedata\cache\models\walkwaydestroyed_r_base.gator
d:\vincedata\cache\models\walkwayintact_a_base.gator
d:\vincedata\cache\models\walkwayintact_b_base.gator
d:\vincedata\cache\models\walkwayintact_c_base.gator
d:\vincedata\cache\models\walkwayintact_d_base.gator
d:\vincedata\cache\models\walkwayintact_e_base.gator
d:\vincedata\cache\models\walkwayintact_f_base.gator
d:\vincedata\cache\models\walkwayintact_g_base.gator
d:\vincedata\cache\models\walkwayintact_h_base.gator
d:\vincedata\cache\models\walkwayintact_i_base.gator
d:\vincedata\cache\models\walkwayintact_j_base.gator
d:\vincedata\cache\models\walkwayintact_k_base.gator
d:\vincedata\cache\models\walkwayintact_l_base.gator
d:\vincedata\cache\models\walkwayintact_m_base.gator
d:\vincedata\cache\models\walkwayintact_n_base.gator
d:\vincedata\cache\models\walkwayintact_o_base.gator
d:\vincedata\cache\models\walkwayintact_p_base.gator
d:\vincedata\cache\models\walkwayintact_q_base.gator
d:\vincedata\cache\models\walkwayintact_r_base.gator
d:\vincedata\cache\models\walkwayintact_s_base.gator
d:\vincedata\cache\models\zaphat_base.gator
