d:\vincedata\cache\sounds\charmaine_q_bos_01.wav
d:\vincedata\cache\sounds\dinobite01.wav
d:\vincedata\cache\sounds\dinobite03.wav
d:\vincedata\cache\sounds\dinobiteair.wav
d:\vincedata\cache\sounds\dinodeath.wav
d:\vincedata\cache\sounds\dinoroar01.wav
d:\vincedata\cache\sounds\dinoroar02.wav
d:\vincedata\cache\sounds\dinoroar03.wav
d:\vincedata\cache\sounds\dinostomp.wav
d:\vincedata\cache\sounds\dinotailbac.wav
d:\vincedata\cache\sounds\dinotailfor.wav
d:\vincedata\cache\sounds\lightning.wav
d:\vincedata\cache\sounds\qamb_rain_01.wav
d:\vincedata\cache\sounds\qamb_rain_02.wav
d:\vincedata\cache\sounds\qch_bigbolt.wav
d:\vincedata\cache\sounds\qch_circuit.wav
d:\vincedata\cache\sounds\qch_door.wav
d:\vincedata\cache\sounds\qch_light01.wav
d:\vincedata\cache\sounds\qch_light02.wav
d:\vincedata\cache\sounds\qch_light03.wav
d:\vincedata\cache\sounds\qch_light04.wav
d:\vincedata\cache\sounds\qch_light05.wav
d:\vincedata\cache\sounds\qch_light06.wav
d:\vincedata\cache\sounds\qch_pad.wav
d:\vincedata\cache\sounds\qch_roof.wav
d:\vincedata\cache\sounds\qch_switch.wav
d:\vincedata\cache\sounds\qch_tesla.wav
