d:\vincedata\cache\anims\ambientbird_flyaway001.anim
d:\vincedata\cache\anims\ambientbird_flyaway002.anim
d:\vincedata\cache\anims\ambientbird_idle001.anim
d:\vincedata\cache\anims\ambientbird_idle002.anim
d:\vincedata\cache\anims\ambientbird_landing.anim
d:\vincedata\cache\anims\ambientbird_walk.anim
d:\vincedata\cache\anims\cangas_fall.anim
d:\vincedata\cache\anims\cangas_idle.anim
d:\vincedata\cache\anims\cangas_pour.anim
d:\vincedata\cache\anims\cangas_throw.anim
d:\vincedata\cache\anims\cangas_walk.anim
d:\vincedata\cache\anims\ceilingfan_idle.anim
d:\vincedata\cache\anims\gatetrap01_open.anim
d:\vincedata\cache\anims\gatetrap02_open.anim
d:\vincedata\cache\anims\goldenjunebug_idle.anim
d:\vincedata\cache\anims\goldenjunebug_mainstreet_path.anim
d:\vincedata\cache\anims\lampswinging01_idle.anim
d:\vincedata\cache\anims\mysterybox_idle.anim
d:\vincedata\cache\anims\pipegas01_idle.anim
d:\vincedata\cache\anims\pipegas01_idle.lightpath
d:\vincedata\cache\anims\pipegas01_shake.anim
d:\vincedata\cache\anims\pipegas02_idle.anim
d:\vincedata\cache\anims\pipegas02_idle.lightpath
d:\vincedata\cache\anims\pipegas02_shake.anim
d:\vincedata\cache\anims\pipegas03_idle.anim
d:\vincedata\cache\anims\pipegas03_idle.lightpath
d:\vincedata\cache\anims\pipegas03_shake.anim
d:\vincedata\cache\anims\pipegas04_idle.anim
d:\vincedata\cache\anims\pipegas04_idle.lightpath
d:\vincedata\cache\anims\pipegas04_shake.anim
d:\vincedata\cache\anims\primo_anticflame.anim
d:\vincedata\cache\anims\primo_damage.anim
d:\vincedata\cache\anims\primo_guzzle.anim
d:\vincedata\cache\anims\primo_guzzlelaugh.anim
d:\vincedata\cache\anims\primo_idle.anim
d:\vincedata\cache\anims\primo_laugh.anim
d:\vincedata\cache\anims\primoremains_idle.anim
d:\vincedata\cache\anims\reggie_anticflame.anim
d:\vincedata\cache\anims\reggie_damage.anim
d:\vincedata\cache\anims\reggie_idle.anim
d:\vincedata\cache\anims\reggie_laugh.anim
d:\vincedata\cache\anims\reggie_taunt001.anim
d:\vincedata\cache\anims\reggie_taunt002.anim
d:\vincedata\cache\anims\reggie_throw.anim
d:\vincedata\cache\anims\reggieflat_spin.anim
d:\vincedata\cache\anims\reggieremains_idle.anim
d:\vincedata\cache\anims\reggiewreckage_chunksflying.anim
d:\vincedata\cache\anims\reggiewreckage_idle.anim
d:\vincedata\cache\anims\reggiewreckage_stilltalking01.anim
d:\vincedata\cache\anims\reggiewreckage_stilltalking02.anim
d:\vincedata\cache\anims\reggiewreckage_stilltalking03.anim
d:\vincedata\cache\anims\reggiewreckage_stilltalking04.anim
d:\vincedata\cache\anims\reggiewreckage_stilltalking05.anim
d:\vincedata\cache\anims\reggiewreckage_stilltalking06.anim
d:\vincedata\cache\anims\reggiewreckage_stilltalking07.anim
d:\vincedata\cache\anims\roach_attackbomb001.anim
d:\vincedata\cache\anims\roach_attackbomb002.anim
d:\vincedata\cache\anims\roach_cuthorizontal_death001.anim
d:\vincedata\cache\anims\roach_cuthorizontal_death002.anim
d:\vincedata\cache\anims\roach_cuthorizontal_death003.anim
d:\vincedata\cache\anims\roach_cutvertical_death001.anim
d:\vincedata\cache\anims\roach_cutvertical_death002.anim
d:\vincedata\cache\anims\roach_damagedeathpunch001.anim
d:\vincedata\cache\anims\roach_damagedeathpunch002.anim
d:\vincedata\cache\anims\roach_damagedeathpunch003.anim
d:\vincedata\cache\anims\roach_damageflatten.anim
d:\vincedata\cache\anims\roach_damageflatten001.anim
d:\vincedata\cache\anims\roach_damageflatten002.anim
d:\vincedata\cache\anims\roach_damageflipkick001.anim
d:\vincedata\cache\anims\roach_damageflipkick002.anim
d:\vincedata\cache\anims\roach_damageflipkick003.anim
d:\vincedata\cache\anims\roach_damagefrozen001.anim
d:\vincedata\cache\anims\roach_damagefrozenrecover001.anim
d:\vincedata\cache\anims\roach_damageheadslam001.anim
d:\vincedata\cache\anims\roach_damageinjured001.anim
d:\vincedata\cache\anims\roach_damagejackhammer001.anim
d:\vincedata\cache\anims\roach_damagejackhammer002.anim
d:\vincedata\cache\anims\roach_damagepoked001.anim
d:\vincedata\cache\anims\roach_damagepoked002.anim
d:\vincedata\cache\anims\roach_damagetwister.anim
d:\vincedata\cache\anims\roach_damagetwister001.anim
d:\vincedata\cache\anims\roach_damagetwister002.anim
d:\vincedata\cache\anims\roach_disintegrate_death001.anim
d:\vincedata\cache\anims\roach_flypath001.anim
d:\vincedata\cache\anims\roach_flypath002.anim
d:\vincedata\cache\anims\roach_flypath003.anim
d:\vincedata\cache\anims\roach_predamage001.anim
d:\vincedata\cache\anims\roach_predamage002.anim
d:\vincedata\cache\anims\roach_victory.anim
d:\vincedata\cache\anims\roachbomb_idle.anim
d:\vincedata\cache\anims\rocket0_idle.anim
d:\vincedata\cache\anims\rocket1_idle.anim
d:\vincedata\cache\anims\rocket2_idle.anim
d:\vincedata\cache\anims\signpitdeath_idle.anim
d:\vincedata\cache\anims\signusewhammy_idle.anim
d:\vincedata\cache\anims\steamroller_drive.anim
d:\vincedata\cache\anims\steamroller_drive03.anim
d:\vincedata\cache\anims\steamroller_drive04.anim
d:\vincedata\cache\anims\steamroller_drive05.anim
d:\vincedata\cache\anims\steamroller_drive06.anim
d:\vincedata\cache\anims\steamroller_drive07.anim
d:\vincedata\cache\anims\steamroller_drive08.anim
d:\vincedata\cache\anims\toysign_idle.anim
d:\vincedata\cache\anims\vince_drive_steamroller.anim
d:\vincedata\cache\anims\vince_jump_to_seat.anim
d:\vincedata\cache\anims\vince_pour_gascan.anim
d:\vincedata\cache\anims\vince_steamroller01.anim
d:\vincedata\cache\anims\vince_steamroller01b.anim
d:\vincedata\cache\anims\vince_steamroller02.anim
d:\vincedata\cache\anims\vince_steamroller03.anim
d:\vincedata\cache\anims\vince_steamroller04.anim
d:\vincedata\cache\anims\vince_steamroller05.anim
d:\vincedata\cache\anims\vince_steamroller06.anim
d:\vincedata\cache\anims\vince_steamroller07.anim
d:\vincedata\cache\anims\vince_steamroller08.anim
d:\vincedata\cache\anims\wallblockingsquare_open.anim
d:\vincedata\cache\anims\wrench_idle.anim
d:\vincedata\cache\levels\mainstreet\anims\camera_01.campath
d:\vincedata\cache\levels\mainstreet\anims\camera_02.campath
d:\vincedata\cache\levels\mainstreet\anims\camera_03.campath
d:\vincedata\cache\levels\mainstreet\anims\camera_04.campath
d:\vincedata\cache\levels\mainstreet\anims\camera_05.campath
d:\vincedata\cache\levels\mainstreet\anims\camera_06.campath
d:\vincedata\cache\levels\mainstreet\anims\camera_07.campath
d:\vincedata\cache\levels\mainstreet\anims\camera_08.campath
d:\vincedata\cache\levels\mainstreet\anims\camera_09.campath
d:\vincedata\cache\levels\mainstreet\anims\camera_10.campath
d:\vincedata\cache\levels\mainstreet\anims\camera_10b.campath
d:\vincedata\cache\levels\mainstreet\anims\camera_11.campath
d:\vincedata\cache\levels\mainstreet\anims\camera_12.campath
d:\vincedata\cache\levels\mainstreet\anims\camera_13.campath
d:\vincedata\cache\levels\mainstreet\anims\camera_14.campath
d:\vincedata\cache\levels\mainstreet\anims\levelflythroughcam_mainstreet.campath
d:\vincedata\cache\levels\mainstreet\anims\rocketlight1.lightpath
d:\vincedata\cache\levels\mainstreet\anims\rocketlight2.lightpath
