d:\vincedata\cache\models\ambientbird_base.gator
d:\vincedata\cache\models\cangas_base.gator
d:\vincedata\cache\models\cangasglow_base.gator
d:\vincedata\cache\models\ceilingfan_base.gator
d:\vincedata\cache\models\gaspuddle_base.gator
d:\vincedata\cache\models\gatetrap01_base.gator
d:\vincedata\cache\models\gatetrap02_base.gator
d:\vincedata\cache\models\goldenjunebug_base.gator
d:\vincedata\cache\models\lampswinging01_base.gator
d:\vincedata\cache\models\mysterybox_base.gator
d:\vincedata\cache\models\pipegas01_base.gator
d:\vincedata\cache\models\pipegas02_base.gator
d:\vincedata\cache\models\pipegas03_base.gator
d:\vincedata\cache\models\pipegas04_base.gator
d:\vincedata\cache\models\primo_base.gator
d:\vincedata\cache\models\primoremains_base.gator
d:\vincedata\cache\models\reggie_base.gator
d:\vincedata\cache\models\reggieflat_base.gator
d:\vincedata\cache\models\reggieremains_base.gator
d:\vincedata\cache\models\reggiewreckage_base.gator
d:\vincedata\cache\models\roach_base.gator
d:\vincedata\cache\models\roach_cuthorizontal_base.gator
d:\vincedata\cache\models\roach_cutvertical_base.gator
d:\vincedata\cache\models\roach_disintegrate_base.gator
d:\vincedata\cache\models\roachbomb_base.gator
d:\vincedata\cache\models\rocket0_base.gator
d:\vincedata\cache\models\rocket1_base.gator
d:\vincedata\cache\models\rocket2_base.gator
d:\vincedata\cache\models\signpitdeath_base.gator
d:\vincedata\cache\models\signusewhammy_base.gator
d:\vincedata\cache\models\steamroller_base.gator
d:\vincedata\cache\models\toysign_base.gator
d:\vincedata\cache\models\wallblockingsquare_base.gator
d:\vincedata\cache\models\wrench_base.gator
