d:\vincedata\cache\sounds\ambfan.wav
d:\vincedata\cache\sounds\qms_coo.wav
d:\vincedata\cache\sounds\qms_flap.wav
d:\vincedata\cache\sounds\qms_gasburn.wav
d:\vincedata\cache\sounds\qms_gashiss.wav
d:\vincedata\cache\sounds\qms_gaswoof.wav
d:\vincedata\cache\sounds\qms_rocketburn.wav
d:\vincedata\cache\sounds\qms_trapopens.wav
d:\vincedata\cache\sounds\qms_trapshuts.wav
d:\vincedata\cache\sounds\reggdeath.wav
d:\vincedata\cache\sounds\reggding.wav
d:\vincedata\cache\sounds\reggie_q_ms_01.wav
d:\vincedata\cache\sounds\reggie_q_ms_02.wav
d:\vincedata\cache\sounds\reggie_q_ms_03.wav
d:\vincedata\cache\sounds\reggie_q_ms_04.wav
d:\vincedata\cache\sounds\reggie_q_ms_05.wav
d:\vincedata\cache\sounds\reggie_q_ms_06.wav
d:\vincedata\cache\sounds\reggie_q_ms_07.wav
d:\vincedata\cache\sounds\reggie_q_ms_08.wav
d:\vincedata\cache\sounds\reggie_q_ms_09.wav
d:\vincedata\cache\sounds\reggie_q_ms_10.wav
d:\vincedata\cache\sounds\reggie_q_ms_11.wav
d:\vincedata\cache\sounds\reggie_q_ms_12.wav
d:\vincedata\cache\sounds\reggie_q_ms_13.wav
d:\vincedata\cache\sounds\reggie_q_ms_14.wav
d:\vincedata\cache\sounds\reggie_q_ms_15.wav
d:\vincedata\cache\sounds\reggie_q_ms_16.wav
d:\vincedata\cache\sounds\reggie_q_ms_17.wav
d:\vincedata\cache\sounds\reggie_q_ms_18.wav
d:\vincedata\cache\sounds\reggimp01.wav
d:\vincedata\cache\sounds\reggimp02.wav
d:\vincedata\cache\sounds\reggswoosh.wav
d:\vincedata\cache\sounds\reggwrench.wav
d:\vincedata\cache\sounds\regimpv.wav
d:\vincedata\cache\sounds\vince_q_ms_01.wav
d:\vincedata\cache\sounds\vince_q_ms_02.wav
d:\vincedata\cache\sounds\vince_q_ms_03.wav
d:\vincedata\cache\sounds\vince_q_ms_04.wav
d:\vincedata\cache\sounds\vince_q_ms_05.wav
d:\vincedata\cache\sounds\vince_q_ms_06.wav
d:\vincedata\cache\sounds\vince_q_ms_07.wav
d:\vincedata\cache\sounds\vince_q_ms_08.wav
d:\vincedata\cache\sounds\vince_q_ms_09.wav
d:\vincedata\cache\sounds\vince_q_ms_15.wav
d:\vincedata\cache\sounds\vince_q_ms_16.wav
d:\vincedata\cache\sounds\vince_q_ms_17.wav
