d:\vincedata\cache\anims\barrelplatform_idle.anim
d:\vincedata\cache\anims\entrancewall_fall.anim
d:\vincedata\cache\anims\fanhurricane_on.anim
d:\vincedata\cache\anims\hannah_ambientexpression001.anim
d:\vincedata\cache\anims\hannah_ambientexpression002.anim
d:\vincedata\cache\anims\hannah_ambientexpression003.anim
d:\vincedata\cache\anims\hannah_ambienttaunt.anim
d:\vincedata\cache\anims\hannah_attack01.anim
d:\vincedata\cache\anims\hannah_attack02.anim
d:\vincedata\cache\anims\hannah_attack03.anim
d:\vincedata\cache\anims\hannah_attack04.anim
d:\vincedata\cache\anims\hannah_death.anim
d:\vincedata\cache\anims\hannah_idle.anim
d:\vincedata\cache\anims\hannah_reaction001.anim
d:\vincedata\cache\anims\lighthouse_idle.anim
d:\vincedata\cache\anims\lighthouse_spin.anim
d:\vincedata\cache\anims\pierdebris_idle.anim
d:\vincedata\cache\anims\vince_fr_hh_dropin.anim
d:\vincedata\cache\anims\vince_giblets_hh_windmilldeath.anim
d:\vincedata\cache\anims\vince_hh_windmilldeath.anim
d:\vincedata\cache\levels\hurricanehannah\anims\camera_hd01.campath
d:\vincedata\cache\levels\hurricanehannah\anims\camera_hi01.campath
d:\vincedata\cache\levels\hurricanehannah\anims\camera_hi02.campath
d:\vincedata\cache\levels\hurricanehannah\anims\levelflythroughcam_hurricanehannah.campath
