d:\vincedata\cache\levels\hurricanehannah\models\entrancepipe.gator
d:\vincedata\cache\levels\hurricanehannah\models\exitpipe.gator
d:\vincedata\cache\levels\hurricanehannah\models\water.gator
d:\vincedata\cache\models\barrelplatform_base.gator
d:\vincedata\cache\models\entrancewall_base.gator
d:\vincedata\cache\models\fanhurricane_base.gator
d:\vincedata\cache\models\hannah_base.gator
d:\vincedata\cache\models\hannahsafetywall_base.gator
d:\vincedata\cache\models\hurricanedebrisa_base.gator
d:\vincedata\cache\models\hurricanedebrisb_base.gator
d:\vincedata\cache\models\hurricanedebrisc_base.gator
d:\vincedata\cache\models\hurricanedebrisd_base.gator
d:\vincedata\cache\models\hurricanedebrise_base.gator
d:\vincedata\cache\models\hurricanedebrisf_base.gator
d:\vincedata\cache\models\hurricanedebrisg_base.gator
d:\vincedata\cache\models\hurricanedebrish_base.gator
d:\vincedata\cache\models\hurricanedebrisi_base.gator
d:\vincedata\cache\models\hurricanedebrisj_base.gator
d:\vincedata\cache\models\lighthouse_base.gator
d:\vincedata\cache\models\pierdebris_base.gator
d:\vincedata\cache\models\sky_hurricanehanna_base.gator
d:\vincedata\cache\models\sky_hurricanehanna_cloudplane_bottom_base.gator
d:\vincedata\cache\models\sky_hurricanehanna_cloudplane_top_base.gator
d:\vincedata\cache\models\vince_giblets_base.gator
