d:\vincedata\cache\anims\barrelplatform_idle.anim
d:\vincedata\cache\anims\crawdaddy_attack001.anim
d:\vincedata\cache\anims\crawdaddy_idlestanding001.anim
d:\vincedata\cache\anims\crawdaddy_idleswim001.anim
d:\vincedata\cache\anims\crawdaddy_idlethrash001.anim
d:\vincedata\cache\anims\crawdaddy_idlethrashalt.anim
d:\vincedata\cache\anims\crawdadtrap_doorclose.anim
d:\vincedata\cache\anims\crawdadtrap_dooropen.anim
d:\vincedata\cache\anims\crawdadtrap_down.anim
d:\vincedata\cache\anims\crawdadtrap_idle.anim
d:\vincedata\cache\anims\crawdadtrap_shake.anim
d:\vincedata\cache\anims\docksub01_up.anim
d:\vincedata\cache\anims\docksub02_up.anim
d:\vincedata\cache\anims\docksub03_up.anim
d:\vincedata\cache\anims\docksub04_up.anim
d:\vincedata\cache\anims\docksub05_up.anim
d:\vincedata\cache\anims\drawbridge_down.anim
d:\vincedata\cache\anims\elevator_idle.anim
d:\vincedata\cache\anims\elevatora_idle.anim
d:\vincedata\cache\anims\elevatorb_idle.anim
d:\vincedata\cache\anims\elevatorc_idle.anim
d:\vincedata\cache\anims\elevatord_idle.anim
d:\vincedata\cache\anims\gatepipe_open.anim
d:\vincedata\cache\anims\pierdebris_idle.anim
d:\vincedata\cache\anims\piersubmerged_idle.anim
d:\vincedata\cache\anims\ropebridge01_idle.anim
d:\vincedata\cache\anims\ropebridge02_idle.anim
d:\vincedata\cache\anims\shrimpsub_damage001.anim
d:\vincedata\cache\anims\shrimpsub_death001.anim
d:\vincedata\cache\anims\shrimpsub_death002.anim
d:\vincedata\cache\anims\shrimpsub_forward.anim
d:\vincedata\cache\anims\shrimpsub_idle001.anim
d:\vincedata\cache\anims\shrimpsub_impact.anim
d:\vincedata\cache\anims\shrimpsub_surfacing.anim
d:\vincedata\cache\anims\shrimpsub_vinceentry.anim
d:\vincedata\cache\anims\shrimpsub_vinceexit.anim
d:\vincedata\cache\anims\signallseeingeye_idle.anim
d:\vincedata\cache\anims\signdoublejump_idle.anim
d:\vincedata\cache\anims\signeyeview_idle.anim
d:\vincedata\cache\anims\signfanboat_idle.anim
d:\vincedata\cache\anims\signfloat_idle.anim
d:\vincedata\cache\anims\signheadslam_idle.anim
d:\vincedata\cache\anims\signjumpspin_idle.anim
d:\vincedata\cache\anims\signpunch_idle.anim
d:\vincedata\cache\anims\signshrimpsub_idle.anim
d:\vincedata\cache\anims\signspinkick_idle.anim
d:\vincedata\cache\anims\signswinghook_idle.anim
d:\vincedata\cache\anims\underwatergrass01_idle.anim
d:\vincedata\cache\anims\underwatergrass02_idle.anim
d:\vincedata\cache\anims\underwatergrass03_idle.anim
d:\vincedata\cache\anims\underwaterplant01_idle.anim
d:\vincedata\cache\anims\underwaterplant02_idle.anim
d:\vincedata\cache\anims\vince_shrimpsubentry.anim
d:\vincedata\cache\anims\vince_shrimpsubexit.anim
d:\vincedata\cache\levels\thebogwallow\anims\levelflythroughcam_thebogwallow.campath
d:\vincedata\cache\levels\thebogwallow\anims\pointlightlampanim_1.lightpath
d:\vincedata\cache\levels\thebogwallow\anims\pointlightlampanim_10.lightpath
d:\vincedata\cache\levels\thebogwallow\anims\pointlightlampanim_11.lightpath
d:\vincedata\cache\levels\thebogwallow\anims\pointlightlampanim_12.lightpath
d:\vincedata\cache\levels\thebogwallow\anims\pointlightlampanim_13.lightpath
d:\vincedata\cache\levels\thebogwallow\anims\pointlightlampanim_14.lightpath
d:\vincedata\cache\levels\thebogwallow\anims\pointlightlampanim_15.lightpath
d:\vincedata\cache\levels\thebogwallow\anims\pointlightlampanim_16.lightpath
d:\vincedata\cache\levels\thebogwallow\anims\pointlightlampanim_2.lightpath
d:\vincedata\cache\levels\thebogwallow\anims\pointlightlampanim_3.lightpath
d:\vincedata\cache\levels\thebogwallow\anims\pointlightlampanim_4.lightpath
d:\vincedata\cache\levels\thebogwallow\anims\pointlightlampanim_5.lightpath
d:\vincedata\cache\levels\thebogwallow\anims\pointlightlampanim_6.lightpath
d:\vincedata\cache\levels\thebogwallow\anims\pointlightlampanim_7.lightpath
d:\vincedata\cache\levels\thebogwallow\anims\pointlightlampanim_8.lightpath
d:\vincedata\cache\levels\thebogwallow\anims\swampcaustics.texanim
