d:\vincedata\cache\models\activator_base.gator
d:\vincedata\cache\models\angrygod_base.gator
d:\vincedata\cache\models\barrel01_base.gator
d:\vincedata\cache\models\barrel02_base.gator
d:\vincedata\cache\models\barrel03_base.gator
d:\vincedata\cache\models\barrel04_base.gator
d:\vincedata\cache\models\bead2_base.gator
d:\vincedata\cache\models\bead3_base.gator
d:\vincedata\cache\models\bead_base.gator
d:\vincedata\cache\models\bead_glow_base.gator
d:\vincedata\cache\models\boomerangpin_base.gator
d:\vincedata\cache\models\brackishcrab_base.gator
d:\vincedata\cache\models\brackishcrab_cuthorizontal_base.gator
d:\vincedata\cache\models\brackishcrab_cutvertical_base.gator
d:\vincedata\cache\models\brackishcrab_disintegrate_base.gator
d:\vincedata\cache\models\brackishcrab_giblets001_base.gator
d:\vincedata\cache\models\charmpage_base.gator
d:\vincedata\cache\models\crate01_base.gator
d:\vincedata\cache\models\crate02_base.gator
d:\vincedata\cache\models\crate03_base.gator
d:\vincedata\cache\models\dragonfly01_base.gator
d:\vincedata\cache\models\dragonfly02_base.gator
d:\vincedata\cache\models\dragonfly03_base.gator
d:\vincedata\cache\models\dragonfly04_base.gator
d:\vincedata\cache\models\dragonfly05_base.gator
d:\vincedata\cache\models\dragonfly06_base.gator
d:\vincedata\cache\models\dustbag_base.gator
d:\vincedata\cache\models\dustcluster_base.gator
d:\vincedata\cache\models\extralife_base.gator
d:\vincedata\cache\models\fallingcow_base.gator
d:\vincedata\cache\models\fanblades_base.gator
d:\vincedata\cache\models\fanboat_base.gator
d:\vincedata\cache\models\fanboatdock_base.gator
d:\vincedata\cache\models\fanboatvince_base.gator
d:\vincedata\cache\models\fanboatwake_base.gator
d:\vincedata\cache\models\interfacecharmpage_base.gator
d:\vincedata\cache\models\interfacegoldenjunebug_base.gator
d:\vincedata\cache\models\interfacemysterybox_base.gator
d:\vincedata\cache\models\ironmaiden_base.gator
d:\vincedata\cache\models\meatcleaver_base.gator
d:\vincedata\cache\models\mobhit_base.gator
d:\vincedata\cache\models\mondomole_base.gator
d:\vincedata\cache\models\mondomole_cuthorizontal_base.gator
d:\vincedata\cache\models\mondomole_cutvertical_base.gator
d:\vincedata\cache\models\mondomole_disintegrate_base.gator
d:\vincedata\cache\models\mondomole_giblets001_base.gator
d:\vincedata\cache\models\mondomound_base.gator
d:\vincedata\cache\models\moth01_base.gator
d:\vincedata\cache\models\moth02_base.gator
d:\vincedata\cache\models\moth03_base.gator
d:\vincedata\cache\models\moth04_base.gator
d:\vincedata\cache\models\moth05_base.gator
d:\vincedata\cache\models\moth06_base.gator
d:\vincedata\cache\models\mothsmall01_base.gator
d:\vincedata\cache\models\mothsmall02_base.gator
d:\vincedata\cache\models\mothsmall03_base.gator
d:\vincedata\cache\models\mothsmall04_base.gator
d:\vincedata\cache\models\mothsmall05_base.gator
d:\vincedata\cache\models\pin_base.gator
d:\vincedata\cache\models\pitchfork_base.gator
d:\vincedata\cache\models\powericon_base.gator
d:\vincedata\cache\models\projectileskull_base.gator
d:\vincedata\cache\models\scissors_base.gator
d:\vincedata\cache\models\sharktub_base.gator
d:\vincedata\cache\models\signtrolley_base.gator
d:\vincedata\cache\models\sky_bayou_base.gator
d:\vincedata\cache\models\sky_bayou_cloudplane_bottom_base.gator
d:\vincedata\cache\models\sky_bayou_cloudplane_top_base.gator
d:\vincedata\cache\models\swamppepper_base.gator
d:\vincedata\cache\models\swamptree01_base.gator
d:\vincedata\cache\models\swamptree02_base.gator
d:\vincedata\cache\models\swamptree03_base.gator
d:\vincedata\cache\models\swamptree04_base.gator
d:\vincedata\cache\models\swamptreehurricane01_base.gator
d:\vincedata\cache\models\swamptreehurricane02_base.gator
d:\vincedata\cache\models\swamptreenoroots01_base.gator
d:\vincedata\cache\models\swamptreenoroots02_base.gator
d:\vincedata\cache\models\swamptreenoroots03_base.gator
d:\vincedata\cache\models\swamptreenoroots04_base.gator
d:\vincedata\cache\models\swinghooktarget_base.gator
d:\vincedata\cache\models\switchswamp_base.gator
d:\vincedata\cache\models\toxic_base.gator
d:\vincedata\cache\models\trolley_base.gator
d:\vincedata\cache\models\truck_base.gator
d:\vincedata\cache\models\vince_base.gator
d:\vincedata\cache\models\vince_cuthorizontal_base.gator
d:\vincedata\cache\models\vince_cutvertical_base.gator
d:\vincedata\cache\models\vince_disintegrate_base.gator
d:\vincedata\cache\models\vince_poked_base.gator
d:\vincedata\cache\models\vince_shadow_base.gator
d:\vincedata\cache\models\vinceairplane_base.gator
