d:\vincedata\cache\sounds\boomerang.wav
d:\vincedata\cache\sounds\boomerang_ting.wav
d:\vincedata\cache\sounds\cc_amb01.wav
d:\vincedata\cache\sounds\extralife.wav
d:\vincedata\cache\sounds\floorswitch.wav
d:\vincedata\cache\sounds\frontbutton.wav
d:\vincedata\cache\sounds\frontdialog.wav
d:\vincedata\cache\sounds\frontdown.wav
d:\vincedata\cache\sounds\frontfocus.wav
d:\vincedata\cache\sounds\frontup.wav
d:\vincedata\cache\sounds\imp_appr.wav
d:\vincedata\cache\sounds\imp_block.wav
d:\vincedata\cache\sounds\imp_cuth.wav
d:\vincedata\cache\sounds\imp_cutv.wav
d:\vincedata\cache\sounds\imp_disdth.wav
d:\vincedata\cache\sounds\imp_flatdam.wav
d:\vincedata\cache\sounds\imp_growl01.wav
d:\vincedata\cache\sounds\imp_growl02.wav
d:\vincedata\cache\sounds\imp_headbutt.wav
d:\vincedata\cache\sounds\imp_hop.wav
d:\vincedata\cache\sounds\imp_hop01.wav
d:\vincedata\cache\sounds\imp_hop02.wav
d:\vincedata\cache\sounds\imp_jackh.wav
d:\vincedata\cache\sounds\imp_kickdam.wav
d:\vincedata\cache\sounds\imp_twist.wav
d:\vincedata\cache\sounds\impattackslash.wav
d:\vincedata\cache\sounds\impdamage.wav
d:\vincedata\cache\sounds\impdance.wav
d:\vincedata\cache\sounds\impdeath.wav
d:\vincedata\cache\sounds\impidle.wav
d:\vincedata\cache\sounds\intbagpup.wav
d:\vincedata\cache\sounds\intbeadpup.wav
d:\vincedata\cache\sounds\intbeadpup2.wav
d:\vincedata\cache\sounds\intbeadpup3.wav
d:\vincedata\cache\sounds\intboxapp.wav
d:\vincedata\cache\sounds\intbugcaut.wav
d:\vincedata\cache\sounds\intflyoff.wav
d:\vincedata\cache\sounds\intflyon.wav
d:\vincedata\cache\sounds\intgainheal.wav
d:\vincedata\cache\sounds\intgetbag.wav
d:\vincedata\cache\sounds\intloseheal.wav
d:\vincedata\cache\sounds\intlowheal.wav
d:\vincedata\cache\sounds\intmotepup.wav
d:\vincedata\cache\sounds\intnowhammy.wav
d:\vincedata\cache\sounds\intpage.wav
d:\vincedata\cache\sounds\intpause.wav
d:\vincedata\cache\sounds\intpowicon.wav
d:\vincedata\cache\sounds\intpowread.wav
d:\vincedata\cache\sounds\intswitch.wav
d:\vincedata\cache\sounds\inttrolact.wav
d:\vincedata\cache\sounds\inttrolarr.wav
d:\vincedata\cache\sounds\inttrolcur.wav
d:\vincedata\cache\sounds\inttroldep.wav
d:\vincedata\cache\sounds\moleattack.wav
d:\vincedata\cache\sounds\moleattackalt.wav
d:\vincedata\cache\sounds\moleblock.wav
d:\vincedata\cache\sounds\moleburst.wav
d:\vincedata\cache\sounds\molecuth.wav
d:\vincedata\cache\sounds\molecutv.wav
d:\vincedata\cache\sounds\moledam03.wav
d:\vincedata\cache\sounds\moledamage.wav
d:\vincedata\cache\sounds\moledamflat.wav
d:\vincedata\cache\sounds\moledamjack.wav
d:\vincedata\cache\sounds\moledamkick.wav
d:\vincedata\cache\sounds\moledamtwis.wav
d:\vincedata\cache\sounds\moledeath.wav
d:\vincedata\cache\sounds\moledis.wav
d:\vincedata\cache\sounds\moledisdth.wav
d:\vincedata\cache\sounds\moleidle01.wav
d:\vincedata\cache\sounds\molelaugh.wav
d:\vincedata\cache\sounds\molepowdam.wav
d:\vincedata\cache\sounds\molepreatt_alt.wav
d:\vincedata\cache\sounds\molepreattack.wav
d:\vincedata\cache\sounds\molewindup.wav
d:\vincedata\cache\sounds\monsterpoof.wav
d:\vincedata\cache\sounds\monsterpush.wav
d:\vincedata\cache\sounds\powacid.wav
d:\vincedata\cache\sounds\powappear.wav
d:\vincedata\cache\sounds\powarrow.wav
d:\vincedata\cache\sounds\powblender.wav
d:\vincedata\cache\sounds\powdeatharea.wav
d:\vincedata\cache\sounds\powdisappea.wav
d:\vincedata\cache\sounds\powdrill.wav
d:\vincedata\cache\sounds\powin.wav
d:\vincedata\cache\sounds\powjackham.wav
d:\vincedata\cache\sounds\powjunk.wav
d:\vincedata\cache\sounds\powlaxative.wav
d:\vincedata\cache\sounds\powmallet.wav
d:\vincedata\cache\sounds\powout.wav
d:\vincedata\cache\sounds\powpin.wav
d:\vincedata\cache\sounds\powpinata.wav
d:\vincedata\cache\sounds\powprojectile.wav
d:\vincedata\cache\sounds\powtornado.wav
d:\vincedata\cache\sounds\powwrecball.wav
d:\vincedata\cache\sounds\puddlesplash01.wav
d:\vincedata\cache\sounds\puddlesplash02.wav
d:\vincedata\cache\sounds\puddlesplash03.wav
d:\vincedata\cache\sounds\qms_vburn.wav
d:\vincedata\cache\sounds\qms_vignite.wav
d:\vincedata\cache\sounds\spikeeye.wav
d:\vincedata\cache\sounds\spinimp.wav
d:\vincedata\cache\sounds\textappears.wav
d:\vincedata\cache\sounds\timertik.wav
d:\vincedata\cache\sounds\v_idle04.wav
d:\vincedata\cache\sounds\vbelch.wav
d:\vincedata\cache\sounds\vblock01.wav
d:\vincedata\cache\sounds\vblock02.wav
d:\vincedata\cache\sounds\vblow.wav
d:\vincedata\cache\sounds\vboomret.wav
d:\vincedata\cache\sounds\vboomthrow.wav
d:\vincedata\cache\sounds\vbounce.wav
d:\vincedata\cache\sounds\vbrush.wav
d:\vincedata\cache\sounds\vbutt.wav
d:\vincedata\cache\sounds\vceleb006.wav
d:\vincedata\cache\sounds\vcelebrate.wav
d:\vincedata\cache\sounds\vcloth.wav
d:\vincedata\cache\sounds\vdamage01.wav
d:\vincedata\cache\sounds\vdamage02.wav
d:\vincedata\cache\sounds\vdamage03.wav
d:\vincedata\cache\sounds\vdeath01.wav
d:\vincedata\cache\sounds\vdeath02.wav
d:\vincedata\cache\sounds\vdeath03.wav
d:\vincedata\cache\sounds\vdeath04.wav
d:\vincedata\cache\sounds\vdeathdrown.wav
d:\vincedata\cache\sounds\veyemov.wav
d:\vincedata\cache\sounds\vfadein.wav
d:\vincedata\cache\sounds\vhardland.wav
d:\vincedata\cache\sounds\vhover.wav
d:\vincedata\cache\sounds\vincarr1.wav
d:\vincedata\cache\sounds\vincarr2.wav
d:\vincedata\cache\sounds\vincarr3.wav
d:\vincedata\cache\sounds\vincarr4.wav
d:\vincedata\cache\sounds\vincespinmove01.wav
d:\vincedata\cache\sounds\vincespinmove02.wav
d:\vincedata\cache\sounds\vincespinmove03.wav
d:\vincedata\cache\sounds\vjump01.wav
d:\vincedata\cache\sounds\vjump02.wav
d:\vincedata\cache\sounds\vjump03.wav
d:\vincedata\cache\sounds\vpolish.wav
d:\vincedata\cache\sounds\vpopup.wav
d:\vincedata\cache\sounds\vpunchimp01.wav
d:\vincedata\cache\sounds\vpunchimp02.wav
d:\vincedata\cache\sounds\vpunchimp03.wav
d:\vincedata\cache\sounds\vpunchsws01.wav
d:\vincedata\cache\sounds\vpunchsws02.wav
d:\vincedata\cache\sounds\vpunchsws03.wav
d:\vincedata\cache\sounds\vquip_damage_01.wav
d:\vincedata\cache\sounds\vquip_damage_03.wav
d:\vincedata\cache\sounds\vquip_damage_04.wav
d:\vincedata\cache\sounds\vquip_damage_05.wav
d:\vincedata\cache\sounds\vquip_damage_07.wav
d:\vincedata\cache\sounds\vquip_damage_08.wav
d:\vincedata\cache\sounds\vquip_damage_09.wav
d:\vincedata\cache\sounds\vquip_damage_11.wav
d:\vincedata\cache\sounds\vquip_damage_13.wav
d:\vincedata\cache\sounds\vquip_damage_19.wav
d:\vincedata\cache\sounds\vquip_damage_20.wav
d:\vincedata\cache\sounds\vquip_damage_21.wav
d:\vincedata\cache\sounds\vquip_damage_23.wav
d:\vincedata\cache\sounds\vquip_damage_28.wav
d:\vincedata\cache\sounds\vquip_damage_29.wav
d:\vincedata\cache\sounds\vquip_life_03.wav
d:\vincedata\cache\sounds\vquip_life_04.wav
d:\vincedata\cache\sounds\vquip_life_07.wav
d:\vincedata\cache\sounds\vquip_life_08.wav
d:\vincedata\cache\sounds\vquip_life_09.wav
d:\vincedata\cache\sounds\vquip_life_11.wav
d:\vincedata\cache\sounds\vquip_life_12.wav
d:\vincedata\cache\sounds\vquip_life_13.wav
d:\vincedata\cache\sounds\vquip_mdeath_01.wav
d:\vincedata\cache\sounds\vquip_mdeath_03.wav
d:\vincedata\cache\sounds\vquip_mdeath_05.wav
d:\vincedata\cache\sounds\vquip_mdeath_07.wav
d:\vincedata\cache\sounds\vquip_mdeath_09.wav
d:\vincedata\cache\sounds\vquip_mdeath_12.wav
d:\vincedata\cache\sounds\vquip_mdeath_13.wav
d:\vincedata\cache\sounds\vquip_pickup_01.wav
d:\vincedata\cache\sounds\vquip_pickup_03.wav
d:\vincedata\cache\sounds\vquip_pickup_05.wav
d:\vincedata\cache\sounds\vquip_pickup_07.wav
d:\vincedata\cache\sounds\vquip_pickup_08.wav
d:\vincedata\cache\sounds\vquip_pickup_09.wav
d:\vincedata\cache\sounds\vquip_pickup_11.wav
d:\vincedata\cache\sounds\vquip_pickup_13.wav
d:\vincedata\cache\sounds\vquip_pickup_15.wav
d:\vincedata\cache\sounds\vquip_pickup_16.wav
d:\vincedata\cache\sounds\vquip_pickup_17.wav
d:\vincedata\cache\sounds\vslamimp.wav
d:\vincedata\cache\sounds\vslamstart.wav
d:\vincedata\cache\sounds\vsoftland.wav
d:\vincedata\cache\sounds\vspikeeye.wav
d:\vincedata\cache\sounds\vspinimp.wav
d:\vincedata\cache\sounds\vsplash.wav
d:\vincedata\cache\sounds\vstep01_01.wav
d:\vincedata\cache\sounds\vstep01_02.wav
d:\vincedata\cache\sounds\vstep01_03.wav
d:\vincedata\cache\sounds\vstep01_04.wav
d:\vincedata\cache\sounds\vstep01_05.wav
d:\vincedata\cache\sounds\vstep01_06.wav
d:\vincedata\cache\sounds\vstep02_01.wav
d:\vincedata\cache\sounds\vstep02_02.wav
d:\vincedata\cache\sounds\vstep02_03.wav
d:\vincedata\cache\sounds\vstep02_04.wav
d:\vincedata\cache\sounds\vstep02_05.wav
d:\vincedata\cache\sounds\vstep02_06.wav
d:\vincedata\cache\sounds\vstep03_01.wav
d:\vincedata\cache\sounds\vstep03_02.wav
d:\vincedata\cache\sounds\vstep03_03.wav
d:\vincedata\cache\sounds\vstep03_04.wav
d:\vincedata\cache\sounds\vstep03_05.wav
d:\vincedata\cache\sounds\vstep03_06.wav
d:\vincedata\cache\sounds\vstep04_01.wav
d:\vincedata\cache\sounds\vstep04_02.wav
d:\vincedata\cache\sounds\vstep04_03.wav
d:\vincedata\cache\sounds\vstep04_04.wav
d:\vincedata\cache\sounds\vstep04_05.wav
d:\vincedata\cache\sounds\vstep04_06.wav
d:\vincedata\cache\sounds\vstep05_01.wav
d:\vincedata\cache\sounds\vstep05_02.wav
d:\vincedata\cache\sounds\vstep05_03.wav
d:\vincedata\cache\sounds\vstep05_04.wav
d:\vincedata\cache\sounds\vstep05_05.wav
d:\vincedata\cache\sounds\vstep05_06.wav
d:\vincedata\cache\sounds\vstep06_01.wav
d:\vincedata\cache\sounds\vstep06_02.wav
d:\vincedata\cache\sounds\vstep06_03.wav
d:\vincedata\cache\sounds\vstep06_04.wav
d:\vincedata\cache\sounds\vstep06_05.wav
d:\vincedata\cache\sounds\vstep06_06.wav
d:\vincedata\cache\sounds\vstep07_01.wav
d:\vincedata\cache\sounds\vstep07_02.wav
d:\vincedata\cache\sounds\vstep07_03.wav
d:\vincedata\cache\sounds\vstep07_04.wav
d:\vincedata\cache\sounds\vstep07_05.wav
d:\vincedata\cache\sounds\vstep07_06.wav
d:\vincedata\cache\sounds\vthumb.wav
d:\vincedata\cache\sounds\vtosseye.wav
