d:\vincedata\cache\sounds\charmaine_q_b_01.wav
d:\vincedata\cache\sounds\charmaine_q_b_02.wav
d:\vincedata\cache\sounds\charmaine_q_b_03.wav
d:\vincedata\cache\sounds\charmaine_q_b_04.wav
d:\vincedata\cache\sounds\charmaine_q_cy_01.wav
d:\vincedata\cache\sounds\charmaine_q_cy_02.wav
d:\vincedata\cache\sounds\charmaine_q_cy_03.wav
d:\vincedata\cache\sounds\gdmattack.wav
d:\vincedata\cache\sounds\gdmdamage.wav
d:\vincedata\cache\sounds\gdmdeath.wav
d:\vincedata\cache\sounds\gdmgrowl01.wav
d:\vincedata\cache\sounds\gdmgrowl02.wav
d:\vincedata\cache\sounds\gdmpowdam.wav
d:\vincedata\cache\sounds\gdmspinattack.wav
d:\vincedata\cache\sounds\gdmwindup.wav
d:\vincedata\cache\sounds\qb_blendrun.wav
d:\vincedata\cache\sounds\qb_blendstp.wav
d:\vincedata\cache\sounds\qb_blendstr.wav
d:\vincedata\cache\sounds\qb_conveyor.wav
d:\vincedata\cache\sounds\qb_dooropen.wav
d:\vincedata\cache\sounds\qb_doorpartial.wav
d:\vincedata\cache\sounds\qb_oven.wav
d:\vincedata\cache\sounds\qb_ovendoor.wav
d:\vincedata\cache\sounds\qb_sacchut.wav
d:\vincedata\cache\sounds\qb_sackvinc.wav
d:\vincedata\cache\sounds\qb_sacscale.wav
d:\vincedata\cache\sounds\qb_vgrind.wav
d:\vincedata\cache\sounds\qb_vincepop.wav
d:\vincedata\cache\sounds\qb_vscale.wav
d:\vincedata\cache\sounds\qtr_amb02.wav
d:\vincedata\cache\sounds\qtr_fount.wav
d:\vincedata\cache\sounds\qtr_gate01.wav
d:\vincedata\cache\sounds\qtr_gate02.wav
d:\vincedata\cache\sounds\vince_q_b_02.wav
d:\vincedata\cache\sounds\vince_q_b_03.wav
d:\vincedata\cache\sounds\vince_q_b_04.wav
d:\vincedata\cache\sounds\vince_q_b_05.wav
d:\vincedata\cache\sounds\vince_q_b_06.wav
d:\vincedata\cache\sounds\vince_q_cy_01.wav
