d:\vincedata\cache\anims\crawdadjimmy_askcrawdad.anim
d:\vincedata\cache\anims\crawdadjimmy_askonion.anim
d:\vincedata\cache\anims\crawdadjimmy_asksausage.anim
d:\vincedata\cache\anims\crawdadjimmy_blownaway.anim
d:\vincedata\cache\anims\crawdadjimmy_carnivalhere.anim
d:\vincedata\cache\anims\crawdadjimmy_fanraceintro.anim
d:\vincedata\cache\anims\crawdadjimmy_idle001.anim
d:\vincedata\cache\anims\crawdadjimmy_idle002.anim
d:\vincedata\cache\anims\crawdadjimmy_loserace.anim
d:\vincedata\cache\anims\crawdadjimmy_meetvince001.anim
d:\vincedata\cache\anims\crawdadjimmy_meetvince002.anim
d:\vincedata\cache\anims\crawdadjimmy_meetvince003.anim
d:\vincedata\cache\anims\crawdadjimmy_meetvince004.anim
d:\vincedata\cache\anims\crawdadjimmy_mightyfinegumbo.anim
d:\vincedata\cache\anims\crawdadjimmy_vincehasnothing.anim
d:\vincedata\cache\anims\goldenjunebug_crawdadjimmy_path.anim
d:\vincedata\cache\anims\goldenjunebug_idle.anim
d:\vincedata\cache\anims\grateexit_open.anim
d:\vincedata\cache\anims\kettle_idle.anim
d:\vincedata\cache\anims\kosmohead_crawdadjimmy01.anim
d:\vincedata\cache\anims\kosmohead_crawdadjimmy01.lightpath
d:\vincedata\cache\anims\kosmohead_crawdadjimmy02.anim
d:\vincedata\cache\anims\kosmohead_crawdadjimmy02.lightpath
d:\vincedata\cache\anims\kosmohead_crawdadjimmy03.anim
d:\vincedata\cache\anims\kosmohead_crawdadjimmy03.lightpath
d:\vincedata\cache\anims\mysterybox_idle.anim
d:\vincedata\cache\anims\rccontroller_all.anim
d:\vincedata\cache\anims\rccontroller_victorydance.anim
d:\vincedata\cache\anims\signallseeingeye_idle.anim
d:\vincedata\cache\anims\signdoublejump_idle.anim
d:\vincedata\cache\anims\signeyeview_idle.anim
d:\vincedata\cache\anims\signfanboat_idle.anim
d:\vincedata\cache\anims\signfloat_idle.anim
d:\vincedata\cache\anims\signheadslam_idle.anim
d:\vincedata\cache\anims\signjumpspin_idle.anim
d:\vincedata\cache\anims\signpunch_idle.anim
d:\vincedata\cache\anims\signshrimpsub_idle.anim
d:\vincedata\cache\anims\signspinkick_idle.anim
d:\vincedata\cache\anims\signswinghook_idle.anim
d:\vincedata\cache\anims\timbergate_open.anim
d:\vincedata\cache\anims\vince_cj_01_excuseme.anim
d:\vincedata\cache\anims\vince_cj_02_umhithere.anim
d:\vincedata\cache\anims\vince_cj_03_whatasurprise.anim
d:\vincedata\cache\anims\vince_cj_04_onionsausagecrawdad.anim
d:\vincedata\cache\anims\vince_cj_05_no.anim
d:\vincedata\cache\anims\vince_fr_01_ok_ok.anim
d:\vincedata\cache\anims\vince_fr_02_hah_inyourface.anim
d:\vincedata\cache\anims\vince_fr_03_howsabout.anim
d:\vincedata\cache\anims\vince_fr_04_greatwhatnow.anim
d:\vincedata\cache\anims\vince_fr_05_cantimagine.anim
d:\vincedata\cache\anims\vince_fr_blownaway.anim
d:\vincedata\cache\anims\vince_fr_fart.anim
d:\vincedata\cache\anims\vince_fr_hh_dropin.anim
d:\vincedata\cache\anims\weathervane_hurricane.anim
d:\vincedata\cache\anims\weathervane_idle.anim
d:\vincedata\cache\levels\crawdadjimmys\anims\camera_01.campath
d:\vincedata\cache\levels\crawdadjimmys\anims\camera_01_jc.campath
d:\vincedata\cache\levels\crawdadjimmys\anims\camera_02.campath
d:\vincedata\cache\levels\crawdadjimmys\anims\camera_02_jc.campath
d:\vincedata\cache\levels\crawdadjimmys\anims\camera_03.campath
d:\vincedata\cache\levels\crawdadjimmys\anims\camera_03_jc.campath
d:\vincedata\cache\levels\crawdadjimmys\anims\camera_04.campath
d:\vincedata\cache\levels\crawdadjimmys\anims\camera_04_jc.campath
d:\vincedata\cache\levels\crawdadjimmys\anims\camera_05.campath
d:\vincedata\cache\levels\crawdadjimmys\anims\camera_06.campath
d:\vincedata\cache\levels\crawdadjimmys\anims\camera_07.campath
d:\vincedata\cache\levels\crawdadjimmys\anims\camera_08.campath
d:\vincedata\cache\levels\crawdadjimmys\anims\camera_09.campath
d:\vincedata\cache\levels\crawdadjimmys\anims\camera_hintcrawdad.campath
d:\vincedata\cache\levels\crawdadjimmys\anims\camera_hintonion.campath
d:\vincedata\cache\levels\crawdadjimmys\anims\camera_hintsausage.campath
d:\vincedata\cache\levels\crawdadjimmys\anims\camera_jep01.campath
d:\vincedata\cache\levels\crawdadjimmys\anims\camera_jep010.campath
d:\vincedata\cache\levels\crawdadjimmys\anims\camera_jep011.campath
d:\vincedata\cache\levels\crawdadjimmys\anims\camera_jep012.campath
d:\vincedata\cache\levels\crawdadjimmys\anims\camera_jep013.campath
d:\vincedata\cache\levels\crawdadjimmys\anims\camera_jep014.campath
d:\vincedata\cache\levels\crawdadjimmys\anims\camera_jep02.campath
d:\vincedata\cache\levels\crawdadjimmys\anims\camera_jep03.campath
d:\vincedata\cache\levels\crawdadjimmys\anims\camera_jep04.campath
d:\vincedata\cache\levels\crawdadjimmys\anims\camera_jep05.campath
d:\vincedata\cache\levels\crawdadjimmys\anims\camera_jep06.campath
d:\vincedata\cache\levels\crawdadjimmys\anims\camera_jep07.campath
d:\vincedata\cache\levels\crawdadjimmys\anims\camera_jep08.campath
d:\vincedata\cache\levels\crawdadjimmys\anims\camera_jep09.campath
d:\vincedata\cache\levels\crawdadjimmys\anims\levelflythroughcam_crawdadjimmys.campath
d:\vincedata\cache\levels\crawdadjimmys\anims\pointlightlampanim_1.lightpath
d:\vincedata\cache\levels\crawdadjimmys\anims\pointlightlampanim_2.lightpath
d:\vincedata\cache\levels\crawdadjimmys\anims\pointlightlampanim_3.lightpath
d:\vincedata\cache\levels\crawdadjimmys\anims\pointlightlampanim_4.lightpath
d:\vincedata\cache\levels\crawdadjimmys\anims\pointlightlampanim_5.lightpath
d:\vincedata\cache\levels\crawdadjimmys\anims\pointlightlampanim_6.lightpath
d:\vincedata\cache\levels\crawdadjimmys\anims\pointlightlampanim_7.lightpath
d:\vincedata\cache\levels\crawdadjimmys\anims\pointlightlampanim_8.lightpath
d:\vincedata\cache\levels\crawdadjimmys\anims\pointlightlampanim_9.lightpath
