d:\vincedata\cache\anims\bubbagator_ambientbelch001.anim
d:\vincedata\cache\anims\bubbagator_ambientbreathinghard001.anim
d:\vincedata\cache\anims\bubbagator_ambientscratch001.anim
d:\vincedata\cache\anims\bubbagator_ambienttaunt001.anim
d:\vincedata\cache\anims\bubbagator_attackbelly_left.anim
d:\vincedata\cache\anims\bubbagator_attackbelly_right.anim
d:\vincedata\cache\anims\bubbagator_attackbelly_straight.anim
d:\vincedata\cache\anims\bubbagator_attackbite.anim
d:\vincedata\cache\anims\bubbagator_attacktail.anim
d:\vincedata\cache\anims\bubbagator_blockhold001.anim
d:\vincedata\cache\anims\bubbagator_blockstart001.anim
d:\vincedata\cache\anims\bubbagator_cuthorizontal_death001.anim
d:\vincedata\cache\anims\bubbagator_cuthorizontal_death002.anim
d:\vincedata\cache\anims\bubbagator_cutvertical_death001.anim
d:\vincedata\cache\anims\bubbagator_cutvertical_death002.anim
d:\vincedata\cache\anims\bubbagator_damagedeathpunch001.anim
d:\vincedata\cache\anims\bubbagator_damagedeathpunch002.anim
d:\vincedata\cache\anims\bubbagator_damagedeathpunch003.anim
d:\vincedata\cache\anims\bubbagator_damagedinjured001.anim
d:\vincedata\cache\anims\bubbagator_damageflatten001.anim
d:\vincedata\cache\anims\bubbagator_damageflatten002.anim
d:\vincedata\cache\anims\bubbagator_damageflipkick001.anim
d:\vincedata\cache\anims\bubbagator_damageflipkick002.anim
d:\vincedata\cache\anims\bubbagator_damageflipkick003.anim
d:\vincedata\cache\anims\bubbagator_damagefrozen001.anim
d:\vincedata\cache\anims\bubbagator_damagefrozenrecover001.anim
d:\vincedata\cache\anims\bubbagator_damageheadslam001.anim
d:\vincedata\cache\anims\bubbagator_damagejackhammer001.anim
d:\vincedata\cache\anims\bubbagator_damagejackhammer002.anim
d:\vincedata\cache\anims\bubbagator_damagepoked001.anim
d:\vincedata\cache\anims\bubbagator_damagepoked002.anim
d:\vincedata\cache\anims\bubbagator_damagetwister001.anim
d:\vincedata\cache\anims\bubbagator_damagetwister002.anim
d:\vincedata\cache\anims\bubbagator_disintegrate_death001.anim
d:\vincedata\cache\anims\bubbagator_idle001.anim
d:\vincedata\cache\anims\bubbagator_preattackbelly_left.anim
d:\vincedata\cache\anims\bubbagator_preattackbelly_right.anim
d:\vincedata\cache\anims\bubbagator_preattackbelly_straight.anim
d:\vincedata\cache\anims\bubbagator_preattacktail.anim
d:\vincedata\cache\anims\bubbagator_predamage001.anim
d:\vincedata\cache\anims\bubbagator_victory001.anim
d:\vincedata\cache\anims\bubbagator_victory002.anim
d:\vincedata\cache\anims\bubbagator_walk001.anim
d:\vincedata\cache\anims\doorouthouse_close.anim
d:\vincedata\cache\anims\doorouthouse_open.anim
d:\vincedata\cache\anims\doorsausage_open.anim
d:\vincedata\cache\anims\elevatoreww_idle.anim
d:\vincedata\cache\anims\fishingnet01_idle.anim
d:\vincedata\cache\anims\gatebig_open.anim
d:\vincedata\cache\anims\gatesmall01_down.anim
d:\vincedata\cache\anims\gatesmall01_up.anim
d:\vincedata\cache\anims\gatesmall02_down.anim
d:\vincedata\cache\anims\gatesmall02_up.anim
d:\vincedata\cache\anims\gatesmall03_down.anim
d:\vincedata\cache\anims\gatesmall03_up.anim
d:\vincedata\cache\anims\gatesmall04_down.anim
d:\vincedata\cache\anims\gatesmall04_up.anim
d:\vincedata\cache\anims\goldenjunebug_earthwoodwater_path.anim
d:\vincedata\cache\anims\goldenjunebug_idle.anim
d:\vincedata\cache\anims\highplats_idle.anim
d:\vincedata\cache\anims\logfloating01_idle.anim
d:\vincedata\cache\anims\logfloating01_impact.anim
d:\vincedata\cache\anims\logfloating02_idle.anim
d:\vincedata\cache\anims\logfloating02_impact.anim
d:\vincedata\cache\anims\logfloating03_idle.anim
d:\vincedata\cache\anims\logfloating03_impact.anim
d:\vincedata\cache\anims\logfloating04_idle.anim
d:\vincedata\cache\anims\logfloating04_impact.anim
d:\vincedata\cache\anims\logfloating05_idle.anim
d:\vincedata\cache\anims\logfloating05_impact.anim
d:\vincedata\cache\anims\mysterybox_idle.anim
d:\vincedata\cache\anims\ropebridge01_idle.anim
d:\vincedata\cache\anims\ropebridge02_idle.anim
d:\vincedata\cache\anims\switchboat_in.anim
d:\vincedata\cache\anims\switchboat_out.anim
d:\vincedata\cache\levels\earthwoodandwater\anims\levelflythroughcam_earthwoodandwater.campath
