d:\vincedata\cache\levels\earthwoodandwater\models\water.gator
d:\vincedata\cache\models\bubbagator_base.gator
d:\vincedata\cache\models\bubbagator_cuthorizontal_base.gator
d:\vincedata\cache\models\bubbagator_cutvertical_base.gator
d:\vincedata\cache\models\bubbagator_disintegrate_base.gator
d:\vincedata\cache\models\bubbagator_giblets001_base.gator
d:\vincedata\cache\models\doorouthouse_base.gator
d:\vincedata\cache\models\doorsausage_base.gator
d:\vincedata\cache\models\elevatoreww_base.gator
d:\vincedata\cache\models\fishingnet01_base.gator
d:\vincedata\cache\models\gatebig_base.gator
d:\vincedata\cache\models\gatesmall01_base.gator
d:\vincedata\cache\models\gatesmall02_base.gator
d:\vincedata\cache\models\gatesmall03_base.gator
d:\vincedata\cache\models\gatesmall04_base.gator
d:\vincedata\cache\models\goldenjunebug_base.gator
d:\vincedata\cache\models\highplats_base.gator
d:\vincedata\cache\models\logfloating01_base.gator
d:\vincedata\cache\models\logfloating02_base.gator
d:\vincedata\cache\models\logfloating03_base.gator
d:\vincedata\cache\models\logfloating04_base.gator
d:\vincedata\cache\models\logfloating05_base.gator
d:\vincedata\cache\models\mysterybox_base.gator
d:\vincedata\cache\models\ropebridge01_base.gator
d:\vincedata\cache\models\ropebridge02_base.gator
d:\vincedata\cache\models\switchboat_base.gator
